<!doctype html public "-//w3c//dtd html 4.0 transitional//en">
<html><head>
<title>Static Call Graph - [.\Objects\Falls Detecting.axf]</title></head>
<body><HR>
<H1>Static Call Graph for image .\Objects\Falls Detecting.axf</H1><HR>
<BR><P>#&#060CALLGRAPH&#062# ARM Linker, 5060750: Last Updated: Mon Oct 22 16:30:42 2018
<BR><P>
<H3>Maximum Stack Usage =        632 bytes + Unknown(Cycles, Untraceable Function Pointers)</H3><H3>
Call chain for Maximum Stack Depth:</H3>
main &rArr; update &rArr; up_angel &rArr; uart4_Printf &rArr; vsprintf
<P>
<H3>
Mutually Recursive functions
</H3> <LI><a href="#[2]">NMI_Handler</a>&nbsp;&nbsp;&nbsp;&rArr;&nbsp;&nbsp;&nbsp;<a href="#[2]">NMI_Handler</a><BR>
 <LI><a href="#[3]">HardFault_Handler</a>&nbsp;&nbsp;&nbsp;&rArr;&nbsp;&nbsp;&nbsp;<a href="#[3]">HardFault_Handler</a><BR>
 <LI><a href="#[4]">MemManage_Handler</a>&nbsp;&nbsp;&nbsp;&rArr;&nbsp;&nbsp;&nbsp;<a href="#[4]">MemManage_Handler</a><BR>
 <LI><a href="#[5]">BusFault_Handler</a>&nbsp;&nbsp;&nbsp;&rArr;&nbsp;&nbsp;&nbsp;<a href="#[5]">BusFault_Handler</a><BR>
 <LI><a href="#[6]">UsageFault_Handler</a>&nbsp;&nbsp;&nbsp;&rArr;&nbsp;&nbsp;&nbsp;<a href="#[6]">UsageFault_Handler</a><BR>
 <LI><a href="#[7]">SVC_Handler</a>&nbsp;&nbsp;&nbsp;&rArr;&nbsp;&nbsp;&nbsp;<a href="#[7]">SVC_Handler</a><BR>
 <LI><a href="#[8]">DebugMon_Handler</a>&nbsp;&nbsp;&nbsp;&rArr;&nbsp;&nbsp;&nbsp;<a href="#[8]">DebugMon_Handler</a><BR>
 <LI><a href="#[9]">PendSV_Handler</a>&nbsp;&nbsp;&nbsp;&rArr;&nbsp;&nbsp;&nbsp;<a href="#[9]">PendSV_Handler</a><BR>
 <LI><a href="#[a]">SysTick_Handler</a>&nbsp;&nbsp;&nbsp;&rArr;&nbsp;&nbsp;&nbsp;<a href="#[a]">SysTick_Handler</a><BR>
 <LI><a href="#[f4]">LOG_Push</a>&nbsp;&nbsp;&nbsp;&rArr;&nbsp;&nbsp;&nbsp;<a href="#[dd]">__aeabi_assert</a><BR>
 <LI><a href="#[fa]">UART_ReadBlocking</a>&nbsp;&nbsp;&nbsp;&rArr;&nbsp;&nbsp;&nbsp;<a href="#[dd]">__aeabi_assert</a><BR>
</UL>
<P>
<H3>
Function Pointers
</H3><UL>
 <LI><a href="#[32]">ADC0_IRQHandler</a> from startup_mk64f12.o(.text) referenced from startup_mk64f12.o(RESET)
 <LI><a href="#[54]">ADC1_IRQHandler</a> from startup_mk64f12.o(.text) referenced from startup_mk64f12.o(RESET)
 <LI><a href="#[5]">BusFault_Handler</a> from startup_mk64f12.o(.text) referenced from startup_mk64f12.o(RESET)
 <LI><a href="#[57]">CAN0_Bus_Off_IRQHandler</a> from startup_mk64f12.o(.text) referenced from startup_mk64f12.o(RESET)
 <LI><a href="#[8b]">CAN0_DriverIRQHandler</a> from startup_mk64f12.o(.text) referenced from startup_mk64f12.o(.text)
 <LI><a href="#[58]">CAN0_Error_IRQHandler</a> from startup_mk64f12.o(.text) referenced from startup_mk64f12.o(RESET)
 <LI><a href="#[56]">CAN0_ORed_Message_buffer_IRQHandler</a> from startup_mk64f12.o(.text) referenced from startup_mk64f12.o(RESET)
 <LI><a href="#[5a]">CAN0_Rx_Warning_IRQHandler</a> from startup_mk64f12.o(.text) referenced from startup_mk64f12.o(RESET)
 <LI><a href="#[59]">CAN0_Tx_Warning_IRQHandler</a> from startup_mk64f12.o(.text) referenced from startup_mk64f12.o(RESET)
 <LI><a href="#[5b]">CAN0_Wake_Up_IRQHandler</a> from startup_mk64f12.o(.text) referenced from startup_mk64f12.o(RESET)
 <LI><a href="#[33]">CMP0_IRQHandler</a> from startup_mk64f12.o(.text) referenced from startup_mk64f12.o(RESET)
 <LI><a href="#[34]">CMP1_IRQHandler</a> from startup_mk64f12.o(.text) referenced from startup_mk64f12.o(RESET)
 <LI><a href="#[51]">CMP2_IRQHandler</a> from startup_mk64f12.o(.text) referenced from startup_mk64f12.o(RESET)
 <LI><a href="#[38]">CMT_IRQHandler</a> from startup_mk64f12.o(.text) referenced from startup_mk64f12.o(RESET)
 <LI><a href="#[43]">DAC0_IRQHandler</a> from startup_mk64f12.o(.text) referenced from startup_mk64f12.o(RESET)
 <LI><a href="#[53]">DAC1_IRQHandler</a> from startup_mk64f12.o(.text) referenced from startup_mk64f12.o(RESET)
 <LI><a href="#[65]">DMA0_DriverIRQHandler</a> from fsl_edma.o(i.DMA0_DriverIRQHandler) referenced from startup_mk64f12.o(.text)
 <LI><a href="#[b]">DMA0_IRQHandler</a> from startup_mk64f12.o(.text) referenced from startup_mk64f12.o(RESET)
 <LI><a href="#[6f]">DMA10_DriverIRQHandler</a> from fsl_edma.o(i.DMA10_DriverIRQHandler) referenced from startup_mk64f12.o(.text)
 <LI><a href="#[15]">DMA10_IRQHandler</a> from startup_mk64f12.o(.text) referenced from startup_mk64f12.o(RESET)
 <LI><a href="#[70]">DMA11_DriverIRQHandler</a> from fsl_edma.o(i.DMA11_DriverIRQHandler) referenced from startup_mk64f12.o(.text)
 <LI><a href="#[16]">DMA11_IRQHandler</a> from startup_mk64f12.o(.text) referenced from startup_mk64f12.o(RESET)
 <LI><a href="#[71]">DMA12_DriverIRQHandler</a> from fsl_edma.o(i.DMA12_DriverIRQHandler) referenced from startup_mk64f12.o(.text)
 <LI><a href="#[17]">DMA12_IRQHandler</a> from startup_mk64f12.o(.text) referenced from startup_mk64f12.o(RESET)
 <LI><a href="#[72]">DMA13_DriverIRQHandler</a> from fsl_edma.o(i.DMA13_DriverIRQHandler) referenced from startup_mk64f12.o(.text)
 <LI><a href="#[18]">DMA13_IRQHandler</a> from startup_mk64f12.o(.text) referenced from startup_mk64f12.o(RESET)
 <LI><a href="#[73]">DMA14_DriverIRQHandler</a> from fsl_edma.o(i.DMA14_DriverIRQHandler) referenced from startup_mk64f12.o(.text)
 <LI><a href="#[19]">DMA14_IRQHandler</a> from startup_mk64f12.o(.text) referenced from startup_mk64f12.o(RESET)
 <LI><a href="#[74]">DMA15_DriverIRQHandler</a> from fsl_edma.o(i.DMA15_DriverIRQHandler) referenced from startup_mk64f12.o(.text)
 <LI><a href="#[1a]">DMA15_IRQHandler</a> from startup_mk64f12.o(.text) referenced from startup_mk64f12.o(RESET)
 <LI><a href="#[66]">DMA1_DriverIRQHandler</a> from fsl_edma.o(i.DMA1_DriverIRQHandler) referenced from startup_mk64f12.o(.text)
 <LI><a href="#[c]">DMA1_IRQHandler</a> from startup_mk64f12.o(.text) referenced from startup_mk64f12.o(RESET)
 <LI><a href="#[67]">DMA2_DriverIRQHandler</a> from fsl_edma.o(i.DMA2_DriverIRQHandler) referenced from startup_mk64f12.o(.text)
 <LI><a href="#[d]">DMA2_IRQHandler</a> from startup_mk64f12.o(.text) referenced from startup_mk64f12.o(RESET)
 <LI><a href="#[68]">DMA3_DriverIRQHandler</a> from fsl_edma.o(i.DMA3_DriverIRQHandler) referenced from startup_mk64f12.o(.text)
 <LI><a href="#[e]">DMA3_IRQHandler</a> from startup_mk64f12.o(.text) referenced from startup_mk64f12.o(RESET)
 <LI><a href="#[69]">DMA4_DriverIRQHandler</a> from fsl_edma.o(i.DMA4_DriverIRQHandler) referenced from startup_mk64f12.o(.text)
 <LI><a href="#[f]">DMA4_IRQHandler</a> from startup_mk64f12.o(.text) referenced from startup_mk64f12.o(RESET)
 <LI><a href="#[6a]">DMA5_DriverIRQHandler</a> from fsl_edma.o(i.DMA5_DriverIRQHandler) referenced from startup_mk64f12.o(.text)
 <LI><a href="#[10]">DMA5_IRQHandler</a> from startup_mk64f12.o(.text) referenced from startup_mk64f12.o(RESET)
 <LI><a href="#[6b]">DMA6_DriverIRQHandler</a> from fsl_edma.o(i.DMA6_DriverIRQHandler) referenced from startup_mk64f12.o(.text)
 <LI><a href="#[11]">DMA6_IRQHandler</a> from startup_mk64f12.o(.text) referenced from startup_mk64f12.o(RESET)
 <LI><a href="#[6c]">DMA7_DriverIRQHandler</a> from fsl_edma.o(i.DMA7_DriverIRQHandler) referenced from startup_mk64f12.o(.text)
 <LI><a href="#[12]">DMA7_IRQHandler</a> from startup_mk64f12.o(.text) referenced from startup_mk64f12.o(RESET)
 <LI><a href="#[6d]">DMA8_DriverIRQHandler</a> from fsl_edma.o(i.DMA8_DriverIRQHandler) referenced from startup_mk64f12.o(.text)
 <LI><a href="#[13]">DMA8_IRQHandler</a> from startup_mk64f12.o(.text) referenced from startup_mk64f12.o(RESET)
 <LI><a href="#[6e]">DMA9_DriverIRQHandler</a> from fsl_edma.o(i.DMA9_DriverIRQHandler) referenced from startup_mk64f12.o(.text)
 <LI><a href="#[14]">DMA9_IRQHandler</a> from startup_mk64f12.o(.text) referenced from startup_mk64f12.o(RESET)
 <LI><a href="#[75]">DMA_Error_DriverIRQHandler</a> from startup_mk64f12.o(.text) referenced from startup_mk64f12.o(.text)
 <LI><a href="#[1b]">DMA_Error_IRQHandler</a> from startup_mk64f12.o(.text) referenced from startup_mk64f12.o(RESET)
 <LI><a href="#[91]">DbgConsole_RelocateLog</a> from fsl_debug_console.o(i.DbgConsole_RelocateLog) referenced from fsl_debug_console.o(i.DbgConsole_Printf)
 <LI><a href="#[8]">DebugMon_Handler</a> from startup_mk64f12.o(.text) referenced from startup_mk64f12.o(RESET)
 <LI><a href="#[61]">DefaultISR</a> from startup_mk64f12.o(.text) referenced from startup_mk64f12.o(.text)
 <LI><a href="#[61]">DefaultISR</a> from startup_mk64f12.o(.text) referenced 153 times from startup_mk64f12.o(RESET)
 <LI><a href="#[8d]">ENET_1588_Timer_DriverIRQHandler</a> from startup_mk64f12.o(.text) referenced from startup_mk64f12.o(.text)
 <LI><a href="#[5d]">ENET_1588_Timer_IRQHandler</a> from startup_mk64f12.o(.text) referenced from startup_mk64f12.o(RESET)
 <LI><a href="#[90]">ENET_Error_DriverIRQHandler</a> from startup_mk64f12.o(.text) referenced from startup_mk64f12.o(.text)
 <LI><a href="#[60]">ENET_Error_IRQHandler</a> from startup_mk64f12.o(.text) referenced from startup_mk64f12.o(RESET)
 <LI><a href="#[8f]">ENET_Receive_DriverIRQHandler</a> from startup_mk64f12.o(.text) referenced from startup_mk64f12.o(.text)
 <LI><a href="#[5f]">ENET_Receive_IRQHandler</a> from startup_mk64f12.o(.text) referenced from startup_mk64f12.o(RESET)
 <LI><a href="#[8e]">ENET_Transmit_DriverIRQHandler</a> from startup_mk64f12.o(.text) referenced from startup_mk64f12.o(.text)
 <LI><a href="#[5e]">ENET_Transmit_IRQHandler</a> from startup_mk64f12.o(.text) referenced from startup_mk64f12.o(RESET)
 <LI><a href="#[1d]">FTFE_IRQHandler</a> from startup_mk64f12.o(.text) referenced from startup_mk64f12.o(RESET)
 <LI><a href="#[35]">FTM0_IRQHandler</a> from startup_mk64f12.o(.text) referenced from startup_mk64f12.o(RESET)
 <LI><a href="#[36]">FTM1_IRQHandler</a> from startup_mk64f12.o(.text) referenced from startup_mk64f12.o(RESET)
 <LI><a href="#[37]">FTM2_IRQHandler</a> from startup_mk64f12.o(.text) referenced from startup_mk64f12.o(RESET)
 <LI><a href="#[52]">FTM3_IRQHandler</a> from startup_mk64f12.o(.text) referenced from startup_mk64f12.o(RESET)
 <LI><a href="#[3]">HardFault_Handler</a> from startup_mk64f12.o(.text) referenced from startup_mk64f12.o(RESET)
 <LI><a href="#[76]">I2C0_DriverIRQHandler</a> from startup_mk64f12.o(.text) referenced from startup_mk64f12.o(.text)
 <LI><a href="#[23]">I2C0_IRQHandler</a> from startup_mk64f12.o(.text) referenced from startup_mk64f12.o(RESET)
 <LI><a href="#[77]">I2C1_DriverIRQHandler</a> from startup_mk64f12.o(.text) referenced from startup_mk64f12.o(.text)
 <LI><a href="#[24]">I2C1_IRQHandler</a> from startup_mk64f12.o(.text) referenced from startup_mk64f12.o(RESET)
 <LI><a href="#[8a]">I2C2_DriverIRQHandler</a> from startup_mk64f12.o(.text) referenced from startup_mk64f12.o(.text)
 <LI><a href="#[55]">I2C2_IRQHandler</a> from startup_mk64f12.o(.text) referenced from startup_mk64f12.o(RESET)
 <LI><a href="#[7b]">I2S0_Rx_DriverIRQHandler</a> from startup_mk64f12.o(.text) referenced from startup_mk64f12.o(.text)
 <LI><a href="#[28]">I2S0_Rx_IRQHandler</a> from startup_mk64f12.o(.text) referenced from startup_mk64f12.o(RESET)
 <LI><a href="#[7a]">I2S0_Tx_DriverIRQHandler</a> from startup_mk64f12.o(.text) referenced from startup_mk64f12.o(.text)
 <LI><a href="#[27]">I2S0_Tx_IRQHandler</a> from startup_mk64f12.o(.text) referenced from startup_mk64f12.o(RESET)
 <LI><a href="#[92]">KSDK_UART_NonBlockingCallback</a> from fsl_uart_cmsis.o(i.KSDK_UART_NonBlockingCallback) referenced from fsl_uart_cmsis.o(i.UART_NonBlockingPowerControl)
 <LI><a href="#[20]">LLWU_IRQHandler</a> from startup_mk64f12.o(.text) referenced from startup_mk64f12.o(RESET)
 <LI><a href="#[45]">LPTMR0_IRQHandler</a> from startup_mk64f12.o(.text) referenced from startup_mk64f12.o(RESET)
 <LI><a href="#[1f]">LVD_LVW_IRQHandler</a> from startup_mk64f12.o(.text) referenced from startup_mk64f12.o(RESET)
 <LI><a href="#[44]">MCG_IRQHandler</a> from startup_mk64f12.o(.text) referenced from startup_mk64f12.o(RESET)
 <LI><a href="#[1c]">MCM_IRQHandler</a> from startup_mk64f12.o(.text) referenced from startup_mk64f12.o(RESET)
 <LI><a href="#[4]">MemManage_Handler</a> from startup_mk64f12.o(.text) referenced from startup_mk64f12.o(RESET)
 <LI><a href="#[2]">NMI_Handler</a> from startup_mk64f12.o(.text) referenced from startup_mk64f12.o(RESET)
 <LI><a href="#[3f]">PDB0_IRQHandler</a> from startup_mk64f12.o(.text) referenced from startup_mk64f12.o(RESET)
 <LI><a href="#[3b]">PIT0_IRQHandler</a> from main.o(i.PIT0_IRQHandler) referenced from startup_mk64f12.o(RESET)
 <LI><a href="#[3c]">PIT1_IRQHandler</a> from startup_mk64f12.o(.text) referenced from startup_mk64f12.o(RESET)
 <LI><a href="#[3d]">PIT2_IRQHandler</a> from startup_mk64f12.o(.text) referenced from startup_mk64f12.o(RESET)
 <LI><a href="#[3e]">PIT3_IRQHandler</a> from startup_mk64f12.o(.text) referenced from startup_mk64f12.o(RESET)
 <LI><a href="#[46]">PORTA_IRQHandler</a> from gpio_input_interrupt.o(i.PORTA_IRQHandler) referenced from startup_mk64f12.o(RESET)
 <LI><a href="#[47]">PORTB_IRQHandler</a> from startup_mk64f12.o(.text) referenced from startup_mk64f12.o(RESET)
 <LI><a href="#[48]">PORTC_IRQHandler</a> from gpio_input_interrupt.o(i.PORTC_IRQHandler) referenced from startup_mk64f12.o(RESET)
 <LI><a href="#[49]">PORTD_IRQHandler</a> from startup_mk64f12.o(.text) referenced from startup_mk64f12.o(RESET)
 <LI><a href="#[4a]">PORTE_IRQHandler</a> from startup_mk64f12.o(.text) referenced from startup_mk64f12.o(RESET)
 <LI><a href="#[9]">PendSV_Handler</a> from startup_mk64f12.o(.text) referenced from startup_mk64f12.o(RESET)
 <LI><a href="#[22]">RNG_IRQHandler</a> from startup_mk64f12.o(.text) referenced from startup_mk64f12.o(RESET)
 <LI><a href="#[39]">RTC_IRQHandler</a> from startup_mk64f12.o(.text) referenced from startup_mk64f12.o(RESET)
 <LI><a href="#[3a]">RTC_Seconds_IRQHandler</a> from startup_mk64f12.o(.text) referenced from startup_mk64f12.o(RESET)
 <LI><a href="#[1e]">Read_Collision_IRQHandler</a> from startup_mk64f12.o(.text) referenced from startup_mk64f12.o(RESET)
 <LI><a href="#[42]">Reserved71_IRQHandler</a> from startup_mk64f12.o(.text) referenced from startup_mk64f12.o(RESET)
 <LI><a href="#[1]">Reset_Handler</a> from startup_mk64f12.o(.text) referenced from startup_mk64f12.o(RESET)
 <LI><a href="#[8c]">SDHC_DriverIRQHandler</a> from startup_mk64f12.o(.text) referenced from startup_mk64f12.o(.text)
 <LI><a href="#[5c]">SDHC_IRQHandler</a> from startup_mk64f12.o(.text) referenced from startup_mk64f12.o(RESET)
 <LI><a href="#[78]">SPI0_DriverIRQHandler</a> from startup_mk64f12.o(.text) referenced from startup_mk64f12.o(.text)
 <LI><a href="#[25]">SPI0_IRQHandler</a> from startup_mk64f12.o(.text) referenced from startup_mk64f12.o(RESET)
 <LI><a href="#[79]">SPI1_DriverIRQHandler</a> from startup_mk64f12.o(.text) referenced from startup_mk64f12.o(.text)
 <LI><a href="#[26]">SPI1_IRQHandler</a> from startup_mk64f12.o(.text) referenced from startup_mk64f12.o(RESET)
 <LI><a href="#[85]">SPI2_DriverIRQHandler</a> from startup_mk64f12.o(.text) referenced from startup_mk64f12.o(.text)
 <LI><a href="#[4c]">SPI2_IRQHandler</a> from startup_mk64f12.o(.text) referenced from startup_mk64f12.o(RESET)
 <LI><a href="#[7]">SVC_Handler</a> from startup_mk64f12.o(.text) referenced from startup_mk64f12.o(RESET)
 <LI><a href="#[4b]">SWI_IRQHandler</a> from startup_mk64f12.o(.text) referenced from startup_mk64f12.o(RESET)
 <LI><a href="#[a]">SysTick_Handler</a> from startup_mk64f12.o(.text) referenced from startup_mk64f12.o(RESET)
 <LI><a href="#[63]">SystemInit</a> from system_mk64f12.o(i.SystemInit) referenced from startup_mk64f12.o(.text)
 <LI><a href="#[7e]">UART0_ERR_DriverIRQHandler</a> from startup_mk64f12.o(.text) referenced from startup_mk64f12.o(.text)
 <LI><a href="#[2b]">UART0_ERR_IRQHandler</a> from startup_mk64f12.o(.text) referenced from startup_mk64f12.o(RESET)
 <LI><a href="#[98]">UART0_GetFreq</a> from cmsis_usart_interrupt_transfer.o(i.UART0_GetFreq) referenced from fsl_uart_cmsis.o(.constdata)
 <LI><a href="#[7c]">UART0_LON_DriverIRQHandler</a> from startup_mk64f12.o(.text) referenced from startup_mk64f12.o(.text)
 <LI><a href="#[29]">UART0_LON_IRQHandler</a> from startup_mk64f12.o(.text) referenced from startup_mk64f12.o(RESET)
 <LI><a href="#[a3]">UART0_NonBlockingControl</a> from fsl_uart_cmsis.o(i.UART0_NonBlockingControl) referenced from fsl_uart_cmsis.o(.constdata)
 <LI><a href="#[a2]">UART0_NonBlockingGetRxCount</a> from fsl_uart_cmsis.o(i.UART0_NonBlockingGetRxCount) referenced from fsl_uart_cmsis.o(.constdata)
 <LI><a href="#[a4]">UART0_NonBlockingGetStatus</a> from fsl_uart_cmsis.o(i.UART0_NonBlockingGetStatus) referenced from fsl_uart_cmsis.o(.constdata)
 <LI><a href="#[a1]">UART0_NonBlockingGetTxCount</a> from fsl_uart_cmsis.o(i.UART0_NonBlockingGetTxCount) referenced from fsl_uart_cmsis.o(.constdata)
 <LI><a href="#[9b]">UART0_NonBlockingInitialize</a> from fsl_uart_cmsis.o(i.UART0_NonBlockingInitialize) referenced from fsl_uart_cmsis.o(.constdata)
 <LI><a href="#[9d]">UART0_NonBlockingPowerControl</a> from fsl_uart_cmsis.o(i.UART0_NonBlockingPowerControl) referenced from fsl_uart_cmsis.o(.constdata)
 <LI><a href="#[9f]">UART0_NonBlockingReceive</a> from fsl_uart_cmsis.o(i.UART0_NonBlockingReceive) referenced from fsl_uart_cmsis.o(.constdata)
 <LI><a href="#[9e]">UART0_NonBlockingSend</a> from fsl_uart_cmsis.o(i.UART0_NonBlockingSend) referenced from fsl_uart_cmsis.o(.constdata)
 <LI><a href="#[a0]">UART0_NonBlockingTransfer</a> from fsl_uart_cmsis.o(i.UART0_NonBlockingTransfer) referenced from fsl_uart_cmsis.o(.constdata)
 <LI><a href="#[9c]">UART0_NonBlockingUninitialize</a> from fsl_uart_cmsis.o(i.UART0_NonBlockingUninitialize) referenced from fsl_uart_cmsis.o(.constdata)
 <LI><a href="#[7d]">UART0_RX_TX_DriverIRQHandler</a> from fsl_uart.o(i.UART0_RX_TX_DriverIRQHandler) referenced from startup_mk64f12.o(.text)
 <LI><a href="#[2a]">UART0_RX_TX_IRQHandler</a> from startup_mk64f12.o(.text) referenced from startup_mk64f12.o(RESET)
 <LI><a href="#[80]">UART1_ERR_DriverIRQHandler</a> from startup_mk64f12.o(.text) referenced from startup_mk64f12.o(.text)
 <LI><a href="#[2d]">UART1_ERR_IRQHandler</a> from startup_mk64f12.o(.text) referenced from startup_mk64f12.o(RESET)
 <LI><a href="#[7f]">UART1_RX_TX_DriverIRQHandler</a> from fsl_uart.o(i.UART1_RX_TX_DriverIRQHandler) referenced from startup_mk64f12.o(.text)
 <LI><a href="#[2c]">UART1_RX_TX_IRQHandler</a> from startup_mk64f12.o(.text) referenced from startup_mk64f12.o(RESET)
 <LI><a href="#[82]">UART2_ERR_DriverIRQHandler</a> from startup_mk64f12.o(.text) referenced from startup_mk64f12.o(.text)
 <LI><a href="#[2f]">UART2_ERR_IRQHandler</a> from startup_mk64f12.o(.text) referenced from startup_mk64f12.o(RESET)
 <LI><a href="#[a7]">UART2_GetFreq</a> from cmsis_usart_interrupt_transfer.o(i.UART2_GetFreq) referenced from fsl_uart_cmsis.o(.constdata)
 <LI><a href="#[b0]">UART2_NonBlockingControl</a> from fsl_uart_cmsis.o(i.UART2_NonBlockingControl) referenced from fsl_uart_cmsis.o(.constdata)
 <LI><a href="#[af]">UART2_NonBlockingGetRxCount</a> from fsl_uart_cmsis.o(i.UART2_NonBlockingGetRxCount) referenced from fsl_uart_cmsis.o(.constdata)
 <LI><a href="#[b1]">UART2_NonBlockingGetStatus</a> from fsl_uart_cmsis.o(i.UART2_NonBlockingGetStatus) referenced from fsl_uart_cmsis.o(.constdata)
 <LI><a href="#[ae]">UART2_NonBlockingGetTxCount</a> from fsl_uart_cmsis.o(i.UART2_NonBlockingGetTxCount) referenced from fsl_uart_cmsis.o(.constdata)
 <LI><a href="#[a8]">UART2_NonBlockingInitialize</a> from fsl_uart_cmsis.o(i.UART2_NonBlockingInitialize) referenced from fsl_uart_cmsis.o(.constdata)
 <LI><a href="#[aa]">UART2_NonBlockingPowerControl</a> from fsl_uart_cmsis.o(i.UART2_NonBlockingPowerControl) referenced from fsl_uart_cmsis.o(.constdata)
 <LI><a href="#[ac]">UART2_NonBlockingReceive</a> from fsl_uart_cmsis.o(i.UART2_NonBlockingReceive) referenced from fsl_uart_cmsis.o(.constdata)
 <LI><a href="#[ab]">UART2_NonBlockingSend</a> from fsl_uart_cmsis.o(i.UART2_NonBlockingSend) referenced from fsl_uart_cmsis.o(.constdata)
 <LI><a href="#[ad]">UART2_NonBlockingTransfer</a> from fsl_uart_cmsis.o(i.UART2_NonBlockingTransfer) referenced from fsl_uart_cmsis.o(.constdata)
 <LI><a href="#[a9]">UART2_NonBlockingUninitialize</a> from fsl_uart_cmsis.o(i.UART2_NonBlockingUninitialize) referenced from fsl_uart_cmsis.o(.constdata)
 <LI><a href="#[81]">UART2_RX_TX_DriverIRQHandler</a> from fsl_uart.o(i.UART2_RX_TX_DriverIRQHandler) referenced from startup_mk64f12.o(.text)
 <LI><a href="#[2e]">UART2_RX_TX_IRQHandler</a> from startup_mk64f12.o(.text) referenced from startup_mk64f12.o(RESET)
 <LI><a href="#[84]">UART3_ERR_DriverIRQHandler</a> from startup_mk64f12.o(.text) referenced from startup_mk64f12.o(.text)
 <LI><a href="#[31]">UART3_ERR_IRQHandler</a> from startup_mk64f12.o(.text) referenced from startup_mk64f12.o(RESET)
 <LI><a href="#[83]">UART3_RX_TX_DriverIRQHandler</a> from fsl_uart.o(i.UART3_RX_TX_DriverIRQHandler) referenced from startup_mk64f12.o(.text)
 <LI><a href="#[30]">UART3_RX_TX_IRQHandler</a> from startup_mk64f12.o(.text) referenced from startup_mk64f12.o(RESET)
 <LI><a href="#[87]">UART4_ERR_DriverIRQHandler</a> from startup_mk64f12.o(.text) referenced from startup_mk64f12.o(.text)
 <LI><a href="#[4e]">UART4_ERR_IRQHandler</a> from startup_mk64f12.o(.text) referenced from startup_mk64f12.o(RESET)
 <LI><a href="#[b2]">UART4_GetFreq</a> from cmsis_usart_interrupt_transfer.o(i.UART4_GetFreq) referenced from fsl_uart_cmsis.o(.constdata)
 <LI><a href="#[bb]">UART4_NonBlockingControl</a> from fsl_uart_cmsis.o(i.UART4_NonBlockingControl) referenced from fsl_uart_cmsis.o(.constdata)
 <LI><a href="#[ba]">UART4_NonBlockingGetRxCount</a> from fsl_uart_cmsis.o(i.UART4_NonBlockingGetRxCount) referenced from fsl_uart_cmsis.o(.constdata)
 <LI><a href="#[bc]">UART4_NonBlockingGetStatus</a> from fsl_uart_cmsis.o(i.UART4_NonBlockingGetStatus) referenced from fsl_uart_cmsis.o(.constdata)
 <LI><a href="#[b9]">UART4_NonBlockingGetTxCount</a> from fsl_uart_cmsis.o(i.UART4_NonBlockingGetTxCount) referenced from fsl_uart_cmsis.o(.constdata)
 <LI><a href="#[b3]">UART4_NonBlockingInitialize</a> from fsl_uart_cmsis.o(i.UART4_NonBlockingInitialize) referenced from fsl_uart_cmsis.o(.constdata)
 <LI><a href="#[b5]">UART4_NonBlockingPowerControl</a> from fsl_uart_cmsis.o(i.UART4_NonBlockingPowerControl) referenced from fsl_uart_cmsis.o(.constdata)
 <LI><a href="#[b7]">UART4_NonBlockingReceive</a> from fsl_uart_cmsis.o(i.UART4_NonBlockingReceive) referenced from fsl_uart_cmsis.o(.constdata)
 <LI><a href="#[b6]">UART4_NonBlockingSend</a> from fsl_uart_cmsis.o(i.UART4_NonBlockingSend) referenced from fsl_uart_cmsis.o(.constdata)
 <LI><a href="#[b8]">UART4_NonBlockingTransfer</a> from fsl_uart_cmsis.o(i.UART4_NonBlockingTransfer) referenced from fsl_uart_cmsis.o(.constdata)
 <LI><a href="#[b4]">UART4_NonBlockingUninitialize</a> from fsl_uart_cmsis.o(i.UART4_NonBlockingUninitialize) referenced from fsl_uart_cmsis.o(.constdata)
 <LI><a href="#[86]">UART4_RX_TX_DriverIRQHandler</a> from fsl_uart.o(i.UART4_RX_TX_DriverIRQHandler) referenced from startup_mk64f12.o(.text)
 <LI><a href="#[4d]">UART4_RX_TX_IRQHandler</a> from startup_mk64f12.o(.text) referenced from startup_mk64f12.o(RESET)
 <LI><a href="#[89]">UART5_ERR_DriverIRQHandler</a> from startup_mk64f12.o(.text) referenced from startup_mk64f12.o(.text)
 <LI><a href="#[50]">UART5_ERR_IRQHandler</a> from startup_mk64f12.o(.text) referenced from startup_mk64f12.o(RESET)
 <LI><a href="#[88]">UART5_RX_TX_DriverIRQHandler</a> from fsl_uart.o(i.UART5_RX_TX_DriverIRQHandler) referenced from startup_mk64f12.o(.text)
 <LI><a href="#[4f]">UART5_RX_TX_IRQHandler</a> from startup_mk64f12.o(.text) referenced from startup_mk64f12.o(RESET)
 <LI><a href="#[93]">UART_TransferHandleIRQ</a> from fsl_uart.o(i.UART_TransferHandleIRQ) referenced from fsl_uart.o(i.UART_TransferCreateHandle)
 <LI><a href="#[9a]">UARTx_GetCapabilities</a> from fsl_uart_cmsis.o(i.UARTx_GetCapabilities) referenced 3 times from fsl_uart_cmsis.o(.constdata)
 <LI><a href="#[a6]">UARTx_GetModemStatus</a> from fsl_uart_cmsis.o(i.UARTx_GetModemStatus) referenced 3 times from fsl_uart_cmsis.o(.constdata)
 <LI><a href="#[99]">UARTx_GetVersion</a> from fsl_uart_cmsis.o(i.UARTx_GetVersion) referenced 3 times from fsl_uart_cmsis.o(.constdata)
 <LI><a href="#[a5]">UARTx_SetModemControl</a> from fsl_uart_cmsis.o(i.UARTx_SetModemControl) referenced 3 times from fsl_uart_cmsis.o(.constdata)
 <LI><a href="#[95]">USART0_SignalEvent_t</a> from cmsis_usart_interrupt_transfer.o(i.USART0_SignalEvent_t) referenced from cmsis_usart_interrupt_transfer.o(i.uart0_init)
 <LI><a href="#[96]">USART2_SignalEvent_t</a> from cmsis_usart_interrupt_transfer.o(i.USART2_SignalEvent_t) referenced from cmsis_usart_interrupt_transfer.o(i.uart2_init)
 <LI><a href="#[97]">USART4_SignalEvent_t</a> from cmsis_usart_interrupt_transfer.o(i.USART4_SignalEvent_t) referenced from cmsis_usart_interrupt_transfer.o(i.uart4_init)
 <LI><a href="#[40]">USB0_IRQHandler</a> from startup_mk64f12.o(.text) referenced from startup_mk64f12.o(RESET)
 <LI><a href="#[41]">USBDCD_IRQHandler</a> from startup_mk64f12.o(.text) referenced from startup_mk64f12.o(RESET)
 <LI><a href="#[6]">UsageFault_Handler</a> from startup_mk64f12.o(.text) referenced from startup_mk64f12.o(RESET)
 <LI><a href="#[21]">WDOG_EWM_IRQHandler</a> from startup_mk64f12.o(.text) referenced from startup_mk64f12.o(RESET)
 <LI><a href="#[64]">__main</a> from entry.o(.ARM.Collect$$$$00000000) referenced from startup_mk64f12.o(.text)
 <LI><a href="#[94]">_sputc</a> from printfa.o(i._sputc) referenced from printfa.o(i.__0vsprintf)
 <LI><a href="#[62]">main</a> from main.o(i.main) referenced from entry9a.o(.ARM.Collect$$$$0000000B)
</UL>
<P>
<H3>
Global Symbols
</H3>
<P><STRONG><a name="[64]"></a>__main</STRONG> (Thumb, 0 bytes, Stack size unknown bytes, entry.o(.ARM.Collect$$$$00000000))
<BR>[Address Reference Count : 1]<UL><LI> startup_mk64f12.o(.text)
</UL>
<P><STRONG><a name="[16f]"></a>_main_stk</STRONG> (Thumb, 0 bytes, Stack size unknown bytes, entry4.o(.ARM.Collect$$$$00000003))

<P><STRONG><a name="[bd]"></a>_main_scatterload</STRONG> (Thumb, 0 bytes, Stack size unknown bytes, entry5.o(.ARM.Collect$$$$00000004))
<BR><BR>[Calls]<UL><LI><a href="#[be]">&gt;&gt;</a>&nbsp;&nbsp;&nbsp;__scatterload
</UL>

<P><STRONG><a name="[d1]"></a>__main_after_scatterload</STRONG> (Thumb, 0 bytes, Stack size unknown bytes, entry5.o(.ARM.Collect$$$$00000004))
<BR><BR>[Called By]<UL><LI><a href="#[be]">&gt;&gt;</a>&nbsp;&nbsp;&nbsp;__scatterload
</UL>

<P><STRONG><a name="[170]"></a>_main_clock</STRONG> (Thumb, 0 bytes, Stack size unknown bytes, entry7b.o(.ARM.Collect$$$$00000008))

<P><STRONG><a name="[171]"></a>_main_cpp_init</STRONG> (Thumb, 0 bytes, Stack size unknown bytes, entry8b.o(.ARM.Collect$$$$0000000A))

<P><STRONG><a name="[172]"></a>_main_init</STRONG> (Thumb, 0 bytes, Stack size unknown bytes, entry9a.o(.ARM.Collect$$$$0000000B))

<P><STRONG><a name="[173]"></a>__rt_final_cpp</STRONG> (Thumb, 0 bytes, Stack size unknown bytes, entry10a.o(.ARM.Collect$$$$0000000D))

<P><STRONG><a name="[174]"></a>__rt_final_exit</STRONG> (Thumb, 0 bytes, Stack size unknown bytes, entry11a.o(.ARM.Collect$$$$0000000F))

<P><STRONG><a name="[159]"></a>delay_cycles</STRONG> (Thumb, 12 bytes, Stack size 0 bytes, delay.o(.emb_text))
<BR><BR>[Called By]<UL><LI><a href="#[105]">&gt;&gt;</a>&nbsp;&nbsp;&nbsp;delay_us
</UL>

<P><STRONG><a name="[1]"></a>Reset_Handler</STRONG> (Thumb, 24 bytes, Stack size 0 bytes, startup_mk64f12.o(.text))
<BR>[Address Reference Count : 1]<UL><LI> startup_mk64f12.o(RESET)
</UL>
<P><STRONG><a name="[2]"></a>NMI_Handler</STRONG> (Thumb, 2 bytes, Stack size 0 bytes, startup_mk64f12.o(.text))
<BR><BR>[Calls]<UL><LI><a href="#[2]">&gt;&gt;</a>&nbsp;&nbsp;&nbsp;NMI_Handler
</UL>
<BR>[Called By]<UL><LI><a href="#[2]">&gt;&gt;</a>&nbsp;&nbsp;&nbsp;NMI_Handler
</UL>
<BR>[Address Reference Count : 1]<UL><LI> startup_mk64f12.o(RESET)
</UL>
<P><STRONG><a name="[3]"></a>HardFault_Handler</STRONG> (Thumb, 2 bytes, Stack size 0 bytes, startup_mk64f12.o(.text))
<BR><BR>[Calls]<UL><LI><a href="#[3]">&gt;&gt;</a>&nbsp;&nbsp;&nbsp;HardFault_Handler
</UL>
<BR>[Called By]<UL><LI><a href="#[3]">&gt;&gt;</a>&nbsp;&nbsp;&nbsp;HardFault_Handler
</UL>
<BR>[Address Reference Count : 1]<UL><LI> startup_mk64f12.o(RESET)
</UL>
<P><STRONG><a name="[4]"></a>MemManage_Handler</STRONG> (Thumb, 2 bytes, Stack size 0 bytes, startup_mk64f12.o(.text))
<BR><BR>[Calls]<UL><LI><a href="#[4]">&gt;&gt;</a>&nbsp;&nbsp;&nbsp;MemManage_Handler
</UL>
<BR>[Called By]<UL><LI><a href="#[4]">&gt;&gt;</a>&nbsp;&nbsp;&nbsp;MemManage_Handler
</UL>
<BR>[Address Reference Count : 1]<UL><LI> startup_mk64f12.o(RESET)
</UL>
<P><STRONG><a name="[5]"></a>BusFault_Handler</STRONG> (Thumb, 2 bytes, Stack size 0 bytes, startup_mk64f12.o(.text))
<BR><BR>[Calls]<UL><LI><a href="#[5]">&gt;&gt;</a>&nbsp;&nbsp;&nbsp;BusFault_Handler
</UL>
<BR>[Called By]<UL><LI><a href="#[5]">&gt;&gt;</a>&nbsp;&nbsp;&nbsp;BusFault_Handler
</UL>
<BR>[Address Reference Count : 1]<UL><LI> startup_mk64f12.o(RESET)
</UL>
<P><STRONG><a name="[6]"></a>UsageFault_Handler</STRONG> (Thumb, 2 bytes, Stack size 0 bytes, startup_mk64f12.o(.text))
<BR><BR>[Calls]<UL><LI><a href="#[6]">&gt;&gt;</a>&nbsp;&nbsp;&nbsp;UsageFault_Handler
</UL>
<BR>[Called By]<UL><LI><a href="#[6]">&gt;&gt;</a>&nbsp;&nbsp;&nbsp;UsageFault_Handler
</UL>
<BR>[Address Reference Count : 1]<UL><LI> startup_mk64f12.o(RESET)
</UL>
<P><STRONG><a name="[7]"></a>SVC_Handler</STRONG> (Thumb, 2 bytes, Stack size 0 bytes, startup_mk64f12.o(.text))
<BR><BR>[Calls]<UL><LI><a href="#[7]">&gt;&gt;</a>&nbsp;&nbsp;&nbsp;SVC_Handler
</UL>
<BR>[Called By]<UL><LI><a href="#[7]">&gt;&gt;</a>&nbsp;&nbsp;&nbsp;SVC_Handler
</UL>
<BR>[Address Reference Count : 1]<UL><LI> startup_mk64f12.o(RESET)
</UL>
<P><STRONG><a name="[8]"></a>DebugMon_Handler</STRONG> (Thumb, 2 bytes, Stack size 0 bytes, startup_mk64f12.o(.text))
<BR><BR>[Calls]<UL><LI><a href="#[8]">&gt;&gt;</a>&nbsp;&nbsp;&nbsp;DebugMon_Handler
</UL>
<BR>[Called By]<UL><LI><a href="#[8]">&gt;&gt;</a>&nbsp;&nbsp;&nbsp;DebugMon_Handler
</UL>
<BR>[Address Reference Count : 1]<UL><LI> startup_mk64f12.o(RESET)
</UL>
<P><STRONG><a name="[9]"></a>PendSV_Handler</STRONG> (Thumb, 2 bytes, Stack size 0 bytes, startup_mk64f12.o(.text))
<BR><BR>[Calls]<UL><LI><a href="#[9]">&gt;&gt;</a>&nbsp;&nbsp;&nbsp;PendSV_Handler
</UL>
<BR>[Called By]<UL><LI><a href="#[9]">&gt;&gt;</a>&nbsp;&nbsp;&nbsp;PendSV_Handler
</UL>
<BR>[Address Reference Count : 1]<UL><LI> startup_mk64f12.o(RESET)
</UL>
<P><STRONG><a name="[a]"></a>SysTick_Handler</STRONG> (Thumb, 2 bytes, Stack size 0 bytes, startup_mk64f12.o(.text))
<BR><BR>[Calls]<UL><LI><a href="#[a]">&gt;&gt;</a>&nbsp;&nbsp;&nbsp;SysTick_Handler
</UL>
<BR>[Called By]<UL><LI><a href="#[a]">&gt;&gt;</a>&nbsp;&nbsp;&nbsp;SysTick_Handler
</UL>
<BR>[Address Reference Count : 1]<UL><LI> startup_mk64f12.o(RESET)
</UL>
<P><STRONG><a name="[b]"></a>DMA0_IRQHandler</STRONG> (Thumb, 4 bytes, Stack size 0 bytes, startup_mk64f12.o(.text))
<BR>[Address Reference Count : 1]<UL><LI> startup_mk64f12.o(RESET)
</UL>
<P><STRONG><a name="[c]"></a>DMA1_IRQHandler</STRONG> (Thumb, 4 bytes, Stack size 0 bytes, startup_mk64f12.o(.text))
<BR>[Address Reference Count : 1]<UL><LI> startup_mk64f12.o(RESET)
</UL>
<P><STRONG><a name="[d]"></a>DMA2_IRQHandler</STRONG> (Thumb, 4 bytes, Stack size 0 bytes, startup_mk64f12.o(.text))
<BR>[Address Reference Count : 1]<UL><LI> startup_mk64f12.o(RESET)
</UL>
<P><STRONG><a name="[e]"></a>DMA3_IRQHandler</STRONG> (Thumb, 4 bytes, Stack size 0 bytes, startup_mk64f12.o(.text))
<BR>[Address Reference Count : 1]<UL><LI> startup_mk64f12.o(RESET)
</UL>
<P><STRONG><a name="[f]"></a>DMA4_IRQHandler</STRONG> (Thumb, 4 bytes, Stack size 0 bytes, startup_mk64f12.o(.text))
<BR>[Address Reference Count : 1]<UL><LI> startup_mk64f12.o(RESET)
</UL>
<P><STRONG><a name="[10]"></a>DMA5_IRQHandler</STRONG> (Thumb, 4 bytes, Stack size 0 bytes, startup_mk64f12.o(.text))
<BR>[Address Reference Count : 1]<UL><LI> startup_mk64f12.o(RESET)
</UL>
<P><STRONG><a name="[11]"></a>DMA6_IRQHandler</STRONG> (Thumb, 4 bytes, Stack size 0 bytes, startup_mk64f12.o(.text))
<BR>[Address Reference Count : 1]<UL><LI> startup_mk64f12.o(RESET)
</UL>
<P><STRONG><a name="[12]"></a>DMA7_IRQHandler</STRONG> (Thumb, 4 bytes, Stack size 0 bytes, startup_mk64f12.o(.text))
<BR>[Address Reference Count : 1]<UL><LI> startup_mk64f12.o(RESET)
</UL>
<P><STRONG><a name="[13]"></a>DMA8_IRQHandler</STRONG> (Thumb, 4 bytes, Stack size 0 bytes, startup_mk64f12.o(.text))
<BR>[Address Reference Count : 1]<UL><LI> startup_mk64f12.o(RESET)
</UL>
<P><STRONG><a name="[14]"></a>DMA9_IRQHandler</STRONG> (Thumb, 4 bytes, Stack size 0 bytes, startup_mk64f12.o(.text))
<BR>[Address Reference Count : 1]<UL><LI> startup_mk64f12.o(RESET)
</UL>
<P><STRONG><a name="[15]"></a>DMA10_IRQHandler</STRONG> (Thumb, 4 bytes, Stack size 0 bytes, startup_mk64f12.o(.text))
<BR>[Address Reference Count : 1]<UL><LI> startup_mk64f12.o(RESET)
</UL>
<P><STRONG><a name="[16]"></a>DMA11_IRQHandler</STRONG> (Thumb, 4 bytes, Stack size 0 bytes, startup_mk64f12.o(.text))
<BR>[Address Reference Count : 1]<UL><LI> startup_mk64f12.o(RESET)
</UL>
<P><STRONG><a name="[17]"></a>DMA12_IRQHandler</STRONG> (Thumb, 4 bytes, Stack size 0 bytes, startup_mk64f12.o(.text))
<BR>[Address Reference Count : 1]<UL><LI> startup_mk64f12.o(RESET)
</UL>
<P><STRONG><a name="[18]"></a>DMA13_IRQHandler</STRONG> (Thumb, 4 bytes, Stack size 0 bytes, startup_mk64f12.o(.text))
<BR>[Address Reference Count : 1]<UL><LI> startup_mk64f12.o(RESET)
</UL>
<P><STRONG><a name="[19]"></a>DMA14_IRQHandler</STRONG> (Thumb, 4 bytes, Stack size 0 bytes, startup_mk64f12.o(.text))
<BR>[Address Reference Count : 1]<UL><LI> startup_mk64f12.o(RESET)
</UL>
<P><STRONG><a name="[1a]"></a>DMA15_IRQHandler</STRONG> (Thumb, 4 bytes, Stack size 0 bytes, startup_mk64f12.o(.text))
<BR>[Address Reference Count : 1]<UL><LI> startup_mk64f12.o(RESET)
</UL>
<P><STRONG><a name="[1b]"></a>DMA_Error_IRQHandler</STRONG> (Thumb, 4 bytes, Stack size 0 bytes, startup_mk64f12.o(.text))
<BR>[Address Reference Count : 1]<UL><LI> startup_mk64f12.o(RESET)
</UL>
<P><STRONG><a name="[23]"></a>I2C0_IRQHandler</STRONG> (Thumb, 4 bytes, Stack size 0 bytes, startup_mk64f12.o(.text))
<BR>[Address Reference Count : 1]<UL><LI> startup_mk64f12.o(RESET)
</UL>
<P><STRONG><a name="[24]"></a>I2C1_IRQHandler</STRONG> (Thumb, 4 bytes, Stack size 0 bytes, startup_mk64f12.o(.text))
<BR>[Address Reference Count : 1]<UL><LI> startup_mk64f12.o(RESET)
</UL>
<P><STRONG><a name="[25]"></a>SPI0_IRQHandler</STRONG> (Thumb, 4 bytes, Stack size 0 bytes, startup_mk64f12.o(.text))
<BR>[Address Reference Count : 1]<UL><LI> startup_mk64f12.o(RESET)
</UL>
<P><STRONG><a name="[26]"></a>SPI1_IRQHandler</STRONG> (Thumb, 4 bytes, Stack size 0 bytes, startup_mk64f12.o(.text))
<BR>[Address Reference Count : 1]<UL><LI> startup_mk64f12.o(RESET)
</UL>
<P><STRONG><a name="[27]"></a>I2S0_Tx_IRQHandler</STRONG> (Thumb, 4 bytes, Stack size 0 bytes, startup_mk64f12.o(.text))
<BR>[Address Reference Count : 1]<UL><LI> startup_mk64f12.o(RESET)
</UL>
<P><STRONG><a name="[28]"></a>I2S0_Rx_IRQHandler</STRONG> (Thumb, 4 bytes, Stack size 0 bytes, startup_mk64f12.o(.text))
<BR>[Address Reference Count : 1]<UL><LI> startup_mk64f12.o(RESET)
</UL>
<P><STRONG><a name="[29]"></a>UART0_LON_IRQHandler</STRONG> (Thumb, 4 bytes, Stack size 0 bytes, startup_mk64f12.o(.text))
<BR>[Address Reference Count : 1]<UL><LI> startup_mk64f12.o(RESET)
</UL>
<P><STRONG><a name="[2a]"></a>UART0_RX_TX_IRQHandler</STRONG> (Thumb, 4 bytes, Stack size 0 bytes, startup_mk64f12.o(.text))
<BR>[Address Reference Count : 1]<UL><LI> startup_mk64f12.o(RESET)
</UL>
<P><STRONG><a name="[2b]"></a>UART0_ERR_IRQHandler</STRONG> (Thumb, 4 bytes, Stack size 0 bytes, startup_mk64f12.o(.text))
<BR>[Address Reference Count : 1]<UL><LI> startup_mk64f12.o(RESET)
</UL>
<P><STRONG><a name="[2c]"></a>UART1_RX_TX_IRQHandler</STRONG> (Thumb, 4 bytes, Stack size 0 bytes, startup_mk64f12.o(.text))
<BR>[Address Reference Count : 1]<UL><LI> startup_mk64f12.o(RESET)
</UL>
<P><STRONG><a name="[2d]"></a>UART1_ERR_IRQHandler</STRONG> (Thumb, 4 bytes, Stack size 0 bytes, startup_mk64f12.o(.text))
<BR>[Address Reference Count : 1]<UL><LI> startup_mk64f12.o(RESET)
</UL>
<P><STRONG><a name="[2e]"></a>UART2_RX_TX_IRQHandler</STRONG> (Thumb, 4 bytes, Stack size 0 bytes, startup_mk64f12.o(.text))
<BR>[Address Reference Count : 1]<UL><LI> startup_mk64f12.o(RESET)
</UL>
<P><STRONG><a name="[2f]"></a>UART2_ERR_IRQHandler</STRONG> (Thumb, 4 bytes, Stack size 0 bytes, startup_mk64f12.o(.text))
<BR>[Address Reference Count : 1]<UL><LI> startup_mk64f12.o(RESET)
</UL>
<P><STRONG><a name="[30]"></a>UART3_RX_TX_IRQHandler</STRONG> (Thumb, 4 bytes, Stack size 0 bytes, startup_mk64f12.o(.text))
<BR>[Address Reference Count : 1]<UL><LI> startup_mk64f12.o(RESET)
</UL>
<P><STRONG><a name="[31]"></a>UART3_ERR_IRQHandler</STRONG> (Thumb, 4 bytes, Stack size 0 bytes, startup_mk64f12.o(.text))
<BR>[Address Reference Count : 1]<UL><LI> startup_mk64f12.o(RESET)
</UL>
<P><STRONG><a name="[4c]"></a>SPI2_IRQHandler</STRONG> (Thumb, 4 bytes, Stack size 0 bytes, startup_mk64f12.o(.text))
<BR>[Address Reference Count : 1]<UL><LI> startup_mk64f12.o(RESET)
</UL>
<P><STRONG><a name="[4d]"></a>UART4_RX_TX_IRQHandler</STRONG> (Thumb, 4 bytes, Stack size 0 bytes, startup_mk64f12.o(.text))
<BR>[Address Reference Count : 1]<UL><LI> startup_mk64f12.o(RESET)
</UL>
<P><STRONG><a name="[4e]"></a>UART4_ERR_IRQHandler</STRONG> (Thumb, 4 bytes, Stack size 0 bytes, startup_mk64f12.o(.text))
<BR>[Address Reference Count : 1]<UL><LI> startup_mk64f12.o(RESET)
</UL>
<P><STRONG><a name="[4f]"></a>UART5_RX_TX_IRQHandler</STRONG> (Thumb, 4 bytes, Stack size 0 bytes, startup_mk64f12.o(.text))
<BR>[Address Reference Count : 1]<UL><LI> startup_mk64f12.o(RESET)
</UL>
<P><STRONG><a name="[50]"></a>UART5_ERR_IRQHandler</STRONG> (Thumb, 4 bytes, Stack size 0 bytes, startup_mk64f12.o(.text))
<BR>[Address Reference Count : 1]<UL><LI> startup_mk64f12.o(RESET)
</UL>
<P><STRONG><a name="[55]"></a>I2C2_IRQHandler</STRONG> (Thumb, 4 bytes, Stack size 0 bytes, startup_mk64f12.o(.text))
<BR>[Address Reference Count : 1]<UL><LI> startup_mk64f12.o(RESET)
</UL>
<P><STRONG><a name="[56]"></a>CAN0_ORed_Message_buffer_IRQHandler</STRONG> (Thumb, 4 bytes, Stack size 0 bytes, startup_mk64f12.o(.text))
<BR>[Address Reference Count : 1]<UL><LI> startup_mk64f12.o(RESET)
</UL>
<P><STRONG><a name="[57]"></a>CAN0_Bus_Off_IRQHandler</STRONG> (Thumb, 4 bytes, Stack size 0 bytes, startup_mk64f12.o(.text))
<BR>[Address Reference Count : 1]<UL><LI> startup_mk64f12.o(RESET)
</UL>
<P><STRONG><a name="[58]"></a>CAN0_Error_IRQHandler</STRONG> (Thumb, 4 bytes, Stack size 0 bytes, startup_mk64f12.o(.text))
<BR>[Address Reference Count : 1]<UL><LI> startup_mk64f12.o(RESET)
</UL>
<P><STRONG><a name="[59]"></a>CAN0_Tx_Warning_IRQHandler</STRONG> (Thumb, 4 bytes, Stack size 0 bytes, startup_mk64f12.o(.text))
<BR>[Address Reference Count : 1]<UL><LI> startup_mk64f12.o(RESET)
</UL>
<P><STRONG><a name="[5a]"></a>CAN0_Rx_Warning_IRQHandler</STRONG> (Thumb, 4 bytes, Stack size 0 bytes, startup_mk64f12.o(.text))
<BR>[Address Reference Count : 1]<UL><LI> startup_mk64f12.o(RESET)
</UL>
<P><STRONG><a name="[5b]"></a>CAN0_Wake_Up_IRQHandler</STRONG> (Thumb, 4 bytes, Stack size 0 bytes, startup_mk64f12.o(.text))
<BR>[Address Reference Count : 1]<UL><LI> startup_mk64f12.o(RESET)
</UL>
<P><STRONG><a name="[5c]"></a>SDHC_IRQHandler</STRONG> (Thumb, 4 bytes, Stack size 0 bytes, startup_mk64f12.o(.text))
<BR>[Address Reference Count : 1]<UL><LI> startup_mk64f12.o(RESET)
</UL>
<P><STRONG><a name="[5d]"></a>ENET_1588_Timer_IRQHandler</STRONG> (Thumb, 4 bytes, Stack size 0 bytes, startup_mk64f12.o(.text))
<BR>[Address Reference Count : 1]<UL><LI> startup_mk64f12.o(RESET)
</UL>
<P><STRONG><a name="[5e]"></a>ENET_Transmit_IRQHandler</STRONG> (Thumb, 4 bytes, Stack size 0 bytes, startup_mk64f12.o(.text))
<BR>[Address Reference Count : 1]<UL><LI> startup_mk64f12.o(RESET)
</UL>
<P><STRONG><a name="[5f]"></a>ENET_Receive_IRQHandler</STRONG> (Thumb, 4 bytes, Stack size 0 bytes, startup_mk64f12.o(.text))
<BR>[Address Reference Count : 1]<UL><LI> startup_mk64f12.o(RESET)
</UL>
<P><STRONG><a name="[60]"></a>ENET_Error_IRQHandler</STRONG> (Thumb, 4 bytes, Stack size 0 bytes, startup_mk64f12.o(.text))
<BR>[Address Reference Count : 1]<UL><LI> startup_mk64f12.o(RESET)
</UL>
<P><STRONG><a name="[32]"></a>ADC0_IRQHandler</STRONG> (Thumb, 0 bytes, Stack size 0 bytes, startup_mk64f12.o(.text))
<BR>[Address Reference Count : 1]<UL><LI> startup_mk64f12.o(RESET)
</UL>
<P><STRONG><a name="[54]"></a>ADC1_IRQHandler</STRONG> (Thumb, 0 bytes, Stack size 0 bytes, startup_mk64f12.o(.text))
<BR>[Address Reference Count : 1]<UL><LI> startup_mk64f12.o(RESET)
</UL>
<P><STRONG><a name="[8b]"></a>CAN0_DriverIRQHandler</STRONG> (Thumb, 0 bytes, Stack size 0 bytes, startup_mk64f12.o(.text))
<BR>[Address Reference Count : 1]<UL><LI> startup_mk64f12.o(.text)
</UL>
<P><STRONG><a name="[33]"></a>CMP0_IRQHandler</STRONG> (Thumb, 0 bytes, Stack size 0 bytes, startup_mk64f12.o(.text))
<BR>[Address Reference Count : 1]<UL><LI> startup_mk64f12.o(RESET)
</UL>
<P><STRONG><a name="[34]"></a>CMP1_IRQHandler</STRONG> (Thumb, 0 bytes, Stack size 0 bytes, startup_mk64f12.o(.text))
<BR>[Address Reference Count : 1]<UL><LI> startup_mk64f12.o(RESET)
</UL>
<P><STRONG><a name="[51]"></a>CMP2_IRQHandler</STRONG> (Thumb, 0 bytes, Stack size 0 bytes, startup_mk64f12.o(.text))
<BR>[Address Reference Count : 1]<UL><LI> startup_mk64f12.o(RESET)
</UL>
<P><STRONG><a name="[38]"></a>CMT_IRQHandler</STRONG> (Thumb, 0 bytes, Stack size 0 bytes, startup_mk64f12.o(.text))
<BR>[Address Reference Count : 1]<UL><LI> startup_mk64f12.o(RESET)
</UL>
<P><STRONG><a name="[43]"></a>DAC0_IRQHandler</STRONG> (Thumb, 0 bytes, Stack size 0 bytes, startup_mk64f12.o(.text))
<BR>[Address Reference Count : 1]<UL><LI> startup_mk64f12.o(RESET)
</UL>
<P><STRONG><a name="[53]"></a>DAC1_IRQHandler</STRONG> (Thumb, 0 bytes, Stack size 0 bytes, startup_mk64f12.o(.text))
<BR>[Address Reference Count : 1]<UL><LI> startup_mk64f12.o(RESET)
</UL>
<P><STRONG><a name="[75]"></a>DMA_Error_DriverIRQHandler</STRONG> (Thumb, 0 bytes, Stack size 0 bytes, startup_mk64f12.o(.text))
<BR>[Address Reference Count : 1]<UL><LI> startup_mk64f12.o(.text)
</UL>
<P><STRONG><a name="[61]"></a>DefaultISR</STRONG> (Thumb, 0 bytes, Stack size 0 bytes, startup_mk64f12.o(.text))
<BR>[Address Reference Count : 2]<UL><LI> startup_mk64f12.o(RESET)
<LI> startup_mk64f12.o(.text)
</UL>
<P><STRONG><a name="[8d]"></a>ENET_1588_Timer_DriverIRQHandler</STRONG> (Thumb, 0 bytes, Stack size 0 bytes, startup_mk64f12.o(.text))
<BR>[Address Reference Count : 1]<UL><LI> startup_mk64f12.o(.text)
</UL>
<P><STRONG><a name="[90]"></a>ENET_Error_DriverIRQHandler</STRONG> (Thumb, 0 bytes, Stack size 0 bytes, startup_mk64f12.o(.text))
<BR>[Address Reference Count : 1]<UL><LI> startup_mk64f12.o(.text)
</UL>
<P><STRONG><a name="[8f]"></a>ENET_Receive_DriverIRQHandler</STRONG> (Thumb, 0 bytes, Stack size 0 bytes, startup_mk64f12.o(.text))
<BR>[Address Reference Count : 1]<UL><LI> startup_mk64f12.o(.text)
</UL>
<P><STRONG><a name="[8e]"></a>ENET_Transmit_DriverIRQHandler</STRONG> (Thumb, 0 bytes, Stack size 0 bytes, startup_mk64f12.o(.text))
<BR>[Address Reference Count : 1]<UL><LI> startup_mk64f12.o(.text)
</UL>
<P><STRONG><a name="[1d]"></a>FTFE_IRQHandler</STRONG> (Thumb, 0 bytes, Stack size 0 bytes, startup_mk64f12.o(.text))
<BR>[Address Reference Count : 1]<UL><LI> startup_mk64f12.o(RESET)
</UL>
<P><STRONG><a name="[35]"></a>FTM0_IRQHandler</STRONG> (Thumb, 0 bytes, Stack size 0 bytes, startup_mk64f12.o(.text))
<BR>[Address Reference Count : 1]<UL><LI> startup_mk64f12.o(RESET)
</UL>
<P><STRONG><a name="[36]"></a>FTM1_IRQHandler</STRONG> (Thumb, 0 bytes, Stack size 0 bytes, startup_mk64f12.o(.text))
<BR>[Address Reference Count : 1]<UL><LI> startup_mk64f12.o(RESET)
</UL>
<P><STRONG><a name="[37]"></a>FTM2_IRQHandler</STRONG> (Thumb, 0 bytes, Stack size 0 bytes, startup_mk64f12.o(.text))
<BR>[Address Reference Count : 1]<UL><LI> startup_mk64f12.o(RESET)
</UL>
<P><STRONG><a name="[52]"></a>FTM3_IRQHandler</STRONG> (Thumb, 0 bytes, Stack size 0 bytes, startup_mk64f12.o(.text))
<BR>[Address Reference Count : 1]<UL><LI> startup_mk64f12.o(RESET)
</UL>
<P><STRONG><a name="[76]"></a>I2C0_DriverIRQHandler</STRONG> (Thumb, 0 bytes, Stack size 0 bytes, startup_mk64f12.o(.text))
<BR>[Address Reference Count : 1]<UL><LI> startup_mk64f12.o(.text)
</UL>
<P><STRONG><a name="[77]"></a>I2C1_DriverIRQHandler</STRONG> (Thumb, 0 bytes, Stack size 0 bytes, startup_mk64f12.o(.text))
<BR>[Address Reference Count : 1]<UL><LI> startup_mk64f12.o(.text)
</UL>
<P><STRONG><a name="[8a]"></a>I2C2_DriverIRQHandler</STRONG> (Thumb, 0 bytes, Stack size 0 bytes, startup_mk64f12.o(.text))
<BR>[Address Reference Count : 1]<UL><LI> startup_mk64f12.o(.text)
</UL>
<P><STRONG><a name="[7b]"></a>I2S0_Rx_DriverIRQHandler</STRONG> (Thumb, 0 bytes, Stack size 0 bytes, startup_mk64f12.o(.text))
<BR>[Address Reference Count : 1]<UL><LI> startup_mk64f12.o(.text)
</UL>
<P><STRONG><a name="[7a]"></a>I2S0_Tx_DriverIRQHandler</STRONG> (Thumb, 0 bytes, Stack size 0 bytes, startup_mk64f12.o(.text))
<BR>[Address Reference Count : 1]<UL><LI> startup_mk64f12.o(.text)
</UL>
<P><STRONG><a name="[20]"></a>LLWU_IRQHandler</STRONG> (Thumb, 0 bytes, Stack size 0 bytes, startup_mk64f12.o(.text))
<BR>[Address Reference Count : 1]<UL><LI> startup_mk64f12.o(RESET)
</UL>
<P><STRONG><a name="[45]"></a>LPTMR0_IRQHandler</STRONG> (Thumb, 0 bytes, Stack size 0 bytes, startup_mk64f12.o(.text))
<BR>[Address Reference Count : 1]<UL><LI> startup_mk64f12.o(RESET)
</UL>
<P><STRONG><a name="[1f]"></a>LVD_LVW_IRQHandler</STRONG> (Thumb, 0 bytes, Stack size 0 bytes, startup_mk64f12.o(.text))
<BR>[Address Reference Count : 1]<UL><LI> startup_mk64f12.o(RESET)
</UL>
<P><STRONG><a name="[44]"></a>MCG_IRQHandler</STRONG> (Thumb, 0 bytes, Stack size 0 bytes, startup_mk64f12.o(.text))
<BR>[Address Reference Count : 1]<UL><LI> startup_mk64f12.o(RESET)
</UL>
<P><STRONG><a name="[1c]"></a>MCM_IRQHandler</STRONG> (Thumb, 0 bytes, Stack size 0 bytes, startup_mk64f12.o(.text))
<BR>[Address Reference Count : 1]<UL><LI> startup_mk64f12.o(RESET)
</UL>
<P><STRONG><a name="[3f]"></a>PDB0_IRQHandler</STRONG> (Thumb, 0 bytes, Stack size 0 bytes, startup_mk64f12.o(.text))
<BR>[Address Reference Count : 1]<UL><LI> startup_mk64f12.o(RESET)
</UL>
<P><STRONG><a name="[3c]"></a>PIT1_IRQHandler</STRONG> (Thumb, 0 bytes, Stack size 0 bytes, startup_mk64f12.o(.text))
<BR>[Address Reference Count : 1]<UL><LI> startup_mk64f12.o(RESET)
</UL>
<P><STRONG><a name="[3d]"></a>PIT2_IRQHandler</STRONG> (Thumb, 0 bytes, Stack size 0 bytes, startup_mk64f12.o(.text))
<BR>[Address Reference Count : 1]<UL><LI> startup_mk64f12.o(RESET)
</UL>
<P><STRONG><a name="[3e]"></a>PIT3_IRQHandler</STRONG> (Thumb, 0 bytes, Stack size 0 bytes, startup_mk64f12.o(.text))
<BR>[Address Reference Count : 1]<UL><LI> startup_mk64f12.o(RESET)
</UL>
<P><STRONG><a name="[47]"></a>PORTB_IRQHandler</STRONG> (Thumb, 0 bytes, Stack size 0 bytes, startup_mk64f12.o(.text))
<BR>[Address Reference Count : 1]<UL><LI> startup_mk64f12.o(RESET)
</UL>
<P><STRONG><a name="[49]"></a>PORTD_IRQHandler</STRONG> (Thumb, 0 bytes, Stack size 0 bytes, startup_mk64f12.o(.text))
<BR>[Address Reference Count : 1]<UL><LI> startup_mk64f12.o(RESET)
</UL>
<P><STRONG><a name="[4a]"></a>PORTE_IRQHandler</STRONG> (Thumb, 0 bytes, Stack size 0 bytes, startup_mk64f12.o(.text))
<BR>[Address Reference Count : 1]<UL><LI> startup_mk64f12.o(RESET)
</UL>
<P><STRONG><a name="[22]"></a>RNG_IRQHandler</STRONG> (Thumb, 0 bytes, Stack size 0 bytes, startup_mk64f12.o(.text))
<BR>[Address Reference Count : 1]<UL><LI> startup_mk64f12.o(RESET)
</UL>
<P><STRONG><a name="[39]"></a>RTC_IRQHandler</STRONG> (Thumb, 0 bytes, Stack size 0 bytes, startup_mk64f12.o(.text))
<BR>[Address Reference Count : 1]<UL><LI> startup_mk64f12.o(RESET)
</UL>
<P><STRONG><a name="[3a]"></a>RTC_Seconds_IRQHandler</STRONG> (Thumb, 0 bytes, Stack size 0 bytes, startup_mk64f12.o(.text))
<BR>[Address Reference Count : 1]<UL><LI> startup_mk64f12.o(RESET)
</UL>
<P><STRONG><a name="[1e]"></a>Read_Collision_IRQHandler</STRONG> (Thumb, 0 bytes, Stack size 0 bytes, startup_mk64f12.o(.text))
<BR>[Address Reference Count : 1]<UL><LI> startup_mk64f12.o(RESET)
</UL>
<P><STRONG><a name="[42]"></a>Reserved71_IRQHandler</STRONG> (Thumb, 0 bytes, Stack size 0 bytes, startup_mk64f12.o(.text))
<BR>[Address Reference Count : 1]<UL><LI> startup_mk64f12.o(RESET)
</UL>
<P><STRONG><a name="[8c]"></a>SDHC_DriverIRQHandler</STRONG> (Thumb, 0 bytes, Stack size 0 bytes, startup_mk64f12.o(.text))
<BR>[Address Reference Count : 1]<UL><LI> startup_mk64f12.o(.text)
</UL>
<P><STRONG><a name="[78]"></a>SPI0_DriverIRQHandler</STRONG> (Thumb, 0 bytes, Stack size 0 bytes, startup_mk64f12.o(.text))
<BR>[Address Reference Count : 1]<UL><LI> startup_mk64f12.o(.text)
</UL>
<P><STRONG><a name="[79]"></a>SPI1_DriverIRQHandler</STRONG> (Thumb, 0 bytes, Stack size 0 bytes, startup_mk64f12.o(.text))
<BR>[Address Reference Count : 1]<UL><LI> startup_mk64f12.o(.text)
</UL>
<P><STRONG><a name="[85]"></a>SPI2_DriverIRQHandler</STRONG> (Thumb, 0 bytes, Stack size 0 bytes, startup_mk64f12.o(.text))
<BR>[Address Reference Count : 1]<UL><LI> startup_mk64f12.o(.text)
</UL>
<P><STRONG><a name="[4b]"></a>SWI_IRQHandler</STRONG> (Thumb, 0 bytes, Stack size 0 bytes, startup_mk64f12.o(.text))
<BR>[Address Reference Count : 1]<UL><LI> startup_mk64f12.o(RESET)
</UL>
<P><STRONG><a name="[7e]"></a>UART0_ERR_DriverIRQHandler</STRONG> (Thumb, 0 bytes, Stack size 0 bytes, startup_mk64f12.o(.text))
<BR>[Address Reference Count : 1]<UL><LI> startup_mk64f12.o(.text)
</UL>
<P><STRONG><a name="[7c]"></a>UART0_LON_DriverIRQHandler</STRONG> (Thumb, 0 bytes, Stack size 0 bytes, startup_mk64f12.o(.text))
<BR>[Address Reference Count : 1]<UL><LI> startup_mk64f12.o(.text)
</UL>
<P><STRONG><a name="[80]"></a>UART1_ERR_DriverIRQHandler</STRONG> (Thumb, 0 bytes, Stack size 0 bytes, startup_mk64f12.o(.text))
<BR>[Address Reference Count : 1]<UL><LI> startup_mk64f12.o(.text)
</UL>
<P><STRONG><a name="[82]"></a>UART2_ERR_DriverIRQHandler</STRONG> (Thumb, 0 bytes, Stack size 0 bytes, startup_mk64f12.o(.text))
<BR>[Address Reference Count : 1]<UL><LI> startup_mk64f12.o(.text)
</UL>
<P><STRONG><a name="[84]"></a>UART3_ERR_DriverIRQHandler</STRONG> (Thumb, 0 bytes, Stack size 0 bytes, startup_mk64f12.o(.text))
<BR>[Address Reference Count : 1]<UL><LI> startup_mk64f12.o(.text)
</UL>
<P><STRONG><a name="[87]"></a>UART4_ERR_DriverIRQHandler</STRONG> (Thumb, 0 bytes, Stack size 0 bytes, startup_mk64f12.o(.text))
<BR>[Address Reference Count : 1]<UL><LI> startup_mk64f12.o(.text)
</UL>
<P><STRONG><a name="[89]"></a>UART5_ERR_DriverIRQHandler</STRONG> (Thumb, 0 bytes, Stack size 0 bytes, startup_mk64f12.o(.text))
<BR>[Address Reference Count : 1]<UL><LI> startup_mk64f12.o(.text)
</UL>
<P><STRONG><a name="[40]"></a>USB0_IRQHandler</STRONG> (Thumb, 0 bytes, Stack size 0 bytes, startup_mk64f12.o(.text))
<BR>[Address Reference Count : 1]<UL><LI> startup_mk64f12.o(RESET)
</UL>
<P><STRONG><a name="[41]"></a>USBDCD_IRQHandler</STRONG> (Thumb, 0 bytes, Stack size 0 bytes, startup_mk64f12.o(.text))
<BR>[Address Reference Count : 1]<UL><LI> startup_mk64f12.o(RESET)
</UL>
<P><STRONG><a name="[21]"></a>WDOG_EWM_IRQHandler</STRONG> (Thumb, 0 bytes, Stack size 0 bytes, startup_mk64f12.o(.text))
<BR>[Address Reference Count : 1]<UL><LI> startup_mk64f12.o(RESET)
</UL>
<P><STRONG><a name="[bf]"></a>__aeabi_uldivmod</STRONG> (Thumb, 98 bytes, Stack size 40 bytes, uldiv.o(.text))
<BR><BR>[Stack]<UL><LI>Max Depth = 40<LI>Call Chain = __aeabi_uldivmod
</UL>
<BR>[Calls]<UL><LI><a href="#[c0]">&gt;&gt;</a>&nbsp;&nbsp;&nbsp;__aeabi_llsr
<LI><a href="#[c1]">&gt;&gt;</a>&nbsp;&nbsp;&nbsp;__aeabi_llsl
</UL>
<BR>[Called By]<UL><LI><a href="#[160]">&gt;&gt;</a>&nbsp;&nbsp;&nbsp;pit_init
<LI><a href="#[141]">&gt;&gt;</a>&nbsp;&nbsp;&nbsp;_printf_core
<LI><a href="#[153]">&gt;&gt;</a>&nbsp;&nbsp;&nbsp;_fp_digits
</UL>

<P><STRONG><a name="[c3]"></a>__aeabi_memset</STRONG> (Thumb, 14 bytes, Stack size 0 bytes, memseta.o(.text), UNUSED)
<BR><BR>[Called By]<UL><LI><a href="#[c4]">&gt;&gt;</a>&nbsp;&nbsp;&nbsp;_memset$wrapper
<LI><a href="#[c2]">&gt;&gt;</a>&nbsp;&nbsp;&nbsp;__aeabi_memclr
</UL>

<P><STRONG><a name="[175]"></a>__aeabi_memset4</STRONG> (Thumb, 0 bytes, Stack size 0 bytes, memseta.o(.text), UNUSED)

<P><STRONG><a name="[176]"></a>__aeabi_memset8</STRONG> (Thumb, 0 bytes, Stack size 0 bytes, memseta.o(.text), UNUSED)

<P><STRONG><a name="[c2]"></a>__aeabi_memclr</STRONG> (Thumb, 4 bytes, Stack size 0 bytes, memseta.o(.text), UNUSED)
<BR><BR>[Calls]<UL><LI><a href="#[c3]">&gt;&gt;</a>&nbsp;&nbsp;&nbsp;__aeabi_memset
</UL>

<P><STRONG><a name="[f2]"></a>__aeabi_memclr4</STRONG> (Thumb, 0 bytes, Stack size 0 bytes, memseta.o(.text))
<BR><BR>[Called By]<UL><LI><a href="#[15b]">&gt;&gt;</a>&nbsp;&nbsp;&nbsp;init_acc_gyo
<LI><a href="#[138]">&gt;&gt;</a>&nbsp;&nbsp;&nbsp;UART_TransferCreateHandle
<LI><a href="#[f1]">&gt;&gt;</a>&nbsp;&nbsp;&nbsp;DbgConsole_Printf
</UL>

<P><STRONG><a name="[177]"></a>__aeabi_memclr8</STRONG> (Thumb, 0 bytes, Stack size 0 bytes, memseta.o(.text), UNUSED)

<P><STRONG><a name="[c4]"></a>_memset$wrapper</STRONG> (Thumb, 18 bytes, Stack size 8 bytes, memseta.o(.text), UNUSED)
<BR><BR>[Calls]<UL><LI><a href="#[c3]">&gt;&gt;</a>&nbsp;&nbsp;&nbsp;__aeabi_memset
</UL>

<P><STRONG><a name="[112]"></a>strlen</STRONG> (Thumb, 14 bytes, Stack size 0 bytes, strlen.o(.text))
<BR><BR>[Called By]<UL><LI><a href="#[f3]">&gt;&gt;</a>&nbsp;&nbsp;&nbsp;StrFormatPrintf
</UL>

<P><STRONG><a name="[c5]"></a>__aeabi_dadd</STRONG> (Thumb, 322 bytes, Stack size 48 bytes, dadd.o(.text))
<BR><BR>[Stack]<UL><LI>Max Depth = 88<LI>Call Chain = __aeabi_dadd &rArr; _double_epilogue &rArr; _double_round
</UL>
<BR>[Calls]<UL><LI><a href="#[c6]">&gt;&gt;</a>&nbsp;&nbsp;&nbsp;__aeabi_lasr
<LI><a href="#[c1]">&gt;&gt;</a>&nbsp;&nbsp;&nbsp;__aeabi_llsl
<LI><a href="#[c8]">&gt;&gt;</a>&nbsp;&nbsp;&nbsp;_double_round
<LI><a href="#[c7]">&gt;&gt;</a>&nbsp;&nbsp;&nbsp;_double_epilogue
</UL>
<BR>[Called By]<UL><LI><a href="#[c9]">&gt;&gt;</a>&nbsp;&nbsp;&nbsp;__aeabi_dsub
<LI><a href="#[169]">&gt;&gt;</a>&nbsp;&nbsp;&nbsp;up_angel
<LI><a href="#[158]">&gt;&gt;</a>&nbsp;&nbsp;&nbsp;angel_judge
<LI><a href="#[152]">&gt;&gt;</a>&nbsp;&nbsp;&nbsp;__kernel_tan
<LI><a href="#[151]">&gt;&gt;</a>&nbsp;&nbsp;&nbsp;__ieee754_rem_pio2
<LI><a href="#[148]">&gt;&gt;</a>&nbsp;&nbsp;&nbsp;__kernel_poly
<LI><a href="#[14d]">&gt;&gt;</a>&nbsp;&nbsp;&nbsp;__mathlib_dbl_infnan2
<LI><a href="#[143]">&gt;&gt;</a>&nbsp;&nbsp;&nbsp;__mathlib_dbl_infnan
<LI><a href="#[14b]">&gt;&gt;</a>&nbsp;&nbsp;&nbsp;__hardfp_atan
<LI><a href="#[153]">&gt;&gt;</a>&nbsp;&nbsp;&nbsp;_fp_digits
<LI><a href="#[ca]">&gt;&gt;</a>&nbsp;&nbsp;&nbsp;__aeabi_drsub
<LI><a href="#[142]">&gt;&gt;</a>&nbsp;&nbsp;&nbsp;__hardfp_asin
</UL>

<P><STRONG><a name="[c9]"></a>__aeabi_dsub</STRONG> (Thumb, 6 bytes, Stack size 0 bytes, dadd.o(.text))
<BR><BR>[Stack]<UL><LI>Max Depth = 88<LI>Call Chain = __aeabi_dsub &rArr; __aeabi_dadd &rArr; _double_epilogue &rArr; _double_round
</UL>
<BR>[Calls]<UL><LI><a href="#[c5]">&gt;&gt;</a>&nbsp;&nbsp;&nbsp;__aeabi_dadd
</UL>
<BR>[Called By]<UL><LI><a href="#[169]">&gt;&gt;</a>&nbsp;&nbsp;&nbsp;up_angel
<LI><a href="#[152]">&gt;&gt;</a>&nbsp;&nbsp;&nbsp;__kernel_tan
<LI><a href="#[151]">&gt;&gt;</a>&nbsp;&nbsp;&nbsp;__ieee754_rem_pio2
<LI><a href="#[14b]">&gt;&gt;</a>&nbsp;&nbsp;&nbsp;__hardfp_atan
<LI><a href="#[14c]">&gt;&gt;</a>&nbsp;&nbsp;&nbsp;__hardfp_atan2
<LI><a href="#[142]">&gt;&gt;</a>&nbsp;&nbsp;&nbsp;__hardfp_asin
</UL>

<P><STRONG><a name="[ca]"></a>__aeabi_drsub</STRONG> (Thumb, 6 bytes, Stack size 0 bytes, dadd.o(.text))
<BR><BR>[Stack]<UL><LI>Max Depth = 88<LI>Call Chain = __aeabi_drsub &rArr; __aeabi_dadd &rArr; _double_epilogue &rArr; _double_round
</UL>
<BR>[Calls]<UL><LI><a href="#[c5]">&gt;&gt;</a>&nbsp;&nbsp;&nbsp;__aeabi_dadd
</UL>
<BR>[Called By]<UL><LI><a href="#[152]">&gt;&gt;</a>&nbsp;&nbsp;&nbsp;__kernel_tan
<LI><a href="#[151]">&gt;&gt;</a>&nbsp;&nbsp;&nbsp;__ieee754_rem_pio2
<LI><a href="#[14b]">&gt;&gt;</a>&nbsp;&nbsp;&nbsp;__hardfp_atan
<LI><a href="#[14c]">&gt;&gt;</a>&nbsp;&nbsp;&nbsp;__hardfp_atan2
<LI><a href="#[142]">&gt;&gt;</a>&nbsp;&nbsp;&nbsp;__hardfp_asin
</UL>

<P><STRONG><a name="[cb]"></a>__aeabi_dmul</STRONG> (Thumb, 228 bytes, Stack size 48 bytes, dmul.o(.text))
<BR><BR>[Stack]<UL><LI>Max Depth = 88<LI>Call Chain = __aeabi_dmul &rArr; _double_epilogue &rArr; _double_round
</UL>
<BR>[Calls]<UL><LI><a href="#[c7]">&gt;&gt;</a>&nbsp;&nbsp;&nbsp;_double_epilogue
</UL>
<BR>[Called By]<UL><LI><a href="#[169]">&gt;&gt;</a>&nbsp;&nbsp;&nbsp;up_angel
<LI><a href="#[158]">&gt;&gt;</a>&nbsp;&nbsp;&nbsp;angel_judge
<LI><a href="#[152]">&gt;&gt;</a>&nbsp;&nbsp;&nbsp;__kernel_tan
<LI><a href="#[151]">&gt;&gt;</a>&nbsp;&nbsp;&nbsp;__ieee754_rem_pio2
<LI><a href="#[148]">&gt;&gt;</a>&nbsp;&nbsp;&nbsp;__kernel_poly
<LI><a href="#[147]">&gt;&gt;</a>&nbsp;&nbsp;&nbsp;__mathlib_dbl_underflow
<LI><a href="#[14b]">&gt;&gt;</a>&nbsp;&nbsp;&nbsp;__hardfp_atan
<LI><a href="#[153]">&gt;&gt;</a>&nbsp;&nbsp;&nbsp;_fp_digits
<LI><a href="#[142]">&gt;&gt;</a>&nbsp;&nbsp;&nbsp;__hardfp_asin
</UL>

<P><STRONG><a name="[cc]"></a>__aeabi_ddiv</STRONG> (Thumb, 222 bytes, Stack size 32 bytes, ddiv.o(.text))
<BR><BR>[Stack]<UL><LI>Max Depth = 40<LI>Call Chain = __aeabi_ddiv &rArr; _double_round
</UL>
<BR>[Calls]<UL><LI><a href="#[c8]">&gt;&gt;</a>&nbsp;&nbsp;&nbsp;_double_round
</UL>
<BR>[Called By]<UL><LI><a href="#[169]">&gt;&gt;</a>&nbsp;&nbsp;&nbsp;up_angel
<LI><a href="#[158]">&gt;&gt;</a>&nbsp;&nbsp;&nbsp;angel_judge
<LI><a href="#[152]">&gt;&gt;</a>&nbsp;&nbsp;&nbsp;__kernel_tan
<LI><a href="#[145]">&gt;&gt;</a>&nbsp;&nbsp;&nbsp;__mathlib_dbl_invalid
<LI><a href="#[14b]">&gt;&gt;</a>&nbsp;&nbsp;&nbsp;__hardfp_atan
<LI><a href="#[153]">&gt;&gt;</a>&nbsp;&nbsp;&nbsp;_fp_digits
<LI><a href="#[14c]">&gt;&gt;</a>&nbsp;&nbsp;&nbsp;__hardfp_atan2
<LI><a href="#[142]">&gt;&gt;</a>&nbsp;&nbsp;&nbsp;__hardfp_asin
</UL>

<P><STRONG><a name="[cd]"></a>__aeabi_i2d</STRONG> (Thumb, 34 bytes, Stack size 16 bytes, dflti.o(.text))
<BR><BR>[Stack]<UL><LI>Max Depth = 56<LI>Call Chain = __aeabi_i2d &rArr; _double_epilogue &rArr; _double_round
</UL>
<BR>[Calls]<UL><LI><a href="#[c7]">&gt;&gt;</a>&nbsp;&nbsp;&nbsp;_double_epilogue
</UL>
<BR>[Called By]<UL><LI><a href="#[15b]">&gt;&gt;</a>&nbsp;&nbsp;&nbsp;init_acc_gyo
<LI><a href="#[169]">&gt;&gt;</a>&nbsp;&nbsp;&nbsp;up_angel
<LI><a href="#[152]">&gt;&gt;</a>&nbsp;&nbsp;&nbsp;__kernel_tan
<LI><a href="#[151]">&gt;&gt;</a>&nbsp;&nbsp;&nbsp;__ieee754_rem_pio2
</UL>

<P><STRONG><a name="[ce]"></a>__aeabi_d2iz</STRONG> (Thumb, 62 bytes, Stack size 16 bytes, dfixi.o(.text))
<BR><BR>[Stack]<UL><LI>Max Depth = 16<LI>Call Chain = __aeabi_d2iz
</UL>
<BR>[Calls]<UL><LI><a href="#[c0]">&gt;&gt;</a>&nbsp;&nbsp;&nbsp;__aeabi_llsr
</UL>
<BR>[Called By]<UL><LI><a href="#[15b]">&gt;&gt;</a>&nbsp;&nbsp;&nbsp;init_acc_gyo
<LI><a href="#[169]">&gt;&gt;</a>&nbsp;&nbsp;&nbsp;up_angel
<LI><a href="#[158]">&gt;&gt;</a>&nbsp;&nbsp;&nbsp;angel_judge
<LI><a href="#[152]">&gt;&gt;</a>&nbsp;&nbsp;&nbsp;__kernel_tan
<LI><a href="#[151]">&gt;&gt;</a>&nbsp;&nbsp;&nbsp;__ieee754_rem_pio2
</UL>

<P><STRONG><a name="[178]"></a>__aeabi_cdcmpeq</STRONG> (Thumb, 0 bytes, Stack size 0 bytes, cdcmple.o(.text), UNUSED)

<P><STRONG><a name="[16b]"></a>__aeabi_cdcmple</STRONG> (Thumb, 48 bytes, Stack size 0 bytes, cdcmple.o(.text))
<BR><BR>[Called By]<UL><LI><a href="#[169]">&gt;&gt;</a>&nbsp;&nbsp;&nbsp;up_angel
</UL>

<P><STRONG><a name="[179]"></a>__aeabi_uidiv</STRONG> (Thumb, 0 bytes, Stack size 12 bytes, uidiv.o(.text), UNUSED)

<P><STRONG><a name="[157]"></a>__aeabi_uidivmod</STRONG> (Thumb, 44 bytes, Stack size 12 bytes, uidiv.o(.text), UNUSED)
<BR><BR>[Called By]<UL><LI><a href="#[141]">&gt;&gt;</a>&nbsp;&nbsp;&nbsp;_printf_core
</UL>

<P><STRONG><a name="[c1]"></a>__aeabi_llsl</STRONG> (Thumb, 30 bytes, Stack size 0 bytes, llshl.o(.text))
<BR><BR>[Called By]<UL><LI><a href="#[c5]">&gt;&gt;</a>&nbsp;&nbsp;&nbsp;__aeabi_dadd
<LI><a href="#[c7]">&gt;&gt;</a>&nbsp;&nbsp;&nbsp;_double_epilogue
<LI><a href="#[d0]">&gt;&gt;</a>&nbsp;&nbsp;&nbsp;__aeabi_d2ulz
<LI><a href="#[bf]">&gt;&gt;</a>&nbsp;&nbsp;&nbsp;__aeabi_uldivmod
</UL>

<P><STRONG><a name="[17a]"></a>_ll_shift_l</STRONG> (Thumb, 0 bytes, Stack size 0 bytes, llshl.o(.text), UNUSED)

<P><STRONG><a name="[c0]"></a>__aeabi_llsr</STRONG> (Thumb, 32 bytes, Stack size 0 bytes, llushr.o(.text))
<BR><BR>[Called By]<UL><LI><a href="#[ce]">&gt;&gt;</a>&nbsp;&nbsp;&nbsp;__aeabi_d2iz
<LI><a href="#[c7]">&gt;&gt;</a>&nbsp;&nbsp;&nbsp;_double_epilogue
<LI><a href="#[d0]">&gt;&gt;</a>&nbsp;&nbsp;&nbsp;__aeabi_d2ulz
<LI><a href="#[bf]">&gt;&gt;</a>&nbsp;&nbsp;&nbsp;__aeabi_uldivmod
<LI><a href="#[cf]">&gt;&gt;</a>&nbsp;&nbsp;&nbsp;_dsqrt
</UL>

<P><STRONG><a name="[17b]"></a>_ll_ushift_r</STRONG> (Thumb, 0 bytes, Stack size 0 bytes, llushr.o(.text), UNUSED)

<P><STRONG><a name="[c6]"></a>__aeabi_lasr</STRONG> (Thumb, 36 bytes, Stack size 0 bytes, llsshr.o(.text))
<BR><BR>[Called By]<UL><LI><a href="#[c5]">&gt;&gt;</a>&nbsp;&nbsp;&nbsp;__aeabi_dadd
</UL>

<P><STRONG><a name="[17c]"></a>_ll_sshift_r</STRONG> (Thumb, 0 bytes, Stack size 0 bytes, llsshr.o(.text), UNUSED)

<P><STRONG><a name="[17d]"></a>__I$use$fp</STRONG> (Thumb, 0 bytes, Stack size 8 bytes, iusefp.o(.text), UNUSED)

<P><STRONG><a name="[c8]"></a>_double_round</STRONG> (Thumb, 30 bytes, Stack size 8 bytes, depilogue.o(.text))
<BR><BR>[Stack]<UL><LI>Max Depth = 8<LI>Call Chain = _double_round
</UL>
<BR>[Called By]<UL><LI><a href="#[cc]">&gt;&gt;</a>&nbsp;&nbsp;&nbsp;__aeabi_ddiv
<LI><a href="#[c5]">&gt;&gt;</a>&nbsp;&nbsp;&nbsp;__aeabi_dadd
<LI><a href="#[c7]">&gt;&gt;</a>&nbsp;&nbsp;&nbsp;_double_epilogue
<LI><a href="#[cf]">&gt;&gt;</a>&nbsp;&nbsp;&nbsp;_dsqrt
</UL>

<P><STRONG><a name="[c7]"></a>_double_epilogue</STRONG> (Thumb, 156 bytes, Stack size 32 bytes, depilogue.o(.text))
<BR><BR>[Stack]<UL><LI>Max Depth = 40<LI>Call Chain = _double_epilogue &rArr; _double_round
</UL>
<BR>[Calls]<UL><LI><a href="#[c0]">&gt;&gt;</a>&nbsp;&nbsp;&nbsp;__aeabi_llsr
<LI><a href="#[c1]">&gt;&gt;</a>&nbsp;&nbsp;&nbsp;__aeabi_llsl
<LI><a href="#[c8]">&gt;&gt;</a>&nbsp;&nbsp;&nbsp;_double_round
</UL>
<BR>[Called By]<UL><LI><a href="#[cd]">&gt;&gt;</a>&nbsp;&nbsp;&nbsp;__aeabi_i2d
<LI><a href="#[cb]">&gt;&gt;</a>&nbsp;&nbsp;&nbsp;__aeabi_dmul
<LI><a href="#[c5]">&gt;&gt;</a>&nbsp;&nbsp;&nbsp;__aeabi_dadd
<LI><a href="#[d2]">&gt;&gt;</a>&nbsp;&nbsp;&nbsp;__aeabi_ui2d
</UL>

<P><STRONG><a name="[cf]"></a>_dsqrt</STRONG> (Thumb, 162 bytes, Stack size 32 bytes, dsqrt.o(.text))
<BR><BR>[Stack]<UL><LI>Max Depth = 40<LI>Call Chain = _dsqrt &rArr; _double_round
</UL>
<BR>[Calls]<UL><LI><a href="#[c0]">&gt;&gt;</a>&nbsp;&nbsp;&nbsp;__aeabi_llsr
<LI><a href="#[c8]">&gt;&gt;</a>&nbsp;&nbsp;&nbsp;_double_round
</UL>
<BR>[Called By]<UL><LI><a href="#[14a]">&gt;&gt;</a>&nbsp;&nbsp;&nbsp;sqrt
<LI><a href="#[14f]">&gt;&gt;</a>&nbsp;&nbsp;&nbsp;__hardfp_sqrt
</UL>

<P><STRONG><a name="[d0]"></a>__aeabi_d2ulz</STRONG> (Thumb, 48 bytes, Stack size 0 bytes, dfixul.o(.text), UNUSED)
<BR><BR>[Calls]<UL><LI><a href="#[c0]">&gt;&gt;</a>&nbsp;&nbsp;&nbsp;__aeabi_llsr
<LI><a href="#[c1]">&gt;&gt;</a>&nbsp;&nbsp;&nbsp;__aeabi_llsl
</UL>
<BR>[Called By]<UL><LI><a href="#[153]">&gt;&gt;</a>&nbsp;&nbsp;&nbsp;_fp_digits
</UL>

<P><STRONG><a name="[154]"></a>__aeabi_cdrcmple</STRONG> (Thumb, 48 bytes, Stack size 0 bytes, cdrcmple.o(.text), UNUSED)
<BR><BR>[Called By]<UL><LI><a href="#[153]">&gt;&gt;</a>&nbsp;&nbsp;&nbsp;_fp_digits
</UL>

<P><STRONG><a name="[be]"></a>__scatterload</STRONG> (Thumb, 28 bytes, Stack size 0 bytes, init.o(.text))
<BR><BR>[Calls]<UL><LI><a href="#[d1]">&gt;&gt;</a>&nbsp;&nbsp;&nbsp;__main_after_scatterload
</UL>
<BR>[Called By]<UL><LI><a href="#[bd]">&gt;&gt;</a>&nbsp;&nbsp;&nbsp;_main_scatterload
</UL>

<P><STRONG><a name="[17e]"></a>__scatterload_rt2</STRONG> (Thumb, 0 bytes, Stack size 0 bytes, init.o(.text), UNUSED)

<P><STRONG><a name="[d2]"></a>__aeabi_ui2d</STRONG> (Thumb, 26 bytes, Stack size 16 bytes, dfltui.o(.text))
<BR><BR>[Stack]<UL><LI>Max Depth = 56<LI>Call Chain = __aeabi_ui2d &rArr; _double_epilogue &rArr; _double_round
</UL>
<BR>[Calls]<UL><LI><a href="#[c7]">&gt;&gt;</a>&nbsp;&nbsp;&nbsp;_double_epilogue
</UL>
<BR>[Called By]<UL><LI><a href="#[151]">&gt;&gt;</a>&nbsp;&nbsp;&nbsp;__ieee754_rem_pio2
</UL>

<P><STRONG><a name="[d3]"></a>BOARD_BootClockRUN</STRONG> (Thumb, 78 bytes, Stack size 8 bytes, clock_config.o(i.BOARD_BootClockRUN))
<BR><BR>[Stack]<UL><LI>Max Depth = 372<LI>Call Chain = BOARD_BootClockRUN &rArr; CLOCK_BootToPeeMode &rArr; CLOCK_SetPbeMode &rArr; CLOCK_EnablePll0 &rArr; __aeabi_assert &rArr; DbgConsole_Printf &rArr; StrFormatPrintf &rArr; ConvertRadixNumToString
</UL>
<BR>[Calls]<UL><LI><a href="#[d8]">&gt;&gt;</a>&nbsp;&nbsp;&nbsp;CLOCK_SetSimConfig
<LI><a href="#[d5]">&gt;&gt;</a>&nbsp;&nbsp;&nbsp;CLOCK_SetInternalRefClkConfig
<LI><a href="#[d4]">&gt;&gt;</a>&nbsp;&nbsp;&nbsp;CLOCK_InitOsc0
<LI><a href="#[d7]">&gt;&gt;</a>&nbsp;&nbsp;&nbsp;CLOCK_BootToPeeMode
<LI><a href="#[d6]">&gt;&gt;</a>&nbsp;&nbsp;&nbsp;CLOCK_CONFIG_SetFllExtRefDiv
</UL>
<BR>[Called By]<UL><LI><a href="#[62]">&gt;&gt;</a>&nbsp;&nbsp;&nbsp;main
</UL>

<P><STRONG><a name="[d9]"></a>BOARD_InitPins</STRONG> (Thumb, 96 bytes, Stack size 16 bytes, pin_mux.o(i.BOARD_InitPins))
<BR><BR>[Stack]<UL><LI>Max Depth = 356<LI>Call Chain = BOARD_InitPins &rArr; PORT_SetPinConfig &rArr; __aeabi_assert &rArr; DbgConsole_Printf &rArr; StrFormatPrintf &rArr; ConvertRadixNumToString
</UL>
<BR>[Calls]<UL><LI><a href="#[dc]">&gt;&gt;</a>&nbsp;&nbsp;&nbsp;PORT_SetPinMux
<LI><a href="#[db]">&gt;&gt;</a>&nbsp;&nbsp;&nbsp;PORT_SetPinConfig
<LI><a href="#[da]">&gt;&gt;</a>&nbsp;&nbsp;&nbsp;CLOCK_EnableClock
</UL>
<BR>[Called By]<UL><LI><a href="#[62]">&gt;&gt;</a>&nbsp;&nbsp;&nbsp;main
</UL>

<P><STRONG><a name="[d7]"></a>CLOCK_BootToPeeMode</STRONG> (Thumb, 68 bytes, Stack size 16 bytes, fsl_clock.o(i.CLOCK_BootToPeeMode))
<BR><BR>[Stack]<UL><LI>Max Depth = 364<LI>Call Chain = CLOCK_BootToPeeMode &rArr; CLOCK_SetPbeMode &rArr; CLOCK_EnablePll0 &rArr; __aeabi_assert &rArr; DbgConsole_Printf &rArr; StrFormatPrintf &rArr; ConvertRadixNumToString
</UL>
<BR>[Calls]<UL><LI><a href="#[dd]">&gt;&gt;</a>&nbsp;&nbsp;&nbsp;__aeabi_assert
<LI><a href="#[df]">&gt;&gt;</a>&nbsp;&nbsp;&nbsp;CLOCK_SetPbeMode
<LI><a href="#[de]">&gt;&gt;</a>&nbsp;&nbsp;&nbsp;CLOCK_SetExternalRefClkConfig
</UL>
<BR>[Called By]<UL><LI><a href="#[d3]">&gt;&gt;</a>&nbsp;&nbsp;&nbsp;BOARD_BootClockRUN
</UL>

<P><STRONG><a name="[e0]"></a>CLOCK_EnablePll0</STRONG> (Thumb, 78 bytes, Stack size 16 bytes, fsl_clock.o(i.CLOCK_EnablePll0))
<BR><BR>[Stack]<UL><LI>Max Depth = 332<LI>Call Chain = CLOCK_EnablePll0 &rArr; __aeabi_assert &rArr; DbgConsole_Printf &rArr; StrFormatPrintf &rArr; ConvertRadixNumToString
</UL>
<BR>[Calls]<UL><LI><a href="#[dd]">&gt;&gt;</a>&nbsp;&nbsp;&nbsp;__aeabi_assert
</UL>
<BR>[Called By]<UL><LI><a href="#[df]">&gt;&gt;</a>&nbsp;&nbsp;&nbsp;CLOCK_SetPbeMode
</UL>

<P><STRONG><a name="[e1]"></a>CLOCK_GetEr32kClkFreq</STRONG> (Thumb, 86 bytes, Stack size 8 bytes, fsl_clock.o(i.CLOCK_GetEr32kClkFreq))
<BR><BR>[Stack]<UL><LI>Max Depth = 332<LI>Call Chain = CLOCK_GetEr32kClkFreq &rArr; CLOCK_GetOsc0ErClkFreq &rArr; __aeabi_assert &rArr; DbgConsole_Printf &rArr; StrFormatPrintf &rArr; ConvertRadixNumToString
</UL>
<BR>[Calls]<UL><LI><a href="#[dd]">&gt;&gt;</a>&nbsp;&nbsp;&nbsp;__aeabi_assert
<LI><a href="#[e2]">&gt;&gt;</a>&nbsp;&nbsp;&nbsp;CLOCK_GetOsc0ErClkFreq
</UL>
<BR>[Called By]<UL><LI><a href="#[e9]">&gt;&gt;</a>&nbsp;&nbsp;&nbsp;CLOCK_GetFreq
</UL>

<P><STRONG><a name="[e3]"></a>CLOCK_GetFixedFreqClkFreq</STRONG> (Thumb, 28 bytes, Stack size 8 bytes, fsl_clock.o(i.CLOCK_GetFixedFreqClkFreq))
<BR><BR>[Stack]<UL><LI>Max Depth = 388<LI>Call Chain = CLOCK_GetFixedFreqClkFreq &rArr; CLOCK_GetOutClkFreq &rArr; CLOCK_GetFllFreq &rArr; CLOCK_GetFllRefClkFreq &rArr; CLOCK_GetFllExtRefClkFreq &rArr; CLOCK_GetMcgExtClkFreq &rArr; __aeabi_assert &rArr; DbgConsole_Printf &rArr; StrFormatPrintf &rArr; ConvertRadixNumToString
</UL>
<BR>[Calls]<UL><LI><a href="#[e5]">&gt;&gt;</a>&nbsp;&nbsp;&nbsp;CLOCK_GetOutClkFreq
<LI><a href="#[e4]">&gt;&gt;</a>&nbsp;&nbsp;&nbsp;CLOCK_GetFllRefClkFreq
</UL>
<BR>[Called By]<UL><LI><a href="#[e9]">&gt;&gt;</a>&nbsp;&nbsp;&nbsp;CLOCK_GetFreq
</UL>

<P><STRONG><a name="[e8]"></a>CLOCK_GetFllFreq</STRONG> (Thumb, 66 bytes, Stack size 16 bytes, fsl_clock.o(i.CLOCK_GetFllFreq))
<BR><BR>[Stack]<UL><LI>Max Depth = 372<LI>Call Chain = CLOCK_GetFllFreq &rArr; CLOCK_GetFllRefClkFreq &rArr; CLOCK_GetFllExtRefClkFreq &rArr; CLOCK_GetMcgExtClkFreq &rArr; __aeabi_assert &rArr; DbgConsole_Printf &rArr; StrFormatPrintf &rArr; ConvertRadixNumToString
</UL>
<BR>[Calls]<UL><LI><a href="#[e4]">&gt;&gt;</a>&nbsp;&nbsp;&nbsp;CLOCK_GetFllRefClkFreq
</UL>
<BR>[Called By]<UL><LI><a href="#[e9]">&gt;&gt;</a>&nbsp;&nbsp;&nbsp;CLOCK_GetFreq
<LI><a href="#[ea]">&gt;&gt;</a>&nbsp;&nbsp;&nbsp;CLOCK_GetPllFllSelClkFreq
<LI><a href="#[e5]">&gt;&gt;</a>&nbsp;&nbsp;&nbsp;CLOCK_GetOutClkFreq
</UL>

<P><STRONG><a name="[e9]"></a>CLOCK_GetFreq</STRONG> (Thumb, 190 bytes, Stack size 16 bytes, fsl_clock.o(i.CLOCK_GetFreq))
<BR><BR>[Stack]<UL><LI>Max Depth = 404<LI>Call Chain = CLOCK_GetFreq &rArr; CLOCK_GetFixedFreqClkFreq &rArr; CLOCK_GetOutClkFreq &rArr; CLOCK_GetFllFreq &rArr; CLOCK_GetFllRefClkFreq &rArr; CLOCK_GetFllExtRefClkFreq &rArr; CLOCK_GetMcgExtClkFreq &rArr; __aeabi_assert &rArr; DbgConsole_Printf &rArr; StrFormatPrintf &rArr; ConvertRadixNumToString
</UL>
<BR>[Calls]<UL><LI><a href="#[ea]">&gt;&gt;</a>&nbsp;&nbsp;&nbsp;CLOCK_GetPllFllSelClkFreq
<LI><a href="#[ec]">&gt;&gt;</a>&nbsp;&nbsp;&nbsp;CLOCK_GetPll0Freq
<LI><a href="#[e5]">&gt;&gt;</a>&nbsp;&nbsp;&nbsp;CLOCK_GetOutClkFreq
<LI><a href="#[e2]">&gt;&gt;</a>&nbsp;&nbsp;&nbsp;CLOCK_GetOsc0ErClkFreq
<LI><a href="#[eb]">&gt;&gt;</a>&nbsp;&nbsp;&nbsp;CLOCK_GetInternalRefClkFreq
<LI><a href="#[e8]">&gt;&gt;</a>&nbsp;&nbsp;&nbsp;CLOCK_GetFllFreq
<LI><a href="#[e3]">&gt;&gt;</a>&nbsp;&nbsp;&nbsp;CLOCK_GetFixedFreqClkFreq
<LI><a href="#[e1]">&gt;&gt;</a>&nbsp;&nbsp;&nbsp;CLOCK_GetEr32kClkFreq
</UL>
<BR>[Called By]<UL><LI><a href="#[b2]">&gt;&gt;</a>&nbsp;&nbsp;&nbsp;UART4_GetFreq
<LI><a href="#[a7]">&gt;&gt;</a>&nbsp;&nbsp;&nbsp;UART2_GetFreq
<LI><a href="#[98]">&gt;&gt;</a>&nbsp;&nbsp;&nbsp;UART0_GetFreq
<LI><a href="#[160]">&gt;&gt;</a>&nbsp;&nbsp;&nbsp;pit_init
</UL>

<P><STRONG><a name="[eb]"></a>CLOCK_GetInternalRefClkFreq</STRONG> (Thumb, 22 bytes, Stack size 8 bytes, fsl_clock.o(i.CLOCK_GetInternalRefClkFreq))
<BR><BR>[Stack]<UL><LI>Max Depth = 8<LI>Call Chain = CLOCK_GetInternalRefClkFreq
</UL>
<BR>[Calls]<UL><LI><a href="#[ed]">&gt;&gt;</a>&nbsp;&nbsp;&nbsp;CLOCK_GetInternalRefClkSelectFreq
</UL>
<BR>[Called By]<UL><LI><a href="#[e9]">&gt;&gt;</a>&nbsp;&nbsp;&nbsp;CLOCK_GetFreq
</UL>

<P><STRONG><a name="[e2]"></a>CLOCK_GetOsc0ErClkFreq</STRONG> (Thumb, 42 bytes, Stack size 8 bytes, fsl_clock.o(i.CLOCK_GetOsc0ErClkFreq))
<BR><BR>[Stack]<UL><LI>Max Depth = 324<LI>Call Chain = CLOCK_GetOsc0ErClkFreq &rArr; __aeabi_assert &rArr; DbgConsole_Printf &rArr; StrFormatPrintf &rArr; ConvertRadixNumToString
</UL>
<BR>[Calls]<UL><LI><a href="#[dd]">&gt;&gt;</a>&nbsp;&nbsp;&nbsp;__aeabi_assert
</UL>
<BR>[Called By]<UL><LI><a href="#[e9]">&gt;&gt;</a>&nbsp;&nbsp;&nbsp;CLOCK_GetFreq
<LI><a href="#[e1]">&gt;&gt;</a>&nbsp;&nbsp;&nbsp;CLOCK_GetEr32kClkFreq
</UL>

<P><STRONG><a name="[e5]"></a>CLOCK_GetOutClkFreq</STRONG> (Thumb, 56 bytes, Stack size 8 bytes, fsl_clock.o(i.CLOCK_GetOutClkFreq))
<BR><BR>[Stack]<UL><LI>Max Depth = 380<LI>Call Chain = CLOCK_GetOutClkFreq &rArr; CLOCK_GetFllFreq &rArr; CLOCK_GetFllRefClkFreq &rArr; CLOCK_GetFllExtRefClkFreq &rArr; CLOCK_GetMcgExtClkFreq &rArr; __aeabi_assert &rArr; DbgConsole_Printf &rArr; StrFormatPrintf &rArr; ConvertRadixNumToString
</UL>
<BR>[Calls]<UL><LI><a href="#[ec]">&gt;&gt;</a>&nbsp;&nbsp;&nbsp;CLOCK_GetPll0Freq
<LI><a href="#[e8]">&gt;&gt;</a>&nbsp;&nbsp;&nbsp;CLOCK_GetFllFreq
<LI><a href="#[e7]">&gt;&gt;</a>&nbsp;&nbsp;&nbsp;CLOCK_GetMcgExtClkFreq
<LI><a href="#[ed]">&gt;&gt;</a>&nbsp;&nbsp;&nbsp;CLOCK_GetInternalRefClkSelectFreq
</UL>
<BR>[Called By]<UL><LI><a href="#[e9]">&gt;&gt;</a>&nbsp;&nbsp;&nbsp;CLOCK_GetFreq
<LI><a href="#[e3]">&gt;&gt;</a>&nbsp;&nbsp;&nbsp;CLOCK_GetFixedFreqClkFreq
</UL>

<P><STRONG><a name="[ec]"></a>CLOCK_GetPll0Freq</STRONG> (Thumb, 68 bytes, Stack size 8 bytes, fsl_clock.o(i.CLOCK_GetPll0Freq))
<BR><BR>[Stack]<UL><LI>Max Depth = 340<LI>Call Chain = CLOCK_GetPll0Freq &rArr; CLOCK_GetPll0RefFreq &rArr; CLOCK_GetMcgExtClkFreq &rArr; __aeabi_assert &rArr; DbgConsole_Printf &rArr; StrFormatPrintf &rArr; ConvertRadixNumToString
</UL>
<BR>[Calls]<UL><LI><a href="#[dd]">&gt;&gt;</a>&nbsp;&nbsp;&nbsp;__aeabi_assert
<LI><a href="#[ee]">&gt;&gt;</a>&nbsp;&nbsp;&nbsp;CLOCK_GetPll0RefFreq
</UL>
<BR>[Called By]<UL><LI><a href="#[e9]">&gt;&gt;</a>&nbsp;&nbsp;&nbsp;CLOCK_GetFreq
<LI><a href="#[ea]">&gt;&gt;</a>&nbsp;&nbsp;&nbsp;CLOCK_GetPllFllSelClkFreq
<LI><a href="#[e5]">&gt;&gt;</a>&nbsp;&nbsp;&nbsp;CLOCK_GetOutClkFreq
</UL>

<P><STRONG><a name="[ea]"></a>CLOCK_GetPllFllSelClkFreq</STRONG> (Thumb, 46 bytes, Stack size 8 bytes, fsl_clock.o(i.CLOCK_GetPllFllSelClkFreq))
<BR><BR>[Stack]<UL><LI>Max Depth = 380<LI>Call Chain = CLOCK_GetPllFllSelClkFreq &rArr; CLOCK_GetFllFreq &rArr; CLOCK_GetFllRefClkFreq &rArr; CLOCK_GetFllExtRefClkFreq &rArr; CLOCK_GetMcgExtClkFreq &rArr; __aeabi_assert &rArr; DbgConsole_Printf &rArr; StrFormatPrintf &rArr; ConvertRadixNumToString
</UL>
<BR>[Calls]<UL><LI><a href="#[ec]">&gt;&gt;</a>&nbsp;&nbsp;&nbsp;CLOCK_GetPll0Freq
<LI><a href="#[e8]">&gt;&gt;</a>&nbsp;&nbsp;&nbsp;CLOCK_GetFllFreq
</UL>
<BR>[Called By]<UL><LI><a href="#[e9]">&gt;&gt;</a>&nbsp;&nbsp;&nbsp;CLOCK_GetFreq
</UL>

<P><STRONG><a name="[d4]"></a>CLOCK_InitOsc0</STRONG> (Thumb, 98 bytes, Stack size 16 bytes, fsl_clock.o(i.CLOCK_InitOsc0))
<BR><BR>[Stack]<UL><LI>Max Depth = 16<LI>Call Chain = CLOCK_InitOsc0
</UL>
<BR>[Calls]<UL><LI><a href="#[ef]">&gt;&gt;</a>&nbsp;&nbsp;&nbsp;CLOCK_GetOscRangeFromFreq
</UL>
<BR>[Called By]<UL><LI><a href="#[d3]">&gt;&gt;</a>&nbsp;&nbsp;&nbsp;BOARD_BootClockRUN
</UL>

<P><STRONG><a name="[de]"></a>CLOCK_SetExternalRefClkConfig</STRONG> (Thumb, 56 bytes, Stack size 8 bytes, fsl_clock.o(i.CLOCK_SetExternalRefClkConfig))
<BR><BR>[Stack]<UL><LI>Max Depth = 8<LI>Call Chain = CLOCK_SetExternalRefClkConfig
</UL>
<BR>[Called By]<UL><LI><a href="#[d7]">&gt;&gt;</a>&nbsp;&nbsp;&nbsp;CLOCK_BootToPeeMode
</UL>

<P><STRONG><a name="[d5]"></a>CLOCK_SetInternalRefClkConfig</STRONG> (Thumb, 148 bytes, Stack size 20 bytes, fsl_clock.o(i.CLOCK_SetInternalRefClkConfig))
<BR><BR>[Stack]<UL><LI>Max Depth = 20<LI>Call Chain = CLOCK_SetInternalRefClkConfig
</UL>
<BR>[Called By]<UL><LI><a href="#[d3]">&gt;&gt;</a>&nbsp;&nbsp;&nbsp;BOARD_BootClockRUN
</UL>

<P><STRONG><a name="[df]"></a>CLOCK_SetPbeMode</STRONG> (Thumb, 124 bytes, Stack size 16 bytes, fsl_clock.o(i.CLOCK_SetPbeMode))
<BR><BR>[Stack]<UL><LI>Max Depth = 348<LI>Call Chain = CLOCK_SetPbeMode &rArr; CLOCK_EnablePll0 &rArr; __aeabi_assert &rArr; DbgConsole_Printf &rArr; StrFormatPrintf &rArr; ConvertRadixNumToString
</UL>
<BR>[Calls]<UL><LI><a href="#[dd]">&gt;&gt;</a>&nbsp;&nbsp;&nbsp;__aeabi_assert
<LI><a href="#[e0]">&gt;&gt;</a>&nbsp;&nbsp;&nbsp;CLOCK_EnablePll0
</UL>
<BR>[Called By]<UL><LI><a href="#[d7]">&gt;&gt;</a>&nbsp;&nbsp;&nbsp;CLOCK_BootToPeeMode
</UL>

<P><STRONG><a name="[d8]"></a>CLOCK_SetSimConfig</STRONG> (Thumb, 38 bytes, Stack size 0 bytes, fsl_clock.o(i.CLOCK_SetSimConfig))
<BR><BR>[Called By]<UL><LI><a href="#[d3]">&gt;&gt;</a>&nbsp;&nbsp;&nbsp;BOARD_BootClockRUN
</UL>

<P><STRONG><a name="[65]"></a>DMA0_DriverIRQHandler</STRONG> (Thumb, 28 bytes, Stack size 8 bytes, fsl_edma.o(i.DMA0_DriverIRQHandler))
<BR><BR>[Stack]<UL><LI>Max Depth = 356<LI>Call Chain = DMA0_DriverIRQHandler &rArr; EDMA_HandleIRQ &rArr; __aeabi_assert &rArr; DbgConsole_Printf &rArr; StrFormatPrintf &rArr; ConvertRadixNumToString
</UL>
<BR>[Calls]<UL><LI><a href="#[f0]">&gt;&gt;</a>&nbsp;&nbsp;&nbsp;EDMA_HandleIRQ
</UL>
<BR>[Address Reference Count : 1]<UL><LI> startup_mk64f12.o(.text)
</UL>
<P><STRONG><a name="[6f]"></a>DMA10_DriverIRQHandler</STRONG> (Thumb, 28 bytes, Stack size 8 bytes, fsl_edma.o(i.DMA10_DriverIRQHandler))
<BR><BR>[Stack]<UL><LI>Max Depth = 356<LI>Call Chain = DMA10_DriverIRQHandler &rArr; EDMA_HandleIRQ &rArr; __aeabi_assert &rArr; DbgConsole_Printf &rArr; StrFormatPrintf &rArr; ConvertRadixNumToString
</UL>
<BR>[Calls]<UL><LI><a href="#[f0]">&gt;&gt;</a>&nbsp;&nbsp;&nbsp;EDMA_HandleIRQ
</UL>
<BR>[Address Reference Count : 1]<UL><LI> startup_mk64f12.o(.text)
</UL>
<P><STRONG><a name="[70]"></a>DMA11_DriverIRQHandler</STRONG> (Thumb, 28 bytes, Stack size 8 bytes, fsl_edma.o(i.DMA11_DriverIRQHandler))
<BR><BR>[Stack]<UL><LI>Max Depth = 356<LI>Call Chain = DMA11_DriverIRQHandler &rArr; EDMA_HandleIRQ &rArr; __aeabi_assert &rArr; DbgConsole_Printf &rArr; StrFormatPrintf &rArr; ConvertRadixNumToString
</UL>
<BR>[Calls]<UL><LI><a href="#[f0]">&gt;&gt;</a>&nbsp;&nbsp;&nbsp;EDMA_HandleIRQ
</UL>
<BR>[Address Reference Count : 1]<UL><LI> startup_mk64f12.o(.text)
</UL>
<P><STRONG><a name="[71]"></a>DMA12_DriverIRQHandler</STRONG> (Thumb, 28 bytes, Stack size 8 bytes, fsl_edma.o(i.DMA12_DriverIRQHandler))
<BR><BR>[Stack]<UL><LI>Max Depth = 356<LI>Call Chain = DMA12_DriverIRQHandler &rArr; EDMA_HandleIRQ &rArr; __aeabi_assert &rArr; DbgConsole_Printf &rArr; StrFormatPrintf &rArr; ConvertRadixNumToString
</UL>
<BR>[Calls]<UL><LI><a href="#[f0]">&gt;&gt;</a>&nbsp;&nbsp;&nbsp;EDMA_HandleIRQ
</UL>
<BR>[Address Reference Count : 1]<UL><LI> startup_mk64f12.o(.text)
</UL>
<P><STRONG><a name="[72]"></a>DMA13_DriverIRQHandler</STRONG> (Thumb, 28 bytes, Stack size 8 bytes, fsl_edma.o(i.DMA13_DriverIRQHandler))
<BR><BR>[Stack]<UL><LI>Max Depth = 356<LI>Call Chain = DMA13_DriverIRQHandler &rArr; EDMA_HandleIRQ &rArr; __aeabi_assert &rArr; DbgConsole_Printf &rArr; StrFormatPrintf &rArr; ConvertRadixNumToString
</UL>
<BR>[Calls]<UL><LI><a href="#[f0]">&gt;&gt;</a>&nbsp;&nbsp;&nbsp;EDMA_HandleIRQ
</UL>
<BR>[Address Reference Count : 1]<UL><LI> startup_mk64f12.o(.text)
</UL>
<P><STRONG><a name="[73]"></a>DMA14_DriverIRQHandler</STRONG> (Thumb, 28 bytes, Stack size 8 bytes, fsl_edma.o(i.DMA14_DriverIRQHandler))
<BR><BR>[Stack]<UL><LI>Max Depth = 356<LI>Call Chain = DMA14_DriverIRQHandler &rArr; EDMA_HandleIRQ &rArr; __aeabi_assert &rArr; DbgConsole_Printf &rArr; StrFormatPrintf &rArr; ConvertRadixNumToString
</UL>
<BR>[Calls]<UL><LI><a href="#[f0]">&gt;&gt;</a>&nbsp;&nbsp;&nbsp;EDMA_HandleIRQ
</UL>
<BR>[Address Reference Count : 1]<UL><LI> startup_mk64f12.o(.text)
</UL>
<P><STRONG><a name="[74]"></a>DMA15_DriverIRQHandler</STRONG> (Thumb, 28 bytes, Stack size 8 bytes, fsl_edma.o(i.DMA15_DriverIRQHandler))
<BR><BR>[Stack]<UL><LI>Max Depth = 356<LI>Call Chain = DMA15_DriverIRQHandler &rArr; EDMA_HandleIRQ &rArr; __aeabi_assert &rArr; DbgConsole_Printf &rArr; StrFormatPrintf &rArr; ConvertRadixNumToString
</UL>
<BR>[Calls]<UL><LI><a href="#[f0]">&gt;&gt;</a>&nbsp;&nbsp;&nbsp;EDMA_HandleIRQ
</UL>
<BR>[Address Reference Count : 1]<UL><LI> startup_mk64f12.o(.text)
</UL>
<P><STRONG><a name="[66]"></a>DMA1_DriverIRQHandler</STRONG> (Thumb, 28 bytes, Stack size 8 bytes, fsl_edma.o(i.DMA1_DriverIRQHandler))
<BR><BR>[Stack]<UL><LI>Max Depth = 356<LI>Call Chain = DMA1_DriverIRQHandler &rArr; EDMA_HandleIRQ &rArr; __aeabi_assert &rArr; DbgConsole_Printf &rArr; StrFormatPrintf &rArr; ConvertRadixNumToString
</UL>
<BR>[Calls]<UL><LI><a href="#[f0]">&gt;&gt;</a>&nbsp;&nbsp;&nbsp;EDMA_HandleIRQ
</UL>
<BR>[Address Reference Count : 1]<UL><LI> startup_mk64f12.o(.text)
</UL>
[...]
</UL>
<BR>[Calls]<UL><LI><a href="#[11d]">&gt;&gt;</a>&nbsp;&nbsp;&nbsp;UART_TransferStartRingBuffer
<LI><a href="#[11c]">&gt;&gt;</a>&nbsp;&nbsp;&nbsp;UART_NonBlockingPowerControl
</UL>
<BR>[Address Reference Count : 1]<UL><LI> fsl_uart_cmsis.o(.constdata)
</UL>
<P><STRONG><a name="[ac]"></a>UART2_NonBlockingReceive</STRONG> (Thumb, 18 bytes, Stack size 16 bytes, fsl_uart_cmsis.o(i.UART2_NonBlockingReceive))
<BR><BR>[Stack]<UL><LI>Max Depth = 436<LI>Call Chain = UART2_NonBlockingReceive &rArr; UART_NonBlockingReceive &rArr; UART_TransferReceiveNonBlocking &rArr; UART_TransferGetRxRingBufferLength &rArr; __aeabi_assert &rArr; DbgConsole_Printf &rArr; StrFormatPrintf &rArr; ConvertRadixNumToString
</UL>
<BR>[Calls]<UL><LI><a href="#[11e]">&gt;&gt;</a>&nbsp;&nbsp;&nbsp;UART_NonBlockingReceive
</UL>
<BR>[Address Reference Count : 1]<UL><LI> fsl_uart_cmsis.o(.constdata)
</UL>
<P><STRONG><a name="[ab]"></a>UART2_NonBlockingSend</STRONG> (Thumb, 18 bytes, Stack size 16 bytes, fsl_uart_cmsis.o(i.UART2_NonBlockingSend))
<BR><BR>[Stack]<UL><LI>Max Depth = 388<LI>Call Chain = UART2_NonBlockingSend &rArr; UART_NonBlockingSend &rArr; UART_TransferSendNonBlocking &rArr; __aeabi_assert &rArr; DbgConsole_Printf &rArr; StrFormatPrintf &rArr; ConvertRadixNumToString
</UL>
<BR>[Calls]<UL><LI><a href="#[11f]">&gt;&gt;</a>&nbsp;&nbsp;&nbsp;UART_NonBlockingSend
</UL>
<BR>[Address Reference Count : 1]<UL><LI> fsl_uart_cmsis.o(.constdata)
</UL>
<P><STRONG><a name="[ad]"></a>UART2_NonBlockingTransfer</STRONG> (Thumb, 22 bytes, Stack size 16 bytes, fsl_uart_cmsis.o(i.UART2_NonBlockingTransfer))
<BR><BR>[Stack]<UL><LI>Max Depth = 24<LI>Call Chain = UART2_NonBlockingTransfer &rArr; UART_NonBlockingTransfer
</UL>
<BR>[Calls]<UL><LI><a href="#[120]">&gt;&gt;</a>&nbsp;&nbsp;&nbsp;UART_NonBlockingTransfer
</UL>
<BR>[Address Reference Count : 1]<UL><LI> fsl_uart_cmsis.o(.constdata)
</UL>
<P><STRONG><a name="[a9]"></a>UART2_NonBlockingUninitialize</STRONG> (Thumb, 14 bytes, Stack size 8 bytes, fsl_uart_cmsis.o(i.UART2_NonBlockingUninitialize))
<BR><BR>[Stack]<UL><LI>Max Depth = 16<LI>Call Chain = UART2_NonBlockingUninitialize &rArr; UART2_DeinitPins
</UL>
<BR>[Calls]<UL><LI><a href="#[124]">&gt;&gt;</a>&nbsp;&nbsp;&nbsp;UART2_DeinitPins
<LI><a href="#[121]">&gt;&gt;</a>&nbsp;&nbsp;&nbsp;UART_NonBlockingUninitialize
</UL>
<BR>[Address Reference Count : 1]<UL><LI> fsl_uart_cmsis.o(.constdata)
</UL>
<P><STRONG><a name="[bb]"></a>UART4_NonBlockingControl</STRONG> (Thumb, 78 bytes, Stack size 16 bytes, fsl_uart_cmsis.o(i.UART4_NonBlockingControl))
<BR><BR>[Stack]<UL><LI>Max Depth = 444<LI>Call Chain = UART4_NonBlockingControl &rArr; UART_NonBlockingControl &rArr; UART_CommonControl &rArr; UART_Init &rArr; UART_GetInstance &rArr; __aeabi_assert &rArr; DbgConsole_Printf &rArr; StrFormatPrintf &rArr; ConvertRadixNumToString
</UL>
<BR>[Calls]<UL><LI><a href="#[117]">&gt;&gt;</a>&nbsp;&nbsp;&nbsp;UART_EnableInterrupts
<LI><a href="#[116]">&gt;&gt;</a>&nbsp;&nbsp;&nbsp;UART_NonBlockingControl
</UL>
<BR>[Address Reference Count : 1]<UL><LI> fsl_uart_cmsis.o(.constdata)
</UL>
<P><STRONG><a name="[ba]"></a>UART4_NonBlockingGetRxCount</STRONG> (Thumb, 10 bytes, Stack size 8 bytes, fsl_uart_cmsis.o(i.UART4_NonBlockingGetRxCount))
<BR><BR>[Stack]<UL><LI>Max Depth = 356<LI>Call Chain = UART4_NonBlockingGetRxCount &rArr; UART_NonBlockingGetRxCount &rArr; UART_TransferGetReceiveCount &rArr; __aeabi_assert &rArr; DbgConsole_Printf &rArr; StrFormatPrintf &rArr; ConvertRadixNumToString
</UL>
<BR>[Calls]<UL><LI><a href="#[118]">&gt;&gt;</a>&nbsp;&nbsp;&nbsp;UART_NonBlockingGetRxCount
</UL>
<BR>[Address Reference Count : 1]<UL><LI> fsl_uart_cmsis.o(.constdata)
</UL>
<P><STRONG><a name="[bc]"></a>UART4_NonBlockingGetStatus</STRONG> (Thumb, 12 bytes, Stack size 8 bytes, fsl_uart_cmsis.o(i.UART4_NonBlockingGetStatus))
<BR><BR>[Stack]<UL><LI>Max Depth = 32<LI>Call Chain = UART4_NonBlockingGetStatus &rArr; UART_NonBlockingGetStatus
</UL>
<BR>[Calls]<UL><LI><a href="#[119]">&gt;&gt;</a>&nbsp;&nbsp;&nbsp;UART_NonBlockingGetStatus
</UL>
<BR>[Address Reference Count : 1]<UL><LI> fsl_uart_cmsis.o(.constdata)
</UL>
<P><STRONG><a name="[b9]"></a>UART4_NonBlockingGetTxCount</STRONG> (Thumb, 10 bytes, Stack size 8 bytes, fsl_uart_cmsis.o(i.UART4_NonBlockingGetTxCount))
<BR><BR>[Stack]<UL><LI>Max Depth = 356<LI>Call Chain = UART4_NonBlockingGetTxCount &rArr; UART_NonBlockingGetTxCount &rArr; UART_TransferGetSendCount &rArr; __aeabi_assert &rArr; DbgConsole_Printf &rArr; StrFormatPrintf &rArr; ConvertRadixNumToString
</UL>
<BR>[Calls]<UL><LI><a href="#[11a]">&gt;&gt;</a>&nbsp;&nbsp;&nbsp;UART_NonBlockingGetTxCount
</UL>
<BR>[Address Reference Count : 1]<UL><LI> fsl_uart_cmsis.o(.constdata)
</UL>
<P><STRONG><a name="[b3]"></a>UART4_NonBlockingInitialize</STRONG> (Thumb, 18 bytes, Stack size 8 bytes, fsl_uart_cmsis.o(i.UART4_NonBlockingInitialize))
<BR><BR>[Stack]<UL><LI>Max Depth = 16<LI>Call Chain = UART4_NonBlockingInitialize &rArr; UART4_InitPins
</UL>
<BR>[Calls]<UL><LI><a href="#[129]">&gt;&gt;</a>&nbsp;&nbsp;&nbsp;UART4_InitPins
<LI><a href="#[11b]">&gt;&gt;</a>&nbsp;&nbsp;&nbsp;UART_NonBlockingInitialize
</UL>
<BR>[Address Reference Count : 1]<UL><LI> fsl_uart_cmsis.o(.constdata)
</UL>
<P><STRONG><a name="[b5]"></a>UART4_NonBlockingPowerControl</STRONG> (Thumb, 46 bytes, Stack size 16 bytes, fsl_uart_cmsis.o(i.UART4_NonBlockingPowerControl))
<BR><BR>[Stack]<UL><LI>Max Depth = 420<LI>Call Chain = UART4_NonBlockingPowerControl &rArr; UART_NonBlockingPowerControl &rArr; UART_Init &rArr; UART_GetInstance &rArr; __aeabi_assert &rArr; DbgConsole_Printf &rArr; StrFormatPrintf &rArr; ConvertRadixNumToString
</UL>
<BR>[Calls]<UL><LI><a href="#[11d]">&gt;&gt;</a>&nbsp;&nbsp;&nbsp;UART_TransferStartRingBuffer
<LI><a href="#[11c]">&gt;&gt;</a>&nbsp;&nbsp;&nbsp;UART_NonBlockingPowerControl
</UL>
<BR>[Address Reference Count : 1]<UL><LI> fsl_uart_cmsis.o(.constdata)
</UL>
<P><STRONG><a name="[b7]"></a>UART4_NonBlockingReceive</STRONG> (Thumb, 18 bytes, Stack size 16 bytes, fsl_uart_cmsis.o(i.UART4_NonBlockingReceive))
<BR><BR>[Stack]<UL><LI>Max Depth = 436<LI>Call Chain = UART4_NonBlockingReceive &rArr; UART_NonBlockingReceive &rArr; UART_TransferReceiveNonBlocking &rArr; UART_TransferGetRxRingBufferLength &rArr; __aeabi_assert &rArr; DbgConsole_Printf &rArr; StrFormatPrintf &rArr; ConvertRadixNumToString
</UL>
<BR>[Calls]<UL><LI><a href="#[11e]">&gt;&gt;</a>&nbsp;&nbsp;&nbsp;UART_NonBlockingReceive
</UL>
<BR>[Address Reference Count : 1]<UL><LI> fsl_uart_cmsis.o(.constdata)
</UL>
<P><STRONG><a name="[b6]"></a>UART4_NonBlockingSend</STRONG> (Thumb, 18 bytes, Stack size 16 bytes, fsl_uart_cmsis.o(i.UART4_NonBlockingSend))
<BR><BR>[Stack]<UL><LI>Max Depth = 388<LI>Call Chain = UART4_NonBlockingSend &rArr; UART_NonBlockingSend &rArr; UART_TransferSendNonBlocking &rArr; __aeabi_assert &rArr; DbgConsole_Printf &rArr; StrFormatPrintf &rArr; ConvertRadixNumToString
</UL>
<BR>[Calls]<UL><LI><a href="#[11f]">&gt;&gt;</a>&nbsp;&nbsp;&nbsp;UART_NonBlockingSend
</UL>
<BR>[Address Reference Count : 1]<UL><LI> fsl_uart_cmsis.o(.constdata)
</UL>
<P><STRONG><a name="[b8]"></a>UART4_NonBlockingTransfer</STRONG> (Thumb, 22 bytes, Stack size 16 bytes, fsl_uart_cmsis.o(i.UART4_NonBlockingTransfer))
<BR><BR>[Stack]<UL><LI>Max Depth = 24<LI>Call Chain = UART4_NonBlockingTransfer &rArr; UART_NonBlockingTransfer
</UL>
<BR>[Calls]<UL><LI><a href="#[120]">&gt;&gt;</a>&nbsp;&nbsp;&nbsp;UART_NonBlockingTransfer
</UL>
<BR>[Address Reference Count : 1]<UL><LI> fsl_uart_cmsis.o(.constdata)
</UL>
<P><STRONG><a name="[b4]"></a>UART4_NonBlockingUninitialize</STRONG> (Thumb, 14 bytes, Stack size 8 bytes, fsl_uart_cmsis.o(i.UART4_NonBlockingUninitialize))
<BR><BR>[Stack]<UL><LI>Max Depth = 16<LI>Call Chain = UART4_NonBlockingUninitialize &rArr; UART4_DeinitPins
</UL>
<BR>[Calls]<UL><LI><a href="#[128]">&gt;&gt;</a>&nbsp;&nbsp;&nbsp;UART4_DeinitPins
<LI><a href="#[121]">&gt;&gt;</a>&nbsp;&nbsp;&nbsp;UART_NonBlockingUninitialize
</UL>
<BR>[Address Reference Count : 1]<UL><LI> fsl_uart_cmsis.o(.constdata)
</UL>
<P><STRONG><a name="[12c]"></a>UART_CommonControl</STRONG> (Thumb, 256 bytes, Stack size 40 bytes, fsl_uart_cmsis.o(i.UART_CommonControl))
<BR><BR>[Stack]<UL><LI>Max Depth = 412<LI>Call Chain = UART_CommonControl &rArr; UART_Init &rArr; UART_GetInstance &rArr; __aeabi_assert &rArr; DbgConsole_Printf &rArr; StrFormatPrintf &rArr; ConvertRadixNumToString
</UL>
<BR>[Calls]<UL><LI><a href="#[131]">&gt;&gt;</a>&nbsp;&nbsp;&nbsp;UART_Init
<LI><a href="#[12d]">&gt;&gt;</a>&nbsp;&nbsp;&nbsp;UART_GetDefaultConfig
<LI><a href="#[130]">&gt;&gt;</a>&nbsp;&nbsp;&nbsp;UART_Deinit
<LI><a href="#[12e]">&gt;&gt;</a>&nbsp;&nbsp;&nbsp;UART_EnableTx
<LI><a href="#[12f]">&gt;&gt;</a>&nbsp;&nbsp;&nbsp;UART_EnableRx
</UL>
<BR>[Called By]<UL><LI><a href="#[116]">&gt;&gt;</a>&nbsp;&nbsp;&nbsp;UART_NonBlockingControl
</UL>

<P><STRONG><a name="[12f]"></a>UART_EnableRx</STRONG> (Thumb, 22 bytes, Stack size 0 bytes, fsl_uart_cmsis.o(i.UART_EnableRx))
<BR><BR>[Called By]<UL><LI><a href="#[12c]">&gt;&gt;</a>&nbsp;&nbsp;&nbsp;UART_CommonControl
</UL>

<P><STRONG><a name="[12e]"></a>UART_EnableTx</STRONG> (Thumb, 22 bytes, Stack size 0 bytes, fsl_uart_cmsis.o(i.UART_EnableTx))
<BR><BR>[Called By]<UL><LI><a href="#[12c]">&gt;&gt;</a>&nbsp;&nbsp;&nbsp;UART_CommonControl
</UL>

<P><STRONG><a name="[116]"></a>UART_NonBlockingControl</STRONG> (Thumb, 94 bytes, Stack size 16 bytes, fsl_uart_cmsis.o(i.UART_NonBlockingControl))
<BR><BR>[Stack]<UL><LI>Max Depth = 428<LI>Call Chain = UART_NonBlockingControl &rArr; UART_CommonControl &rArr; UART_Init &rArr; UART_GetInstance &rArr; __aeabi_assert &rArr; DbgConsole_Printf &rArr; StrFormatPrintf &rArr; ConvertRadixNumToString
</UL>
<BR>[Calls]<UL><LI><a href="#[133]">&gt;&gt;</a>&nbsp;&nbsp;&nbsp;UART_TransferAbortSend
<LI><a href="#[134]">&gt;&gt;</a>&nbsp;&nbsp;&nbsp;UART_TransferAbortReceive
<LI><a href="#[12c]">&gt;&gt;</a>&nbsp;&nbsp;&nbsp;UART_CommonControl
</UL>
<BR>[Called By]<UL><LI><a href="#[bb]">&gt;&gt;</a>&nbsp;&nbsp;&nbsp;UART4_NonBlockingControl
<LI><a href="#[b0]">&gt;&gt;</a>&nbsp;&nbsp;&nbsp;UART2_NonBlockingControl
<LI><a href="#[a3]">&gt;&gt;</a>&nbsp;&nbsp;&nbsp;UART0_NonBlockingControl
</UL>

<P><STRONG><a name="[118]"></a>UART_NonBlockingGetRxCount</STRONG> (Thumb, 30 bytes, Stack size 16 bytes, fsl_uart_cmsis.o(i.UART_NonBlockingGetRxCount))
<BR><BR>[Stack]<UL><LI>Max Depth = 348<LI>Call Chain = UART_NonBlockingGetRxCount &rArr; UART_TransferGetReceiveCount &rArr; __aeabi_assert &rArr; DbgConsole_Printf &rArr; StrFormatPrintf &rArr; ConvertRadixNumToString
</UL>
<BR>[Calls]<UL><LI><a href="#[135]">&gt;&gt;</a>&nbsp;&nbsp;&nbsp;UART_TransferGetReceiveCount
</UL>
<BR>[Called By]<UL><LI><a href="#[ba]">&gt;&gt;</a>&nbsp;&nbsp;&nbsp;UART4_NonBlockingGetRxCount
<LI><a href="#[af]">&gt;&gt;</a>&nbsp;&nbsp;&nbsp;UART2_NonBlockingGetRxCount
<LI><a href="#[a2]">&gt;&gt;</a>&nbsp;&nbsp;&nbsp;UART0_NonBlockingGetRxCount
</UL>

<P><STRONG><a name="[119]"></a>UART_NonBlockingGetStatus</STRONG> (Thumb, 212 bytes, Stack size 24 bytes, fsl_uart_cmsis.o(i.UART_NonBlockingGetStatus))
<BR><BR>[Stack]<UL><LI>Max Depth = 24<LI>Call Chain = UART_NonBlockingGetStatus
</UL>
<BR>[Calls]<UL><LI><a href="#[136]">&gt;&gt;</a>&nbsp;&nbsp;&nbsp;UART_GetStatusFlags
</UL>
<BR>[Called By]<UL><LI><a href="#[bc]">&gt;&gt;</a>&nbsp;&nbsp;&nbsp;UART4_NonBlockingGetStatus
<LI><a href="#[b1]">&gt;&gt;</a>&nbsp;&nbsp;&nbsp;UART2_NonBlockingGetStatus
<LI><a href="#[a4]">&gt;&gt;</a>&nbsp;&nbsp;&nbsp;UART0_NonBlockingGetStatus
</UL>

<P><STRONG><a name="[11a]"></a>UART_NonBlockingGetTxCount</STRONG> (Thumb, 30 bytes, Stack size 16 bytes, fsl_uart_cmsis.o(i.UART_NonBlockingGetTxCount))
<BR><BR>[Stack]<UL><LI>Max Depth = 348<LI>Call Chain = UART_NonBlockingGetTxCount &rArr; UART_TransferGetSendCount &rArr; __aeabi_assert &rArr; DbgConsole_Printf &rArr; StrFormatPrintf &rArr; ConvertRadixNumToString
</UL>
<BR>[Calls]<UL><LI><a href="#[137]">&gt;&gt;</a>&nbsp;&nbsp;&nbsp;UART_TransferGetSendCount
</UL>
<BR>[Called By]<UL><LI><a href="#[b9]">&gt;&gt;</a>&nbsp;&nbsp;&nbsp;UART4_NonBlockingGetTxCount
<LI><a href="#[ae]">&gt;&gt;</a>&nbsp;&nbsp;&nbsp;UART2_NonBlockingGetTxCount
<LI><a href="#[a1]">&gt;&gt;</a>&nbsp;&nbsp;&nbsp;UART0_NonBlockingGetTxCount
</UL>

<P><STRONG><a name="[11b]"></a>UART_NonBlockingInitialize</STRONG> (Thumb, 20 bytes, Stack size 0 bytes, fsl_uart_cmsis.o(i.UART_NonBlockingInitialize))
<BR><BR>[Called By]<UL><LI><a href="#[b3]">&gt;&gt;</a>&nbsp;&nbsp;&nbsp;UART4_NonBlockingInitialize
<LI><a href="#[a8]">&gt;&gt;</a>&nbsp;&nbsp;&nbsp;UART2_NonBlockingInitialize
<LI><a href="#[9b]">&gt;&gt;</a>&nbsp;&nbsp;&nbsp;UART0_NonBlockingInitialize
</UL>

<P><STRONG><a name="[11c]"></a>UART_NonBlockingPowerControl</STRONG> (Thumb, 140 bytes, Stack size 32 bytes, fsl_uart_cmsis.o(i.UART_NonBlockingPowerControl))
<BR><BR>[Stack]<UL><LI>Max Depth = 404<LI>Call Chain = UART_NonBlockingPowerControl &rArr; UART_Init &rArr; UART_GetInstance &rArr; __aeabi_assert &rArr; DbgConsole_Printf &rArr; StrFormatPrintf &rArr; ConvertRadixNumToString
</UL>
<BR>[Calls]<UL><LI><a href="#[138]">&gt;&gt;</a>&nbsp;&nbsp;&nbsp;UART_TransferCreateHandle
<LI><a href="#[131]">&gt;&gt;</a>&nbsp;&nbsp;&nbsp;UART_Init
<LI><a href="#[12d]">&gt;&gt;</a>&nbsp;&nbsp;&nbsp;UART_GetDefaultConfig
<LI><a href="#[130]">&gt;&gt;</a>&nbsp;&nbsp;&nbsp;UART_Deinit
</UL>
<BR>[Called By]<UL><LI><a href="#[b5]">&gt;&gt;</a>&nbsp;&nbsp;&nbsp;UART4_NonBlockingPowerControl
<LI><a href="#[aa]">&gt;&gt;</a>&nbsp;&nbsp;&nbsp;UART2_NonBlockingPowerControl
<LI><a href="#[9d]">&gt;&gt;</a>&nbsp;&nbsp;&nbsp;UART0_NonBlockingPowerControl
</UL>

<P><STRONG><a name="[11e]"></a>UART_NonBlockingReceive</STRONG> (Thumb, 80 bytes, Stack size 32 bytes, fsl_uart_cmsis.o(i.UART_NonBlockingReceive))
<BR><BR>[Stack]<UL><LI>Max Depth = 420<LI>Call Chain = UART_NonBlockingReceive &rArr; UART_TransferReceiveNonBlocking &rArr; UART_TransferGetRxRingBufferLength &rArr; __aeabi_assert &rArr; DbgConsole_Printf &rArr; StrFormatPrintf &rArr; ConvertRadixNumToString
</UL>
<BR>[Calls]<UL><LI><a href="#[139]">&gt;&gt;</a>&nbsp;&nbsp;&nbsp;UART_TransferReceiveNonBlocking
</UL>
<BR>[Called By]<UL><LI><a href="#[b7]">&gt;&gt;</a>&nbsp;&nbsp;&nbsp;UART4_NonBlockingReceive
<LI><a href="#[ac]">&gt;&gt;</a>&nbsp;&nbsp;&nbsp;UART2_NonBlockingReceive
<LI><a href="#[9f]">&gt;&gt;</a>&nbsp;&nbsp;&nbsp;UART0_NonBlockingReceive
</UL>

<P><STRONG><a name="[11f]"></a>UART_NonBlockingSend</STRONG> (Thumb, 78 bytes, Stack size 32 bytes, fsl_uart_cmsis.o(i.UART_NonBlockingSend))
<BR><BR>[Stack]<UL><LI>Max Depth = 372<LI>Call Chain = UART_NonBlockingSend &rArr; UART_TransferSendNonBlocking &rArr; __aeabi_assert &rArr; DbgConsole_Printf &rArr; StrFormatPrintf &rArr; ConvertRadixNumToString
</UL>
<BR>[Calls]<UL><LI><a href="#[13a]">&gt;&gt;</a>&nbsp;&nbsp;&nbsp;UART_TransferSendNonBlocking
</UL>
<BR>[Called By]<UL><LI><a href="#[b6]">&gt;&gt;</a>&nbsp;&nbsp;&nbsp;UART4_NonBlockingSend
<LI><a href="#[ab]">&gt;&gt;</a>&nbsp;&nbsp;&nbsp;UART2_NonBlockingSend
<LI><a href="#[9e]">&gt;&gt;</a>&nbsp;&nbsp;&nbsp;UART0_NonBlockingSend
</UL>

<P><STRONG><a name="[120]"></a>UART_NonBlockingTransfer</STRONG> (Thumb, 10 bytes, Stack size 8 bytes, fsl_uart_cmsis.o(i.UART_NonBlockingTransfer))
<BR><BR>[Stack]<UL><LI>Max Depth = 8<LI>Call Chain = UART_NonBlockingTransfer
</UL>
<BR>[Called By]<UL><LI><a href="#[b8]">&gt;&gt;</a>&nbsp;&nbsp;&nbsp;UART4_NonBlockingTransfer
<LI><a href="#[ad]">&gt;&gt;</a>&nbsp;&nbsp;&nbsp;UART2_NonBlockingTransfer
<LI><a href="#[a0]">&gt;&gt;</a>&nbsp;&nbsp;&nbsp;UART0_NonBlockingTransfer
</UL>

<P><STRONG><a name="[121]"></a>UART_NonBlockingUninitialize</STRONG> (Thumb, 8 bytes, Stack size 0 bytes, fsl_uart_cmsis.o(i.UART_NonBlockingUninitialize))
<BR><BR>[Called By]<UL><LI><a href="#[b4]">&gt;&gt;</a>&nbsp;&nbsp;&nbsp;UART4_NonBlockingUninitialize
<LI><a href="#[a9]">&gt;&gt;</a>&nbsp;&nbsp;&nbsp;UART2_NonBlockingUninitialize
<LI><a href="#[9c]">&gt;&gt;</a>&nbsp;&nbsp;&nbsp;UART0_NonBlockingUninitialize
</UL>

<P><STRONG><a name="[9a]"></a>UARTx_GetCapabilities</STRONG> (Thumb, 6 bytes, Stack size 0 bytes, fsl_uart_cmsis.o(i.UARTx_GetCapabilities))
<BR>[Address Reference Count : 1]<UL><LI> fsl_uart_cmsis.o(.constdata)
</UL>
<P><STRONG><a name="[a6]"></a>UARTx_GetModemStatus</STRONG> (Thumb, 104 bytes, Stack size 12 bytes, fsl_uart_cmsis.o(i.UARTx_GetModemStatus))
<BR><BR>[Stack]<UL><LI>Max Depth = 12<LI>Call Chain = UARTx_GetModemStatus
</UL>
<BR>[Address Reference Count : 1]<UL><LI> fsl_uart_cmsis.o(.constdata)
</UL>
<P><STRONG><a name="[99]"></a>UARTx_GetVersion</STRONG> (Thumb, 10 bytes, Stack size 8 bytes, fsl_uart_cmsis.o(i.UARTx_GetVersion))
<BR><BR>[Stack]<UL><LI>Max Depth = 8<LI>Call Chain = UARTx_GetVersion
</UL>
<BR>[Address Reference Count : 1]<UL><LI> fsl_uart_cmsis.o(.constdata)
</UL>
<P><STRONG><a name="[a5]"></a>UARTx_SetModemControl</STRONG> (Thumb, 8 bytes, Stack size 0 bytes, fsl_uart_cmsis.o(i.UARTx_SetModemControl))
<BR>[Address Reference Count : 1]<UL><LI> fsl_uart_cmsis.o(.constdata)
</UL>
<P><STRONG><a name="[91]"></a>DbgConsole_RelocateLog</STRONG> (Thumb, 62 bytes, Stack size 24 bytes, fsl_debug_console.o(i.DbgConsole_RelocateLog))
<BR><BR>[Stack]<UL><LI>Max Depth = 104<LI>Call Chain = DbgConsole_RelocateLog &rArr; LOG_Push &rArr;  __aeabi_assert (Cycle)
</UL>
<BR>[Calls]<UL><LI><a href="#[f4]">&gt;&gt;</a>&nbsp;&nbsp;&nbsp;LOG_Push
</UL>
<BR>[Address Reference Count : 1]<UL><LI> fsl_debug_console.o(i.DbgConsole_Printf)
</UL>
<P><STRONG><a name="[111]"></a>ConvertRadixNumToString</STRONG> (Thumb, 168 bytes, Stack size 36 bytes, fsl_str.o(i.ConvertRadixNumToString))
<BR><BR>[Stack]<UL><LI>Max Depth = 36<LI>Call Chain = ConvertRadixNumToString
</UL>
<BR>[Called By]<UL><LI><a href="#[f3]">&gt;&gt;</a>&nbsp;&nbsp;&nbsp;StrFormatPrintf
</UL>

<P><STRONG><a name="[153]"></a>_fp_digits</STRONG> (Thumb, 366 bytes, Stack size 64 bytes, printfa.o(i._fp_digits), UNUSED)
<BR><BR>[Calls]<UL><LI><a href="#[cb]">&gt;&gt;</a>&nbsp;&nbsp;&nbsp;__aeabi_dmul
<LI><a href="#[cc]">&gt;&gt;</a>&nbsp;&nbsp;&nbsp;__aeabi_ddiv
<LI><a href="#[c5]">&gt;&gt;</a>&nbsp;&nbsp;&nbsp;__aeabi_dadd
<LI><a href="#[d0]">&gt;&gt;</a>&nbsp;&nbsp;&nbsp;__aeabi_d2ulz
<LI><a href="#[154]">&gt;&gt;</a>&nbsp;&nbsp;&nbsp;__aeabi_cdrcmple
<LI><a href="#[bf]">&gt;&gt;</a>&nbsp;&nbsp;&nbsp;__aeabi_uldivmod
</UL>
<BR>[Called By]<UL><LI><a href="#[141]">&gt;&gt;</a>&nbsp;&nbsp;&nbsp;_printf_core
</UL>

<P><STRONG><a name="[141]"></a>_printf_core</STRONG> (Thumb, 1744 bytes, Stack size 136 bytes, printfa.o(i._printf_core), UNUSED)
<BR><BR>[Calls]<UL><LI><a href="#[157]">&gt;&gt;</a>&nbsp;&nbsp;&nbsp;__aeabi_uidivmod
<LI><a href="#[155]">&gt;&gt;</a>&nbsp;&nbsp;&nbsp;_printf_pre_padding
<LI><a href="#[156]">&gt;&gt;</a>&nbsp;&nbsp;&nbsp;_printf_post_padding
<LI><a href="#[153]">&gt;&gt;</a>&nbsp;&nbsp;&nbsp;_fp_digits
<LI><a href="#[bf]">&gt;&gt;</a>&nbsp;&nbsp;&nbsp;__aeabi_uldivmod
</UL>
<BR>[Called By]<UL><LI><a href="#[140]">&gt;&gt;</a>&nbsp;&nbsp;&nbsp;__0vsprintf
</UL>

<P><STRONG><a name="[156]"></a>_printf_post_padding</STRONG> (Thumb, 36 bytes, Stack size 24 bytes, printfa.o(i._printf_post_padding), UNUSED)
<BR><BR>[Called By]<UL><LI><a href="#[141]">&gt;&gt;</a>&nbsp;&nbsp;&nbsp;_printf_core
</UL>

<P><STRONG><a name="[155]"></a>_printf_pre_padding</STRONG> (Thumb, 46 bytes, Stack size 24 bytes, printfa.o(i._printf_pre_padding), UNUSED)
<BR><BR>[Called By]<UL><LI><a href="#[141]">&gt;&gt;</a>&nbsp;&nbsp;&nbsp;_printf_core
</UL>

<P><STRONG><a name="[94]"></a>_sputc</STRONG> (Thumb, 10 bytes, Stack size 0 bytes, printfa.o(i._sputc))
<BR><BR>[Called By]<UL><LI><a href="#[140]">&gt;&gt;</a>&nbsp;&nbsp;&nbsp;__0vsprintf
</UL>
<BR>[Address Reference Count : 1]<UL><LI> printfa.o(i.__0vsprintf)
</UL><P>
<H3>
Undefined Global Symbols
</H3><HR></body></html>
