Component: ARM Compiler 5.06 update 6 (build 750) Tool: armlink [4d35ed]

==============================================================================

Section Cross References

    board.o(i.BOARD_InitDebugConsole) refers to fsl_clock.o(i.CLOCK_GetCoreSysClkFreq) for CLOCK_GetCoreSysClkFreq
    board.o(i.BOARD_InitDebugConsole) refers to fsl_debug_console.o(i.DbgConsole_Init) for DbgConsole_Init
    clock_config.o(i.BOARD_BootClockRUN) refers to fsl_clock.o(i.CLOCK_InitOsc0) for CLOCK_InitOsc0
    clock_config.o(i.BOARD_BootClockRUN) refers to fsl_clock.o(i.CLOCK_SetInternalRefClkConfig) for CLOCK_SetInternalRefClkConfig
    clock_config.o(i.BOARD_BootClockRUN) refers to clock_config.o(i.CLOCK_CONFIG_SetFllExtRefDiv) for CLOCK_CONFIG_SetFllExtRefDiv
    clock_config.o(i.BOARD_BootClockRUN) refers to fsl_clock.o(i.CLOCK_BootToPeeMode) for CLOCK_BootToPeeMode
    clock_config.o(i.BOARD_BootClockRUN) refers to fsl_clock.o(i.CLOCK_SetSimConfig) for CLOCK_SetSimConfig
    clock_config.o(i.BOARD_BootClockRUN) refers to clock_config.o(.constdata) for oscConfig_BOARD_BootClockRUN
    clock_config.o(i.BOARD_BootClockRUN) refers to fsl_clock.o(.data) for g_xtal0Freq
    clock_config.o(i.BOARD_BootClockRUN) refers to system_mk64f12.o(.data) for SystemCoreClock
    clock_config.o(i.BOARD_BootClockVLPR) refers to fsl_clock.o(i.CLOCK_BootToBlpiMode) for CLOCK_BootToBlpiMode
    clock_config.o(i.BOARD_BootClockVLPR) refers to fsl_clock.o(i.CLOCK_SetSimConfig) for CLOCK_SetSimConfig
    clock_config.o(i.BOARD_BootClockVLPR) refers to fsl_smc.o(i.SMC_SetPowerModeVlpr) for SMC_SetPowerModeVlpr
    clock_config.o(i.BOARD_BootClockVLPR) refers to clock_config.o(.constdata) for mcgConfig_BOARD_BootClockVLPR
    clock_config.o(i.BOARD_BootClockVLPR) refers to system_mk64f12.o(.data) for SystemCoreClock
    pin_mux.o(i.BOARD_InitPins) refers to pin_mux.o(i.CLOCK_EnableClock) for CLOCK_EnableClock
    pin_mux.o(i.BOARD_InitPins) refers to pin_mux.o(i.PORT_SetPinConfig) for PORT_SetPinConfig
    pin_mux.o(i.BOARD_InitPins) refers to pin_mux.o(i.PORT_SetPinMux) for PORT_SetPinMux
    pin_mux.o(i.BOARD_InitPins) refers to pin_mux.o(.constdata) for .constdata
    pin_mux.o(i.PORT_SetPinConfig) refers to fsl_assert.o(i.__aeabi_assert) for __aeabi_assert
    pin_mux.o(i.UART0_DeinitPins) refers to pin_mux.o(i.PORT_SetPinMux) for PORT_SetPinMux
    pin_mux.o(i.UART0_InitPins) refers to pin_mux.o(i.CLOCK_EnableClock) for CLOCK_EnableClock
    pin_mux.o(i.UART0_InitPins) refers to pin_mux.o(i.PORT_SetPinMux) for PORT_SetPinMux
    pin_mux.o(i.UART2_DeinitPins) refers to pin_mux.o(i.PORT_SetPinMux) for PORT_SetPinMux
    pin_mux.o(i.UART2_InitPins) refers to pin_mux.o(i.CLOCK_EnableClock) for CLOCK_EnableClock
    pin_mux.o(i.UART2_InitPins) refers to pin_mux.o(i.PORT_SetPinMux) for PORT_SetPinMux
    pin_mux.o(i.UART4_DeinitPins) refers to pin_mux.o(i.PORT_SetPinMux) for PORT_SetPinMux
    pin_mux.o(i.UART4_InitPins) refers to pin_mux.o(i.CLOCK_EnableClock) for CLOCK_EnableClock
    pin_mux.o(i.UART4_InitPins) refers to pin_mux.o(i.PORT_SetPinMux) for PORT_SetPinMux
    pit.o(i.pit_init) refers to fsl_assert.o(i.__aeabi_assert) for __aeabi_assert
    pit.o(i.pit_init) refers to fsl_pit.o(i.PIT_Init) for PIT_Init
    pit.o(i.pit_init) refers to fsl_clock.o(i.CLOCK_GetFreq) for CLOCK_GetFreq
    pit.o(i.pit_init) refers to uldiv.o(.text) for __aeabi_uldivmod
    cmsis_usart_interrupt_transfer.o(i.UART0_GetFreq) refers to fsl_clock.o(i.CLOCK_GetFreq) for CLOCK_GetFreq
    cmsis_usart_interrupt_transfer.o(i.UART2_GetFreq) refers to fsl_clock.o(i.CLOCK_GetFreq) for CLOCK_GetFreq
    cmsis_usart_interrupt_transfer.o(i.UART4_GetFreq) refers to fsl_clock.o(i.CLOCK_GetFreq) for CLOCK_GetFreq
    cmsis_usart_interrupt_transfer.o(i.USART0_SignalEvent_t) refers to cmsis_usart_interrupt_transfer.o(.data) for txOnGoing
    cmsis_usart_interrupt_transfer.o(i.USART0_SignalEvent_t) refers to fsl_uart_cmsis.o(.constdata) for Driver_USART0
    cmsis_usart_interrupt_transfer.o(i.USART0_SignalEvent_t) refers to global.o(.data) for g_rxBuffer0
    cmsis_usart_interrupt_transfer.o(i.USART2_SignalEvent_t) refers to cmsis_usart_interrupt_transfer.o(.data) for txOnGoing
    cmsis_usart_interrupt_transfer.o(i.USART2_SignalEvent_t) refers to fsl_uart_cmsis.o(.constdata) for Driver_USART2
    cmsis_usart_interrupt_transfer.o(i.USART2_SignalEvent_t) refers to global.o(.data) for g_rxBuffer2
    cmsis_usart_interrupt_transfer.o(i.USART4_SignalEvent_t) refers to cmsis_usart_interrupt_transfer.o(.data) for txOnGoing
    cmsis_usart_interrupt_transfer.o(i.USART4_SignalEvent_t) refers to fsl_uart_cmsis.o(.constdata) for Driver_USART4
    cmsis_usart_interrupt_transfer.o(i.USART4_SignalEvent_t) refers to global.o(.data) for g_rxBuffer4
    cmsis_usart_interrupt_transfer.o(i.uart0_Printf) refers to printfa.o(i.__0vsprintf) for vsprintf
    cmsis_usart_interrupt_transfer.o(i.uart0_Printf) refers to cmsis_usart_interrupt_transfer.o(.data) for txOnGoing
[...]
    i.USART2_SignalEvent_t                   0x00003e34   Section        0  cmsis_usart_interrupt_transfer.o(i.USART2_SignalEvent_t)
    i.USART4_SignalEvent_t                   0x00003e60   Section        0  cmsis_usart_interrupt_transfer.o(i.USART4_SignalEvent_t)
    i.__0vsprintf                            0x00003ee0   Section        0  printfa.o(i.__0vsprintf)
    i.__ARM_fpclassify                       0x00003f04   Section        0  fpclassify.o(i.__ARM_fpclassify)
    i.__aeabi_assert                         0x00003f34   Section        0  fsl_assert.o(i.__aeabi_assert)
    i.__hardfp_asin                          0x00003f78   Section        0  asin.o(i.__hardfp_asin)
    i.__hardfp_atan                          0x000042d8   Section        0  atan.o(i.__hardfp_atan)
    i.__hardfp_atan2                         0x000045b0   Section        0  atan2.o(i.__hardfp_atan2)
    i.__hardfp_fabs                          0x000047a0   Section        0  fabs.o(i.__hardfp_fabs)
    i.__hardfp_sqrt                          0x000047b4   Section        0  sqrt.o(i.__hardfp_sqrt)
    i.__hardfp_tan                           0x00004830   Section        0  tan.o(i.__hardfp_tan)
    i.__ieee754_rem_pio2                     0x000048b0   Section        0  rred.o(i.__ieee754_rem_pio2)
    i.__kernel_poly                          0x00004ce8   Section        0  poly.o(i.__kernel_poly)
    i.__kernel_tan                           0x00004de0   Section        0  tan_i.o(i.__kernel_tan)
    i.__mathlib_dbl_infnan                   0x00005130   Section        0  dunder.o(i.__mathlib_dbl_infnan)
    i.__mathlib_dbl_infnan2                  0x00005144   Section        0  dunder.o(i.__mathlib_dbl_infnan2)
    i.__mathlib_dbl_invalid                  0x00005158   Section        0  dunder.o(i.__mathlib_dbl_invalid)
    i.__mathlib_dbl_underflow                0x00005178   Section        0  dunder.o(i.__mathlib_dbl_underflow)
    i.__scatterload_copy                     0x00005198   Section       14  handlers.o(i.__scatterload_copy)
    i.__scatterload_null                     0x000051a6   Section        2  handlers.o(i.__scatterload_null)
    i.__scatterload_zeroinit                 0x000051a8   Section       14  handlers.o(i.__scatterload_zeroinit)
    i.__set_errno                            0x000051b8   Section        0  errno.o(i.__set_errno)
    i._fp_digits                             0x000051c4   Section        0  printfa.o(i._fp_digits)
    _fp_digits                               0x000051c5   Thumb Code   366  printfa.o(i._fp_digits)
    i._printf_core                           0x00005348   Section        0  printfa.o(i._printf_core)
    _printf_core                             0x00005349   Thumb Code  1744  printfa.o(i._printf_core)
    i._printf_post_padding                   0x00005a24   Section        0  printfa.o(i._printf_post_padding)
    _printf_post_padding                     0x00005a25   Thumb Code    36  printfa.o(i._printf_post_padding)
    i._printf_pre_padding                    0x00005a48   Section        0  printfa.o(i._printf_pre_padding)
    _printf_pre_padding                      0x00005a49   Thumb Code    46  printfa.o(i._printf_pre_padding)
    i._sputc                                 0x00005a76   Section        0  printfa.o(i._sputc)
    _sputc                                   0x00005a77   Thumb Code    10  printfa.o(i._sputc)
    i.acc_judge                              0x00005a80   Section        0  analysis.o(i.acc_judge)
    i.acc_judge2                             0x00005af0   Section        0  analysis.o(i.acc_judge2)
    i.angel_judge                            0x00005b64   Section        0  analysis.o(i.angel_judge)
    i.atan                                   0x00005d7c   Section        0  atan.o(i.atan)
    i.delay_us                               0x00005d8c   Section        0  delay.o(i.delay_us)
    i.fabs                                   0x00005db8   Section        0  fabs.o(i.fabs)
    i.fall_judge                             0x00005dd0   Section        0  analysis.o(i.fall_judge)
    i.gpio_set                               0x00005dec   Section        0  gpio.o(i.gpio_set)
    i.gpio_set_mode                          0x00005e14   Section        0  gpio.o(i.gpio_set_mode)
    i.gyo_judge                              0x00005ed4   Section        0  analysis.o(i.gyo_judge)
    i.init_LED                               0x00005fe8   Section        0  led.o(i.init_LED)
    i.init_acc_gyo                           0x0000603c   Section        0  analysis.o(i.init_acc_gyo)
    i.init_gpio_irq2                         0x00006160   Section        0  gpio_input_interrupt.o(i.init_gpio_irq2)
    i.init_gpio_irq3                         0x00006194   Section        0  gpio_input_interrupt.o(i.init_gpio_irq3)
    i.main                                   0x000061c8   Section        0  main.o(i.main)
    i.pit_init                               0x00006394   Section        0  pit.o(i.pit_init)
    i.set_LED                                0x00006480   Section        0  led.o(i.set_LED)
    i.sqrt                                   0x00006584   Section        0  sqrt.o(i.sqrt)
    i.uart0_init                             0x000065f4   Section        0  cmsis_usart_interrupt_transfer.o(i.uart0_init)
    i.uart2_Printf                           0x0000664c   Section        0  cmsis_usart_interrupt_transfer.o(i.uart2_Printf)
    i.uart2_init                             0x000066b8   Section        0  cmsis_usart_interrupt_transfer.o(i.uart2_init)
    i.uart4_Printf                           0x000066f8   Section        0  cmsis_usart_interrupt_transfer.o(i.uart4_Printf)
    i.uart4_init                             0x00006764   Section        0  cmsis_usart_interrupt_transfer.o(i.uart4_init)
    i.up_angel                               0x000067bc   Section        0  analysis.o(i.up_angel)
    i.update                                 0x00007d2c   Section        0  analysis.o(i.update)
    .constdata                               0x00007e18   Section       56  clock_config.o(.constdata)
    .constdata                               0x00007e50   Section        6  pin_mux.o(.constdata)
    .constdata                               0x00007e56   Section      100  cmsis_usart_interrupt_transfer.o(.constdata)
    .constdata                               0x00007ebc   Section        6  gpio_input_interrupt.o(.constdata)
    .constdata                               0x00007ec4   Section       96  fsl_clock.o(.constdata)
    mcgModeMatrix                            0x00007ec4   Data          64  fsl_clock.o(.constdata)
    fllFactorTable                           0x00007f04   Data          16  fsl_clock.o(.constdata)
    trimRange                                0x00007f14   Data          16  fsl_clock.o(.constdata)
    .constdata                               0x00007f24   Section       40  fsl_gpio.o(.constdata)
    s_portBases                              0x00007f24   Data          20  fsl_gpio.o(.constdata)
    s_gpioBases                              0x00007f38   Data          20  fsl_gpio.o(.constdata)
    .constdata                               0x00007f4c   Section        8  fsl_pit.o(.constdata)
    s_pitBases                               0x00007f4c   Data           4  fsl_pit.o(.constdata)
    s_pitClocks                              0x00007f50   Data           4  fsl_pit.o(.constdata)
    .constdata                               0x00007f54   Section       56  fsl_uart.o(.constdata)
    s_uartBases                              0x00007f54   Data          24  fsl_uart.o(.constdata)
    s_uartIRQ                                0x00007f6c   Data           6  fsl_uart.o(.constdata)
    s_uartClock                              0x00007f74   Data          24  fsl_uart.o(.constdata)
    .constdata                               0x00007f8c   Section      200  fsl_uart_cmsis.o(.constdata)
    s_uartDriverVersion                      0x00007f8c   Data           4  fsl_uart_cmsis.o(.constdata)
    s_uartDriverCapabilities                 0x00007f90   Data           4  fsl_uart_cmsis.o(.constdata)
    .constdata                               0x00008058   Section       80  asin.o(.constdata)
    pS                                       0x00008058   Data          48  asin.o(.constdata)
    qS                                       0x00008088   Data          32  asin.o(.constdata)
    .constdata                               0x000080a8   Section      152  atan.o(.constdata)
    atanhi                                   0x000080a8   Data          32  atan.o(.constdata)
    atanlo                                   0x000080c8   Data          32  atan.o(.constdata)
    aTodd                                    0x000080e8   Data          40  atan.o(.constdata)
    aTeven                                   0x00008110   Data          48  atan.o(.constdata)
    .constdata                               0x00008140   Section        8  qnan.o(.constdata)
    .constdata                               0x00008148   Section      200  rred.o(.constdata)
    pio2s                                    0x00008148   Data          48  rred.o(.constdata)
    twooverpi                                0x00008178   Data         152  rred.o(.constdata)
    .constdata                               0x00008210   Section       96  tan_i.o(.constdata)
    Todd                                     0x00008210   Data          48  tan_i.o(.constdata)
    Teven                                    0x00008240   Data          48  tan_i.o(.constdata)
    .data                                    0x20000000   Section       12  cmsis_usart_interrupt_transfer.o(.data)
    .data                                    0x2000000c   Section       16  main.o(.data)
    .data                                    0x20000020   Section      160  global.o(.data)
    .data                                    0x200000c0   Section       16  fsl_clock.o(.data)
    s_slowIrcFreq                            0x200000c0   Data           4  fsl_clock.o(.data)
    s_fastIrcFreq                            0x200000c4   Data           4  fsl_clock.o(.data)
    .data                                    0x200000d0   Section        4  fsl_uart.o(.data)
    s_uartIsr                                0x200000d0   Data           4  fsl_uart.o(.data)
    .data                                    0x200000d4   Section        8  fsl_io.o(.data)
    s_debugConsoleIO                         0x200000d4   Data           8  fsl_io.o(.data)
    .data                                    0x200000dc   Section        4  system_mk64f12.o(.data)
    .data                                    0x200000e0   Section        4  errno.o(.data)
    _errno                                   0x200000e0   Data           4  errno.o(.data)
    uart0_non_blocking_driver_state          0x200000e4   Section       16  fsl_uart_cmsis.o(uart0_non_blocking_driver_state)
    uart2_non_blocking_driver_state          0x200000f4   Section       16  fsl_uart_cmsis.o(uart2_non_blocking_driver_state)
    uart4_non_blocking_driver_state          0x20000104   Section       16  fsl_uart_cmsis.o(uart4_non_blocking_driver_state)
    .bss                                     0x20000118   Section     1328  global.o(.bss)
    .bss                                     0x20000648   Section       24  fsl_uart.o(.bss)
    s_uartHandle                             0x20000648   Data          24  fsl_uart.o(.bss)
    .bss                                     0x20000660   Section       64  fsl_edma.o(.bss)
    s_EDMAHandle                             0x20000660   Data          64  fsl_edma.o(.bss)
    .bss                                     0x200006a0   Section      336  fsl_uart_cmsis.o(.bss)
    uart0_rxRingBuffer                       0x200006d0   Data          64  fsl_uart_cmsis.o(.bss)
    uart2_rxRingBuffer                       0x20000740   Data          64  fsl_uart_cmsis.o(.bss)
    uart4_rxRingBuffer                       0x200007b0   Data          64  fsl_uart_cmsis.o(.bss)

    Global Symbols

    Symbol Name                              Value     Ov Type        Size  Object(Section)

    BuildAttributes$$THM_ISAv4$E$P$D$K$B$S$7EM$VFPi3$EXTD16$VFPS$VFMA$PE$A:L22UL41UL21$X:L11$S22US41US21$IEEE1$IW$USESV6$~STKCKD$USESV7$~SHL$OTIME$ROPI$IEEEX$EBA8$MICROLIB$REQ8$PRES8$EABIv2 0x00000000   Number         0  anon$$obj.o ABSOLUTE
    __ARM_use_no_argv                        0x00000000   Number         0  main.o ABSOLUTE
    __Vectors                                0x00000000   Data           4  startup_mk64f12.o(RESET)
    __cpp_initialize__aeabi_                  - Undefined Weak Reference
    __cxa_finalize                            - Undefined Weak Reference
    __decompress                              - Undefined Weak Reference
    _clock_init                               - Undefined Weak Reference
    _microlib_exit                            - Undefined Weak Reference
    __Vectors_End                            0x00000400   Data           0  startup_mk64f12.o(RESET)
    __Vectors_Size                           0x00000400   Number         0  startup_mk64f12.o ABSOLUTE
    __main                                   0x00000411   Thumb Code     0  entry.o(.ARM.Collect$$$$00000000)
    _main_stk                                0x00000411   Thumb Code     0  entry4.o(.ARM.Collect$$$$00000003)
    _main_scatterload                        0x00000415   Thumb Code     0  entry5.o(.ARM.Collect$$$$00000004)
    __main_after_scatterload                 0x00000419   Thumb Code     0  entry5.o(.ARM.Collect$$$$00000004)
    _main_clock                              0x00000419   Thumb Code     0  entry7b.o(.ARM.Collect$$$$00000008)
    _main_cpp_init                           0x00000419   Thumb Code     0  entry8b.o(.ARM.Collect$$$$0000000A)
    _main_init                               0x00000419   Thumb Code     0  entry9a.o(.ARM.Collect$$$$0000000B)
    __rt_final_cpp                           0x00000421   Thumb Code     0  entry10a.o(.ARM.Collect$$$$0000000D)
    __rt_final_exit                          0x00000421   Thumb Code     0  entry11a.o(.ARM.Collect$$$$0000000F)
    delay_cycles                             0x00000425   Thumb Code    12  delay.o(.emb_text)
    Reset_Handler                            0x00000431   Thumb Code    24  startup_mk64f12.o(.text)
    NMI_Handler                              0x00000449   Thumb Code     2  startup_mk64f12.o(.text)
    HardFault_Handler                        0x0000044b   Thumb Code     2  startup_mk64f12.o(.text)
    MemManage_Handler                        0x0000044d   Thumb Code     2  startup_mk64f12.o(.text)
    BusFault_Handler                         0x0000044f   Thumb Code     2  startup_mk64f12.o(.text)
    UsageFault_Handler                       0x00000451   Thumb Code     2  startup_mk64f12.o(.text)
    SVC_Handler                              0x00000453   Thumb Code     2  startup_mk64f12.o(.text)
    DebugMon_Handler                         0x00000455   Thumb Code     2  startup_mk64f12.o(.text)
    PendSV_Handler                           0x00000457   Thumb Code     2  startup_mk64f12.o(.text)
    SysTick_Handler                          0x00000459   Thumb Code     2  startup_mk64f12.o(.text)
    DMA0_IRQHandler                          0x0000045b   Thumb Code     4  startup_mk64f12.o(.text)
    DMA1_IRQHandler                          0x0000045f   Thumb Code     4  startup_mk64f12.o(.text)
    DMA2_IRQHandler                          0x00000463   Thumb Code     4  startup_mk64f12.o(.text)
    DMA3_IRQHandler                          0x00000467   Thumb Code     4  startup_mk64f12.o(.text)
    DMA4_IRQHandler                          0x0000046b   Thumb Code     4  startup_mk64f12.o(.text)
    DMA5_IRQHandler                          0x0000046f   Thumb Code     4  startup_mk64f12.o(.text)
    DMA6_IRQHandler                          0x00000473   Thumb Code     4  startup_mk64f12.o(.text)
    DMA7_IRQHandler                          0x00000477   Thumb Code     4  startup_mk64f12.o(.text)
    DMA8_IRQHandler                          0x0000047b   Thumb Code     4  startup_mk64f12.o(.text)
    DMA9_IRQHandler                          0x0000047f   Thumb Code     4  startup_mk64f12.o(.text)
    DMA10_IRQHandler                         0x00000483   Thumb Code     4  startup_mk64f12.o(.text)
    DMA11_IRQHandler                         0x00000487   Thumb Code     4  startup_mk64f12.o(.text)
    DMA12_IRQHandler                         0x0000048b   Thumb Code     4  startup_mk64f12.o(.text)
    DMA13_IRQHandler                         0x0000048f   Thumb Code     4  startup_mk64f12.o(.text)
    DMA14_IRQHandler                         0x00000493   Thumb Code     4  startup_mk64f12.o(.text)
    DMA15_IRQHandler                         0x00000497   Thumb Code     4  startup_mk64f12.o(.text)
    DMA_Error_IRQHandler                     0x0000049b   Thumb Code     4  startup_mk64f12.o(.text)
    I2C0_IRQHandler                          0x0000049f   Thumb Code     4  startup_mk64f12.o(.text)
    I2C1_IRQHandler                          0x000004a3   Thumb Code     4  startup_mk64f12.o(.text)
    SPI0_IRQHandler                          0x000004a7   Thumb Code     4  startup_mk64f12.o(.text)
    SPI1_IRQHandler                          0x000004ab   Thumb Code     4  startup_mk64f12.o(.text)
    I2S0_Tx_IRQHandler                       0x000004af   Thumb Code     4  startup_mk64f12.o(.text)
    I2S0_Rx_IRQHandler                       0x000004b3   Thumb Code     4  startup_mk64f12.o(.text)
    UART0_LON_IRQHandler                     0x000004b7   Thumb Code     4  startup_mk64f12.o(.text)
    UART0_RX_TX_IRQHandler                   0x000004bb   Thumb Code     4  startup_mk64f12.o(.text)
    UART0_ERR_IRQHandler                     0x000004bf   Thumb Code     4  startup_mk64f12.o(.text)
    UART1_RX_TX_IRQHandler                   0x000004c3   Thumb Code     4  startup_mk64f12.o(.text)
    UART1_ERR_IRQHandler                     0x000004c7   Thumb Code     4  startup_mk64f12.o(.text)
    UART2_RX_TX_IRQHandler                   0x000004cb   Thumb Code     4  startup_mk64f12.o(.text)
    UART2_ERR_IRQHandler                     0x000004cf   Thumb Code     4  startup_mk64f12.o(.text)
    UART3_RX_TX_IRQHandler                   0x000004d3   Thumb Code     4  startup_mk64f12.o(.text)
    UART3_ERR_IRQHandler                     0x000004d7   Thumb Code     4  startup_mk64f12.o(.text)
    SPI2_IRQHandler                          0x000004db   Thumb Code     4  startup_mk64f12.o(.text)
    UART4_RX_TX_IRQHandler                   0x000004df   Thumb Code     4  startup_mk64f12.o(.text)
    UART4_ERR_IRQHandler                     0x000004e3   Thumb Code     4  startup_mk64f12.o(.text)
    UART5_RX_TX_IRQHandler                   0x000004e7   Thumb Code     4  startup_mk64f12.o(.text)
    UART5_ERR_IRQHandler                     0x000004eb   Thumb Code     4  startup_mk64f12.o(.text)
    I2C2_IRQHandler                          0x000004ef   Thumb Code     4  startup_mk64f12.o(.text)
    CAN0_ORed_Message_buffer_IRQHandler      0x000004f3   Thumb Code     4  startup_mk64f12.o(.text)
    CAN0_Bus_Off_IRQHandler                  0x000004f7   Thumb Code     4  startup_mk64f12.o(.text)
    CAN0_Error_IRQHandler                    0x000004fb   Thumb Code     4  startup_mk64f12.o(.text)
    CAN0_Tx_Warning_IRQHandler               0x000004ff   Thumb Code     4  startup_mk64f12.o(.text)
    CAN0_Rx_Warning_IRQHandler               0x00000503   Thumb Code     4  startup_mk64f12.o(.text)
    CAN0_Wake_Up_IRQHandler                  0x00000507   Thumb Code     4  startup_mk64f12.o(.text)
    SDHC_IRQHandler                          0x0000050b   Thumb Code     4  startup_mk64f12.o(.text)
    ENET_1588_Timer_IRQHandler               0x0000050f   Thumb Code     4  startup_mk64f12.o(.text)
    ENET_Transmit_IRQHandler                 0x00000513   Thumb Code     4  startup_mk64f12.o(.text)
    ENET_Receive_IRQHandler                  0x00000517   Thumb Code     4  startup_mk64f12.o(.text)
    ENET_Error_IRQHandler                    0x0000051b   Thumb Code     4  startup_mk64f12.o(.text)
    ADC0_IRQHandler                          0x0000051f   Thumb Code     0  startup_mk64f12.o(.text)
    ADC1_IRQHandler                          0x0000051f   Thumb Code     0  startup_mk64f12.o(.text)
    CAN0_DriverIRQHandler                    0x0000051f   Thumb Code     0  startup_mk64f12.o(.text)
    CMP0_IRQHandler                          0x0000051f   Thumb Code     0  startup_mk64f12.o(.text)
    CMP1_IRQHandler                          0x0000051f   Thumb Code     0  startup_mk64f12.o(.text)
    CMP2_IRQHandler                          0x0000051f   Thumb Code     0  startup_mk64f12.o(.text)
    CMT_IRQHandler                           0x0000051f   Thumb Code     0  startup_mk64f12.o(.text)
    DAC0_IRQHandler                          0x0000051f   Thumb Code     0  startup_mk64f12.o(.text)
    DAC1_IRQHandler                          0x0000051f   Thumb Code     0  startup_mk64f12.o(.text)
    DMA_Error_DriverIRQHandler               0x0000051f   Thumb Code     0  startup_mk64f12.o(.text)
    DefaultISR                               0x0000051f   Thumb Code     0  startup_mk64f12.o(.text)
    ENET_1588_Timer_DriverIRQHandler         0x0000051f   Thumb Code     0  startup_mk64f12.o(.text)
    ENET_Error_DriverIRQHandler              0x0000051f   Thumb Code     0  startup_mk64f12.o(.text)
    ENET_Receive_DriverIRQHandler            0x0000051f   Thumb Code     0  startup_mk64f12.o(.text)
    ENET_Transmit_DriverIRQHandler           0x0000051f   Thumb Code     0  startup_mk64f12.o(.text)
    FTFE_IRQHandler                          0x0000051f   Thumb Code     0  startup_mk64f12.o(.text)
    FTM0_IRQHandler                          0x0000051f   Thumb Code     0  startup_mk64f12.o(.text)
    FTM1_IRQHandler                          0x0000051f   Thumb Code     0  startup_mk64f12.o(.text)
    FTM2_IRQHandler                          0x0000051f   Thumb Code     0  startup_mk64f12.o(.text)
    FTM3_IRQHandler                          0x0000051f   Thumb Code     0  startup_mk64f12.o(.text)
    I2C0_DriverIRQHandler                    0x0000051f   Thumb Code     0  startup_mk64f12.o(.text)
    I2C1_DriverIRQHandler                    0x0000051f   Thumb Code     0  startup_mk64f12.o(.text)
    I2C2_DriverIRQHandler                    0x0000051f   Thumb Code     0  startup_mk64f12.o(.text)
    I2S0_Rx_DriverIRQHandler                 0x0000051f   Thumb Code     0  startup_mk64f12.o(.text)
    I2S0_Tx_DriverIRQHandler                 0x0000051f   Thumb Code     0  startup_mk64f12.o(.text)
    LLWU_IRQHandler                          0x0000051f   Thumb Code     0  startup_mk64f12.o(.text)
    LPTMR0_IRQHandler                        0x0000051f   Thumb Code     0  startup_mk64f12.o(.text)
    LVD_LVW_IRQHandler                       0x0000051f   Thumb Code     0  startup_mk64f12.o(.text)
    MCG_IRQHandler                           0x0000051f   Thumb Code     0  startup_mk64f12.o(.text)
    MCM_IRQHandler                           0x0000051f   Thumb Code     0  startup_mk64f12.o(.text)
    PDB0_IRQHandler                          0x0000051f   Thumb Code     0  startup_mk64f12.o(.text)
    PIT1_IRQHandler                          0x0000051f   Thumb Code     0  startup_mk64f12.o(.text)
    PIT2_IRQHandler                          0x0000051f   Thumb Code     0  startup_mk64f12.o(.text)
    PIT3_IRQHandler                          0x0000051f   Thumb Code     0  startup_mk64f12.o(.text)
    PORTB_IRQHandler                         0x0000051f   Thumb Code     0  startup_mk64f12.o(.text)
    PORTD_IRQHandler                         0x0000051f   Thumb Code     0  startup_mk64f12.o(.text)
    PORTE_IRQHandler                         0x0000051f   Thumb Code     0  startup_mk64f12.o(.text)
    RNG_IRQHandler                           0x0000051f   Thumb Code     0  startup_mk64f12.o(.text)
    RTC_IRQHandler                           0x0000051f   Thumb Code     0  startup_mk64f12.o(.text)
    RTC_Seconds_IRQHandler                   0x0000051f   Thumb Code     0  startup_mk64f12.o(.text)
    Read_Collision_IRQHandler                0x0000051f   Thumb Code     0  startup_mk64f12.o(.text)
    Reserved71_IRQHandler                    0x0000051f   Thumb Code     0  startup_mk64f12.o(.text)
    SDHC_DriverIRQHandler                    0x0000051f   Thumb Code     0  startup_mk64f12.o(.text)
    SPI0_DriverIRQHandler                    0x0000051f   Thumb Code     0  startup_mk64f12.o(.text)
    SPI1_DriverIRQHandler                    0x0000051f   Thumb Code     0  startup_mk64f12.o(.text)
    SPI2_DriverIRQHandler                    0x0000051f   Thumb Code     0  startup_mk64f12.o(.text)
    SWI_IRQHandler                           0x0000051f   Thumb Code     0  startup_mk64f12.o(.text)
    UART0_ERR_DriverIRQHandler               0x0000051f   Thumb Code     0  startup_mk64f12.o(.text)
    UART0_LON_DriverIRQHandler               0x0000051f   Thumb Code     0  startup_mk64f12.o(.text)
    UART1_ERR_DriverIRQHandler               0x0000051f   Thumb Code     0  startup_mk64f12.o(.text)
    UART2_ERR_DriverIRQHandler               0x0000051f   Thumb Code     0  startup_mk64f12.o(.text)
    UART3_ERR_DriverIRQHandler               0x0000051f   Thumb Code     0  startup_mk64f12.o(.text)
    UART4_ERR_DriverIRQHandler               0x0000051f   Thumb Code     0  startup_mk64f12.o(.text)
    UART5_ERR_DriverIRQHandler               0x0000051f   Thumb Code     0  startup_mk64f12.o(.text)
    USB0_IRQHandler                          0x0000051f   Thumb Code     0  startup_mk64f12.o(.text)
    USBDCD_IRQHandler                        0x0000051f   Thumb Code     0  startup_mk64f12.o(.text)
    WDOG_EWM_IRQHandler                      0x0000051f   Thumb Code     0  startup_mk64f12.o(.text)
    __aeabi_uldivmod                         0x000005fd   Thumb Code    98  uldiv.o(.text)
    __aeabi_memset                           0x0000065f   Thumb Code    14  memseta.o(.text)
    __aeabi_memset4                          0x0000065f   Thumb Code     0  memseta.o(.text)
    __aeabi_memset8                          0x0000065f   Thumb Code     0  memseta.o(.text)
    __aeabi_memclr                           0x0000066d   Thumb Code     4  memseta.o(.text)
    __aeabi_memclr4                          0x0000066d   Thumb Code     0  memseta.o(.text)
    __aeabi_memclr8                          0x0000066d   Thumb Code     0  memseta.o(.text)
    _memset$wrapper                          0x00000671   Thumb Code    18  memseta.o(.text)
    strlen                                   0x00000683   Thumb Code    14  strlen.o(.text)
    __aeabi_dadd                             0x00000691   Thumb Code   322  dadd.o(.text)
    __aeabi_dsub                             0x000007d3   Thumb Code     6  dadd.o(.text)
    __aeabi_drsub                            0x000007d9   Thumb Code     6  dadd.o(.text)
    __aeabi_dmul                             0x000007df   Thumb Code   228  dmul.o(.text)
    __aeabi_ddiv                             0x000008c3   Thumb Code   222  ddiv.o(.text)
    __aeabi_i2d                              0x000009a1   Thumb Code    34  dflti.o(.text)
    __aeabi_d2iz                             0x000009c3   Thumb Code    62  dfixi.o(.text)
    __aeabi_cdcmpeq                          0x00000a01   Thumb Code     0  cdcmple.o(.text)
    __aeabi_cdcmple                          0x00000a01   Thumb Code    48  cdcmple.o(.text)
    __aeabi_uidiv                            0x00000a31   Thumb Code     0  uidiv.o(.text)
    __aeabi_uidivmod                         0x00000a31   Thumb Code    44  uidiv.o(.text)
    __aeabi_llsl                             0x00000a5d   Thumb Code    30  llshl.o(.text)
    _ll_shift_l                              0x00000a5d   Thumb Code     0  llshl.o(.text)
    __aeabi_llsr                             0x00000a7b   Thumb Code    32  llushr.o(.text)
    _ll_ushift_r                             0x00000a7b   Thumb Code     0  llushr.o(.text)
    __aeabi_lasr                             0x00000a9b   Thumb Code    36  llsshr.o(.text)
    _ll_sshift_r                             0x00000a9b   Thumb Code     0  llsshr.o(.text)
    __I$use$fp                               0x00000abf   Thumb Code     0  iusefp.o(.text)
    _double_round                            0x00000abf   Thumb Code    30  depilogue.o(.text)
    _double_epilogue                         0x00000add   Thumb Code   156  depilogue.o(.text)
    _dsqrt                                   0x00000b79   Thumb Code   162  dsqrt.o(.text)
    __aeabi_d2ulz                            0x00000c1b   Thumb Code    48  dfixul.o(.text)
    __aeabi_cdrcmple                         0x00000c4d   Thumb Code    48  cdrcmple.o(.text)
    __scatterload                            0x00000c7d   Thumb Code    28  init.o(.text)
    __scatterload_rt2                        0x00000c7d   Thumb Code     0  init.o(.text)
    __aeabi_ui2d                             0x00000ca1   Thumb Code    26  dfltui.o(.text)
    BOARD_BootClockRUN                       0x00000cbd   Thumb Code    78  clock_config.o(i.BOARD_BootClockRUN)
    BOARD_InitPins                           0x00000d29   Thumb Code    96  pin_mux.o(i.BOARD_InitPins)
    CLOCK_BootToPeeMode                      0x00000d99   Thumb Code    68  fsl_clock.o(i.CLOCK_BootToPeeMode)
    CLOCK_EnablePll0                         0x00000e29   Thumb Code    78  fsl_clock.o(i.CLOCK_EnablePll0)
    CLOCK_GetEr32kClkFreq                    0x00000e99   Thumb Code    86  fsl_clock.o(i.CLOCK_GetEr32kClkFreq)
    CLOCK_GetFixedFreqClkFreq                0x00000f1d   Thumb Code    28  fsl_clock.o(i.CLOCK_GetFixedFreqClkFreq)
    CLOCK_GetFllFreq                         0x00000fa9   Thumb Code    66  fsl_clock.o(i.CLOCK_GetFllFreq)
    CLOCK_GetFreq                            0x00001015   Thumb Code   190  fsl_clock.o(i.CLOCK_GetFreq)
    CLOCK_GetInternalRefClkFreq              0x000010dd   Thumb Code    22  fsl_clock.o(i.CLOCK_GetInternalRefClkFreq)
    CLOCK_GetOsc0ErClkFreq                   0x000011b9   Thumb Code    42  fsl_clock.o(i.CLOCK_GetOsc0ErClkFreq)
    CLOCK_GetOutClkFreq                      0x0000122d   Thumb Code    56  fsl_clock.o(i.CLOCK_GetOutClkFreq)
    CLOCK_GetPll0Freq                        0x00001269   Thumb Code    68  fsl_clock.o(i.CLOCK_GetPll0Freq)
    CLOCK_GetPllFllSelClkFreq                0x000012d9   Thumb Code    46  fsl_clock.o(i.CLOCK_GetPllFllSelClkFreq)
    CLOCK_InitOsc0                           0x00001311   Thumb Code    98  fsl_clock.o(i.CLOCK_InitOsc0)
    CLOCK_SetExternalRefClkConfig            0x0000137d   Thumb Code    56  fsl_clock.o(i.CLOCK_SetExternalRefClkConfig)
    CLOCK_SetInternalRefClkConfig            0x000013b9   Thumb Code   148  fsl_clock.o(i.CLOCK_SetInternalRefClkConfig)
    CLOCK_SetPbeMode                         0x00001451   Thumb Code   124  fsl_clock.o(i.CLOCK_SetPbeMode)
    CLOCK_SetSimConfig                       0x000014ed   Thumb Code    38  fsl_clock.o(i.CLOCK_SetSimConfig)
    DMA0_DriverIRQHandler                    0x000015c5   Thumb Code    28  fsl_edma.o(i.DMA0_DriverIRQHandler)
    DMA10_DriverIRQHandler                   0x000015e5   Thumb Code    28  fsl_edma.o(i.DMA10_DriverIRQHandler)
    DMA11_DriverIRQHandler                   0x00001605   Thumb Code    28  fsl_edma.o(i.DMA11_DriverIRQHandler)
    DMA12_DriverIRQHandler                   0x00001625   Thumb Code    28  fsl_edma.o(i.DMA12_DriverIRQHandler)
    DMA13_DriverIRQHandler                   0x00001645   Thumb Code    28  fsl_edma.o(i.DMA13_DriverIRQHandler)
    DMA14_DriverIRQHandler                   0x00001665   Thumb Code    28  fsl_edma.o(i.DMA14_DriverIRQHandler)
    DMA15_DriverIRQHandler                   0x00001685   Thumb Code    28  fsl_edma.o(i.DMA15_DriverIRQHandler)
    DMA1_DriverIRQHandler                    0x000016a5   Thumb Code    28  fsl_edma.o(i.DMA1_DriverIRQHandler)
    DMA2_DriverIRQHandler                    0x000016c5   Thumb Code    28  fsl_edma.o(i.DMA2_DriverIRQHandler)
    DMA3_DriverIRQHandler                    0x000016e5   Thumb Code    28  fsl_edma.o(i.DMA3_DriverIRQHandler)
    DMA4_DriverIRQHandler                    0x00001705   Thumb Code    28  fsl_edma.o(i.DMA4_DriverIRQHandler)
    DMA5_DriverIRQHandler                    0x00001725   Thumb Code    28  fsl_edma.o(i.DMA5_DriverIRQHandler)
    DMA6_DriverIRQHandler                    0x00001745   Thumb Code    28  fsl_edma.o(i.DMA6_DriverIRQHandler)
    DMA7_DriverIRQHandler                    0x00001765   Thumb Code    28  fsl_edma.o(i.DMA7_DriverIRQHandler)
    DMA8_DriverIRQHandler                    0x00001785   Thumb Code    28  fsl_edma.o(i.DMA8_DriverIRQHandler)
    DMA9_DriverIRQHandler                    0x000017a5   Thumb Code    28  fsl_edma.o(i.DMA9_DriverIRQHandler)
    DbgConsole_Printf                        0x000017c5   Thumb Code    60  fsl_debug_console.o(i.DbgConsole_Printf)
    EDMA_HandleIRQ                           0x00001845   Thumb Code   198  fsl_edma.o(i.EDMA_HandleIRQ)
    GPIO_PinInit                             0x000019c9   Thumb Code    82  fsl_gpio.o(i.GPIO_PinInit)
    GPIO_PortClearInterruptFlags             0x00001a39   Thumb Code    30  fsl_gpio.o(i.GPIO_PortClearInterruptFlags)
    IO_Transfer                              0x00001a5d   Thumb Code    72  fsl_io.o(i.IO_Transfer)
    Init_MPU9250                             0x00001aa9   Thumb Code    58  mpu9250.o(i.Init_MPU9250)
    KSDK_UART_NonBlockingCallback            0x00001ae3   Thumb Code    90  fsl_uart_cmsis.o(i.KSDK_UART_NonBlockingCallback)
    LOG_Pop                                  0x00001b3d   Thumb Code    34  fsl_log.o(i.LOG_Pop)
    LOG_Push                                 0x00001b61   Thumb Code    32  fsl_log.o(i.LOG_Push)
    MPU9250_Get_Accelerometer                0x00001ba1   Thumb Code    80  mpu9250.o(i.MPU9250_Get_Accelerometer)
    MPU9250_Get_Gyroscope                    0x00001bf1   Thumb Code    80  mpu9250.o(i.MPU9250_Get_Gyroscope)
    MPU_IIC_Ack                              0x00001c41   Thumb Code    72  mpuiic.o(i.MPU_IIC_Ack)
    MPU_IIC_Delay                            0x00001c91   Thumb Code    10  mpuiic.o(i.MPU_IIC_Delay)
    MPU_IIC_Init                             0x00001c9d   Thumb Code    36  mpuiic.o(i.MPU_IIC_Init)
    MPU_IIC_NAck                             0x00001cc5   Thumb Code    74  mpuiic.o(i.MPU_IIC_NAck)
    MPU_IIC_Read_Byte                        0x00001d19   Thumb Code    96  mpuiic.o(i.MPU_IIC_Read_Byte)
    MPU_IIC_Send_Byte                        0x00001d81   Thumb Code    90  mpuiic.o(i.MPU_IIC_Send_Byte)
    MPU_IIC_Start                            0x00001de5   Thumb Code    72  mpuiic.o(i.MPU_IIC_Start)
    MPU_IIC_Stop                             0x00001e35   Thumb Code    70  mpuiic.o(i.MPU_IIC_Stop)
    MPU_IIC_Wait_Ack                         0x00001e85   Thumb Code    82  mpuiic.o(i.MPU_IIC_Wait_Ack)
    MPU_Read_Len                             0x00001ee1   Thumb Code   116  mpu9250.o(i.MPU_Read_Len)
    PIT0_IRQHandler                          0x00001f55   Thumb Code   112  main.o(i.PIT0_IRQHandler)
    PIT_Init                                 0x00002049   Thumb Code    82  fsl_pit.o(i.PIT_Init)
    PORTA_IRQHandler                         0x000020c1   Thumb Code    34  gpio_input_interrupt.o(i.PORTA_IRQHandler)
    PORTC_IRQHandler                         0x000020ed   Thumb Code    34  gpio_input_interrupt.o(i.PORTC_IRQHandler)
    Single_Write                             0x0000217d   Thumb Code    60  mpu9250.o(i.Single_Write)
    StrFormatPrintf                          0x000021b9   Thumb Code   558  fsl_str.o(i.StrFormatPrintf)
    SystemInit                               0x000023e9   Thumb Code    40  system_mk64f12.o(i.SystemInit)
    SystemInitHook                           0x00002419   Thumb Code     2  system_mk64f12.o(i.SystemInitHook)
    TestMPU9250                              0x0000241d   Thumb Code   166  mpu9250.o(i.TestMPU9250)
    UART0_DeinitPins                         0x000024e1   Thumb Code    24  pin_mux.o(i.UART0_DeinitPins)
    UART0_DriverIRQHandler                   0x000024fd   Thumb Code    32  fsl_uart.o(i.UART0_DriverIRQHandler)
    UART0_GetFreq                            0x00002529   Thumb Code    10  cmsis_usart_interrupt_transfer.o(i.UART0_GetFreq)
    UART0_InitPins                           0x00002535   Thumb Code    42  pin_mux.o(i.UART0_InitPins)
    UART0_RX_TX_DriverIRQHandler             0x000026a1   Thumb Code    24  fsl_uart.o(i.UART0_RX_TX_DriverIRQHandler)
    UART1_DriverIRQHandler                   0x000026b9   Thumb Code    32  fsl_uart.o(i.UART1_DriverIRQHandler)
    UART1_RX_TX_DriverIRQHandler             0x000026e5   Thumb Code    24  fsl_uart.o(i.UART1_RX_TX_DriverIRQHandler)
    UART2_DeinitPins                         0x000026fd   Thumb Code    24  pin_mux.o(i.UART2_DeinitPins)
    UART2_DriverIRQHandler                   0x00002719   Thumb Code    32  fsl_uart.o(i.UART2_DriverIRQHandler)
    UART2_GetFreq                            0x00002745   Thumb Code    10  cmsis_usart_interrupt_transfer.o(i.UART2_GetFreq)
    UART2_InitPins                           0x00002751   Thumb Code    30  pin_mux.o(i.UART2_InitPins)
    UART2_RX_TX_DriverIRQHandler             0x000028ad   Thumb Code    24  fsl_uart.o(i.UART2_RX_TX_DriverIRQHandler)
    UART3_DriverIRQHandler                   0x000028c5   Thumb Code    32  fsl_uart.o(i.UART3_DriverIRQHandler)
    UART3_RX_TX_DriverIRQHandler             0x000028f1   Thumb Code    24  fsl_uart.o(i.UART3_RX_TX_DriverIRQHandler)
    UART4_DeinitPins                         0x00002909   Thumb Code    24  pin_mux.o(i.UART4_DeinitPins)
    UART4_DriverIRQHandler                   0x00002925   Thumb Code    32  fsl_uart.o(i.UART4_DriverIRQHandler)
    UART4_GetFreq                            0x00002951   Thumb Code    10  cmsis_usart_interrupt_transfer.o(i.UART4_GetFreq)
    UART4_InitPins                           0x0000295d   Thumb Code    30  pin_mux.o(i.UART4_InitPins)
    UART4_RX_TX_DriverIRQHandler             0x00002ab9   Thumb Code    24  fsl_uart.o(i.UART4_RX_TX_DriverIRQHandler)
    UART5_DriverIRQHandler                   0x00002ad1   Thumb Code    32  fsl_uart.o(i.UART5_DriverIRQHandler)
    UART5_RX_TX_DriverIRQHandler             0x00002afd   Thumb Code    24  fsl_uart.o(i.UART5_RX_TX_DriverIRQHandler)
    UART_Deinit                              0x00002c15   Thumb Code    60  fsl_uart.o(i.UART_Deinit)
    UART_DisableInterrupts                   0x00002c59   Thumb Code    36  fsl_uart.o(i.UART_DisableInterrupts)
    UART_EnableInterrupts                    0x00002c81   Thumb Code    36  fsl_uart.o(i.UART_EnableInterrupts)
    UART_GetDefaultConfig                    0x00002cd5   Thumb Code    52  fsl_uart.o(i.UART_GetDefaultConfig)
    UART_GetInstance                         0x00002d25   Thumb Code    50  fsl_uart.o(i.UART_GetInstance)
    UART_GetStatusFlags                      0x00002d8d   Thumb Code    24  fsl_uart.o(i.UART_GetStatusFlags)
    UART_Init                                0x00002da5   Thumb Code   464  fsl_uart.o(i.UART_Init)
    UART_ReadBlocking                        0x00003309   Thumb Code   112  fsl_uart.o(i.UART_ReadBlocking)
    UART_TransferAbortReceive                0x000033dd   Thumb Code    66  fsl_uart.o(i.UART_TransferAbortReceive)
    UART_TransferAbortSend                   0x0000343d   Thumb Code    42  fsl_uart.o(i.UART_TransferAbortSend)
    UART_TransferCreateHandle                0x00003485   Thumb Code   118  fsl_uart.o(i.UART_TransferCreateHandle)
    UART_TransferGetReceiveCount             0x00003529   Thumb Code    70  fsl_uart.o(i.UART_TransferGetReceiveCount)
    UART_TransferGetRxRingBufferLength       0x00003595   Thumb Code    48  fsl_uart.o(i.UART_TransferGetRxRingBufferLength)
    UART_TransferGetSendCount                0x000035e1   Thumb Code    62  fsl_uart.o(i.UART_TransferGetSendCount)
    UART_TransferHandleIRQ                   0x00003645   Thumb Code   830  fsl_uart.o(i.UART_TransferHandleIRQ)
    UART_TransferReceiveNonBlocking          0x000039fd   Thumb Code   310  fsl_uart.o(i.UART_TransferReceiveNonBlocking)
    UART_TransferSendNonBlocking             0x00003b75   Thumb Code   126  fsl_uart.o(i.UART_TransferSendNonBlocking)
    UART_TransferStartRingBuffer             0x00003c35   Thumb Code    86  fsl_uart.o(i.UART_TransferStartRingBuffer)
    UART_WriteBlocking                       0x00003cb5   Thumb Code    32  fsl_uart.o(i.UART_WriteBlocking)
    USART0_SignalEvent_t                     0x00003da9   Thumb Code   122  cmsis_usart_interrupt_transfer.o(i.USART0_SignalEvent_t)
    USART2_SignalEvent_t                     0x00003e35   Thumb Code    30  cmsis_usart_interrupt_transfer.o(i.USART2_SignalEvent_t)
    USART4_SignalEvent_t                     0x00003e61   Thumb Code   110  cmsis_usart_interrupt_transfer.o(i.USART4_SignalEvent_t)
    __0vsprintf                              0x00003ee1   Thumb Code    30  printfa.o(i.__0vsprintf)
    __1vsprintf                              0x00003ee1   Thumb Code     0  printfa.o(i.__0vsprintf)
    __2vsprintf                              0x00003ee1   Thumb Code     0  printfa.o(i.__0vsprintf)
    __c89vsprintf                            0x00003ee1   Thumb Code     0  printfa.o(i.__0vsprintf)
    vsprintf                                 0x00003ee1   Thumb Code     0  printfa.o(i.__0vsprintf)
    __ARM_fpclassify                         0x00003f05   Thumb Code    48  fpclassify.o(i.__ARM_fpclassify)
    __aeabi_assert                           0x00003f35   Thumb Code    24  fsl_assert.o(i.__aeabi_assert)
    __hardfp_asin                            0x00003f79   Thumb Code   770  asin.o(i.__hardfp_asin)
    __hardfp_atan                            0x000042d9   Thumb Code   622  atan.o(i.__hardfp_atan)
    __hardfp_atan2                           0x000045b1   Thumb Code   432  atan2.o(i.__hardfp_atan2)
    __hardfp_fabs                            0x000047a1   Thumb Code    20  fabs.o(i.__hardfp_fabs)
    __hardfp_sqrt                            0x000047b5   Thumb Code   122  sqrt.o(i.__hardfp_sqrt)
    __hardfp_tan                             0x00004831   Thumb Code   108  tan.o(i.__hardfp_tan)
    __ieee754_rem_pio2                       0x000048b1   Thumb Code   938  rred.o(i.__ieee754_rem_pio2)
    __kernel_poly                            0x00004ce9   Thumb Code   248  poly.o(i.__kernel_poly)
    __kernel_tan                             0x00004de1   Thumb Code   764  tan_i.o(i.__kernel_tan)
    __mathlib_dbl_infnan                     0x00005131   Thumb Code    20  dunder.o(i.__mathlib_dbl_infnan)
    __mathlib_dbl_infnan2                    0x00005145   Thumb Code    20  dunder.o(i.__mathlib_dbl_infnan2)
    __mathlib_dbl_invalid                    0x00005159   Thumb Code    24  dunder.o(i.__mathlib_dbl_invalid)
    __mathlib_dbl_underflow                  0x00005179   Thumb Code    24  dunder.o(i.__mathlib_dbl_underflow)
    __scatterload_copy                       0x00005199   Thumb Code    14  handlers.o(i.__scatterload_copy)
    __scatterload_null                       0x000051a7   Thumb Code     2  handlers.o(i.__scatterload_null)
    __scatterload_zeroinit                   0x000051a9   Thumb Code    14  handlers.o(i.__scatterload_zeroinit)
    __set_errno                              0x000051b9   Thumb Code     6  errno.o(i.__set_errno)
    acc_judge                                0x00005a81   Thumb Code    84  analysis.o(i.acc_judge)
    acc_judge2                               0x00005af1   Thumb Code    84  analysis.o(i.acc_judge2)
    angel_judge                              0x00005b65   Thumb Code   512  analysis.o(i.angel_judge)
    atan                                     0x00005d7d   Thumb Code    16  atan.o(i.atan)
    delay_us                                 0x00005d8d   Thumb Code    38  delay.o(i.delay_us)
    fabs                                     0x00005db9   Thumb Code    24  fabs.o(i.fabs)
    fall_judge                               0x00005dd1   Thumb Code    24  analysis.o(i.fall_judge)
    gpio_set                                 0x00005ded   Thumb Code    36  gpio.o(i.gpio_set)
    gpio_set_mode                            0x00005e15   Thumb Code   184  gpio.o(i.gpio_set_mode)
    gyo_judge                                0x00005ed5   Thumb Code   248  analysis.o(i.gyo_judge)
    init_LED                                 0x00005fe9   Thumb Code    72  led.o(i.init_LED)
    init_acc_gyo                             0x0000603d   Thumb Code   246  analysis.o(i.init_acc_gyo)
    init_gpio_irq2                           0x00006161   Thumb Code    40  gpio_input_interrupt.o(i.init_gpio_irq2)
    init_gpio_irq3                           0x00006195   Thumb Code    40  gpio_input_interrupt.o(i.init_gpio_irq3)
    main                                     0x000061c9   Thumb Code   330  main.o(i.main)
    pit_init                                 0x00006395   Thumb Code   200  pit.o(i.pit_init)
    set_LED                                  0x00006481   Thumb Code   252  led.o(i.set_LED)
    sqrt                                     0x00006585   Thumb Code   110  sqrt.o(i.sqrt)
    uart0_init                               0x000065f5   Thumb Code    68  cmsis_usart_interrupt_transfer.o(i.uart0_init)
    uart2_Printf                             0x0000664d   Thumb Code   100  cmsis_usart_interrupt_transfer.o(i.uart2_Printf)
    uart2_init                               0x000066b9   Thumb Code    48  cmsis_usart_interrupt_transfer.o(i.uart2_init)
    uart4_Printf                             0x000066f9   Thumb Code   100  cmsis_usart_interrupt_transfer.o(i.uart4_Printf)
    uart4_init                               0x00006765   Thumb Code    68  cmsis_usart_interrupt_transfer.o(i.uart4_init)
    up_angel                                 0x000067bd   Thumb Code  5462  analysis.o(i.up_angel)
    update                                   0x00007d2d   Thumb Code   210  analysis.o(i.update)
    mcgConfig_BOARD_BootClockRUN             0x00007e18   Data          11  clock_config.o(.constdata)
    simConfig_BOARD_BootClockRUN             0x00007e24   Data           8  clock_config.o(.constdata)
    oscConfig_BOARD_BootClockRUN             0x00007e2c   Data           8  clock_config.o(.constdata)
    mcgConfig_BOARD_BootClockVLPR            0x00007e34   Data          11  clock_config.o(.constdata)
    simConfig_BOARD_BootClockVLPR            0x00007e40   Data           8  clock_config.o(.constdata)
    oscConfig_BOARD_BootClockVLPR            0x00007e48   Data           8  clock_config.o(.constdata)
    g_tipString                              0x00007e56   Data         100  cmsis_usart_interrupt_transfer.o(.constdata)
    uart0_Resource                           0x00007f94   Data           8  fsl_uart_cmsis.o(.constdata)
    Driver_USART0                            0x00007f9c   Data          56  fsl_uart_cmsis.o(.constdata)
    uart2_Resource                           0x00007fd4   Data           8  fsl_uart_cmsis.o(.constdata)
    Driver_USART2                            0x00007fdc   Data          56  fsl_uart_cmsis.o(.constdata)
    uart4_Resource                           0x00008014   Data           8  fsl_uart_cmsis.o(.constdata)
    Driver_USART4                            0x0000801c   Data          56  fsl_uart_cmsis.o(.constdata)
    __mathlib_zero                           0x00008140   Data           8  qnan.o(.constdata)
    Region$$Table$$Base                      0x00008270   Number         0  anon$$obj.o(Region$$Table)
    Region$$Table$$Limit                     0x00008290   Number         0  anon$$obj.o(Region$$Table)
    g_txBuffer                               0x20000000   Data           8  cmsis_usart_interrupt_transfer.o(.data)
    rxBufferEmpty                            0x20000008   Data           1  cmsis_usart_interrupt_transfer.o(.data)
    txBufferFull                             0x20000009   Data           1  cmsis_usart_interrupt_transfer.o(.data)
    txOnGoing                                0x2000000a   Data           1  cmsis_usart_interrupt_transfer.o(.data)
    rxOnGoing                                0x2000000b   Data           1  cmsis_usart_interrupt_transfer.o(.data)
    count                                    0x2000000c   Data           4  main.o(.data)
    cr                                       0x20000010   Data           4  main.o(.data)
    zhu                                      0x20000014   Data           4  main.o(.data)
    flag                                     0x20000018   Data           4  main.o(.data)
    gx                                       0x20000020   Data           4  global.o(.data)
    gy                                       0x20000024   Data           4  global.o(.data)
    gz                                       0x20000028   Data           4  global.o(.data)
    ax                                       0x2000002c   Data           4  global.o(.data)
    ay                                       0x20000030   Data           4  global.o(.data)
    az                                       0x20000034   Data           4  global.o(.data)
    g_rxBuffer0                              0x20000038   Data           1  global.o(.data)
    g_rxBuffer2                              0x20000039   Data           1  global.o(.data)
    g_rxBuffer4                              0x2000003a   Data           1  global.o(.data)
    LED_Color                                0x2000003c   Data           2  global.o(.data)
    i                                        0x20000040   Data           4  global.o(.data)
    forsample                                0x20000044   Data           4  global.o(.data)
    q                                        0x20000048   Data          16  global.o(.data)
    Ki                                       0x20000058   Data           4  global.o(.data)
    Kp                                       0x2000005c   Data           4  global.o(.data)
    ring                                     0x20000060   Data           1  global.o(.data)
    acc_percent                              0x20000064   Data           4  global.o(.data)
    angel_percent                            0x20000068   Data           4  global.o(.data)
    gyo_percent                              0x2000006c   Data           4  global.o(.data)
    cos_x                                    0x20000070   Data           8  global.o(.data)
    cos_y                                    0x20000078   Data           8  global.o(.data)
    cos_z                                    0x20000080   Data           8  global.o(.data)
    q0                                       0x20000088   Data           8  global.o(.data)
    q1                                       0x20000090   Data           8  global.o(.data)
    q2                                       0x20000098   Data           8  global.o(.data)
    q3                                       0x200000a0   Data           8  global.o(.data)
    exInt                                    0x200000a8   Data           8  global.o(.data)
    eyInt                                    0x200000b0   Data           8  global.o(.data)
    ezInt                                    0x200000b8   Data           8  global.o(.data)
    g_xtal0Freq                              0x200000c8   Data           4  fsl_clock.o(.data)
    g_xtal32Freq                             0x200000cc   Data           4  fsl_clock.o(.data)
    SystemCoreClock                          0x200000dc   Data           4  system_mk64f12.o(.data)
    uart0_NonBlockingDriverState             0x200000e4   Data          16  fsl_uart_cmsis.o(uart0_non_blocking_driver_state)
    uart2_NonBlockingDriverState             0x200000f4   Data          16  fsl_uart_cmsis.o(uart2_non_blocking_driver_state)
    uart4_NonBlockingDriverState             0x20000104   Data          16  fsl_uart_cmsis.o(uart4_non_blocking_driver_state)
    angel                                    0x20000118   Data          12  global.o(.bss)
    pg                                       0x20000124   Data          12  global.o(.bss)
    sample                                   0x20000130   Data        1200  global.o(.bss)
    all                                      0x200005e0   Data          12  global.o(.bss)
    Result_all                               0x200005ec   Data          16  global.o(.bss)
    v_err_i                                  0x200005fc   Data          12  global.o(.bss)
    dev_gyo                                  0x20000608   Data          12  global.o(.bss)
    wce                                      0x20000618   Data          24  global.o(.bss)
    attitude                                 0x20000630   Data          24  global.o(.bss)
    UART0_Handle                             0x200006a0   Data          48  fsl_uart_cmsis.o(.bss)
    UART2_Handle                             0x20000710   Data          48  fsl_uart_cmsis.o(.bss)
    UART4_Handle                             0x20000780   Data          48  fsl_uart_cmsis.o(.bss)
    Image$$ARM_LIB_HEAP$$ZI$$Base            0x200007f0   Number         0  anon$$obj.o ABSOLUTE
    Image$$ARM_LIB_HEAP$$ZI$$Limit           0x20000bf0   Number         0  anon$$obj.o ABSOLUTE
    Image$$ARM_LIB_STACK$$ZI$$Limit          0x20030000   Number         0  anon$$obj.o ABSOLUTE



==============================================================================

Memory Map of the image

  Image Entry point : 0x00000411

  Load Region LR_m_text (Base: 0x00000000, Size: 0x000083a4, Max: 0x00100000, ABSOLUTE)

    Execution Region VECTOR_ROM (Exec base: 0x00000000, Load base: 0x00000000, Size: 0x00000400, Max: 0x00000400, ABSOLUTE)

    Exec Addr    Load Addr    Size         Type   Attr      Idx    E Section Name        Object

    0x00000000   0x00000000   0x00000400   Data   RO         3321    RESET               startup_mk64f12.o


    Execution Region ER_m_flash_config (Exec base: 0x00000400, Load base: 0x00000400, Size: 0x00000010, Max: 0x00000010, ABSOLUTE, FIXED)

    Exec Addr    Load Addr    Size         Type   Attr      Idx    E Section Name        Object

    0x00000400   0x00000400   0x00000010   Data   RO         3322    FlashConfig         startup_mk64f12.o


    Execution Region ER_m_text (Exec base: 0x00000410, Load base: 0x00000410, Size: 0x00007e80, Max: 0x000ffbf0, ABSOLUTE)

    Exec Addr    Load Addr    Size         Type   Attr      Idx    E Section Name        Object

    0x00000410   0x00000410   0x00000000   Code   RO         3383  * .ARM.Collect$$$$00000000  mc_w.l(entry.o)
    0x00000410   0x00000410   0x00000004   Code   RO         3510    .ARM.Collect$$$$00000003  mc_w.l(entry4.o)
    0x00000414   0x00000414   0x00000004   Code   RO         3513    .ARM.Collect$$$$00000004  mc_w.l(entry5.o)
    0x00000418   0x00000418   0x00000000   Code   RO         3515    .ARM.Collect$$$$00000008  mc_w.l(entry7b.o)
    0x00000418   0x00000418   0x00000000   Code   RO         3517    .ARM.Collect$$$$0000000A  mc_w.l(entry8b.o)
    0x00000418   0x00000418   0x00000008   Code   RO         3518    .ARM.Collect$$$$0000000B  mc_w.l(entry9a.o)
    0x00000420   0x00000420   0x00000000   Code   RO         3520    .ARM.Collect$$$$0000000D  mc_w.l(entry10a.o)
    0x00000420   0x00000420   0x00000000   Code   RO         3522    .ARM.Collect$$$$0000000F  mc_w.l(entry11a.o)
    0x00000420   0x00000420   0x00000004   Code   RO         3511    .ARM.Collect$$$$00002714  mc_w.l(entry4.o)
    0x00000424   0x00000424   0x0000000c   Code   RO          526    .emb_text           delay.o
    0x00000430   0x00000430   0x000001cc   Code   RO         3323    .text               startup_mk64f12.o
    0x000005fc   0x000005fc   0x00000062   Code   RO         3386    .text               mc_w.l(uldiv.o)
    0x0000065e   0x0000065e   0x00000024   Code   RO         3390    .text               mc_w.l(memseta.o)
    0x00000682   0x00000682   0x0000000e   Code   RO         3392    .text               mc_w.l(strlen.o)
    0x00000690   0x00000690   0x0000014e   Code   RO         3452    .text               mf_w.l(dadd.o)
    0x000007de   0x000007de   0x000000e4   Code   RO         3454    .text               mf_w.l(dmul.o)
    0x000008c2   0x000008c2   0x000000de   Code   RO         3456    .text               mf_w.l(ddiv.o)
    0x000009a0   0x000009a0   0x00000022   Code   RO         3460    .text               mf_w.l(dflti.o)
    0x000009c2   0x000009c2   0x0000003e   Code   RO         3462    .text               mf_w.l(dfixi.o)
    0x00000a00   0x00000a00   0x00000030   Code   RO         3464    .text               mf_w.l(cdcmple.o)
    0x00000a30   0x00000a30   0x0000002c   Code   RO         3524    .text               mc_w.l(uidiv.o)
    0x00000a5c   0x00000a5c   0x0000001e   Code   RO         3526    .text               mc_w.l(llshl.o)
    0x00000a7a   0x00000a7a   0x00000020   Code   RO         3528    .text               mc_w.l(llushr.o)
    0x00000a9a   0x00000a9a   0x00000024   Code   RO         3530    .text               mc_w.l(llsshr.o)
    0x00000abe   0x00000abe   0x00000000   Code   RO         3541    .text               mc_w.l(iusefp.o)
    0x00000abe   0x00000abe   0x000000ba   Code   RO         3542    .text               mf_w.l(depilogue.o)
    0x00000b78   0x00000b78   0x000000a2   Code   RO         3544    .text               mf_w.l(dsqrt.o)
    0x00000c1a   0x00000c1a   0x00000030   Code   RO         3546    .text               mf_w.l(dfixul.o)
    0x00000c4a   0x00000c4a   0x00000002   PAD
    0x00000c4c   0x00000c4c   0x00000030   Code   RO         3548    .text               mf_w.l(cdrcmple.o)
    0x00000c7c   0x00000c7c   0x00000024   Code   RO         3550    .text               mc_w.l(init.o)
    0x00000ca0   0x00000ca0   0x0000001a   Code   RO         3552    .text               mf_w.l(dfltui.o)
    0x00000cba   0x00000cba   0x00000002   PAD
    0x00000cbc   0x00000cbc   0x0000006c   Code   RO           94    i.BOARD_BootClockRUN  clock_config.o
    0x00000d28   0x00000d28   0x00000070   Code   RO          142    i.BOARD_InitPins    pin_mux.o
    0x00000d98   0x00000d98   0x00000064   Code   RO          957    i.CLOCK_BootToPeeMode  fsl_clock.o
    0x00000dfc   0x00000dfc   0x00000014   Code   RO           96    i.CLOCK_CONFIG_SetFllExtRefDiv  clock_config.o
    0x00000e10   0x00000e10   0x00000018   Code   RO          143    i.CLOCK_EnableClock  pin_mux.o
    0x00000e28   0x00000e28   0x00000070   Code   RO          961    i.CLOCK_EnablePll0  fsl_clock.o
    0x00000e98   0x00000e98   0x00000084   Code   RO          967    i.CLOCK_GetEr32kClkFreq  fsl_clock.o
    0x00000f1c   0x00000f1c   0x0000001c   Code   RO          968    i.CLOCK_GetFixedFreqClkFreq  fsl_clock.o
    0x00000f38   0x00000f38   0x00000070   Code   RO          971    i.CLOCK_GetFllExtRefClkFreq  fsl_clock.o
    0x00000fa8   0x00000fa8   0x0000004c   Code   RO          972    i.CLOCK_GetFllFreq  fsl_clock.o
    0x00000ff4   0x00000ff4   0x00000020   Code   RO          973    i.CLOCK_GetFllRefClkFreq  fsl_clock.o
    0x00001014   0x00001014   0x000000c8   Code   RO          974    i.CLOCK_GetFreq     fsl_clock.o
    0x000010dc   0x000010dc   0x0000001c   Code   RO          975    i.CLOCK_GetInternalRefClkFreq  fsl_clock.o
    0x000010f8   0x000010f8   0x0000002c   Code   RO          976    i.CLOCK_GetInternalRefClkSelectFreq  fsl_clock.o
    0x00001124   0x00001124   0x00000094   Code   RO          977    i.CLOCK_GetMcgExtClkFreq  fsl_clock.o
    0x000011b8   0x000011b8   0x00000054   Code   RO          979    i.CLOCK_GetOsc0ErClkFreq  fsl_clock.o
    0x0000120c   0x0000120c   0x00000020   Code   RO          980    i.CLOCK_GetOscRangeFromFreq  fsl_clock.o
    0x0000122c   0x0000122c   0x0000003c   Code   RO          981    i.CLOCK_GetOutClkFreq  fsl_clock.o
    0x00001268   0x00001268   0x00000068   Code   RO          983    i.CLOCK_GetPll0Freq  fsl_clock.o
    0x000012d0   0x000012d0   0x00000008   Code   RO          984    i.CLOCK_GetPll0RefFreq  fsl_clock.o
    0x000012d8   0x000012d8   0x00000038   Code   RO          985    i.CLOCK_GetPllFllSelClkFreq  fsl_clock.o
    0x00001310   0x00001310   0x0000006c   Code   RO          987    i.CLOCK_InitOsc0    fsl_clock.o
    0x0000137c   0x0000137c   0x0000003c   Code   RO          991    i.CLOCK_SetExternalRefClkConfig  fsl_clock.o
    0x000013b8   0x000013b8   0x00000098   Code   RO          996    i.CLOCK_SetInternalRefClkConfig  fsl_clock.o
    0x00001450   0x00001450   0x0000009c   Code   RO          999    i.CLOCK_SetPbeMode  fsl_clock.o
    0x000014ec   0x000014ec   0x00000030   Code   RO         1003    i.CLOCK_SetSimConfig  fsl_clock.o
    0x0000151c   0x0000151c   0x000000a8   Code   RO         3220    i.ConvertRadixNumToString  fsl_str.o
    0x000015c4   0x000015c4   0x00000020   Code   RO         2247    i.DMA0_DriverIRQHandler  fsl_edma.o
    0x000015e4   0x000015e4   0x00000020   Code   RO         2248    i.DMA10_DriverIRQHandler  fsl_edma.o
    0x00001604   0x00001604   0x00000020   Code   RO         2249    i.DMA11_DriverIRQHandler  fsl_edma.o
    0x00001624   0x00001624   0x00000020   Code   RO         2250    i.DMA12_DriverIRQHandler  fsl_edma.o
    0x00001644   0x00001644   0x00000020   Code   RO         2251    i.DMA13_DriverIRQHandler  fsl_edma.o
    0x00001664   0x00001664   0x00000020   Code   RO         2252    i.DMA14_DriverIRQHandler  fsl_edma.o
    0x00001684   0x00001684   0x00000020   Code   RO         2253    i.DMA15_DriverIRQHandler  fsl_edma.o
    0x000016a4   0x000016a4   0x00000020   Code   RO         2254    i.DMA1_DriverIRQHandler  fsl_edma.o
    0x000016c4   0x000016c4   0x00000020   Code   RO         2255    i.DMA2_DriverIRQHandler  fsl_edma.o
    0x000016e4   0x000016e4   0x00000020   Code   RO         2256    i.DMA3_DriverIRQHandler  fsl_edma.o
    0x00001704   0x00001704   0x00000020   Code   RO         2257    i.DMA4_DriverIRQHandler  fsl_edma.o
    0x00001724   0x00001724   0x00000020   Code   RO         2258    i.DMA5_DriverIRQHandler  fsl_edma.o
    0x00001744   0x00001744   0x00000020   Code   RO         2259    i.DMA6_DriverIRQHandler  fsl_edma.o
    0x00001764   0x00001764   0x00000020   Code   RO         2260    i.DMA7_DriverIRQHandler  fsl_edma.o
    0x00001784   0x00001784   0x00000020   Code   RO         2261    i.DMA8_DriverIRQHandler  fsl_edma.o
    0x000017a4   0x000017a4   0x00000020   Code   RO         2262    i.DMA9_DriverIRQHandler  fsl_edma.o
    0x000017c4   0x000017c4   0x00000040   Code   RO         3010    i.DbgConsole_Printf  fsl_debug_console.o
    0x00001804   0x00001804   0x0000003e   Code   RO         3012    i.DbgConsole_RelocateLog  fsl_debug_console.o
    0x00001842   0x00001842   0x00000002   PAD
    0x00001844   0x00001844   0x000000ec   Code   RO         2274    i.EDMA_HandleIRQ    fsl_edma.o
    0x00001930   0x00001930   0x0000002c   Code   RO          394    i.EnableIRQ         gpio_input_interrupt.o
    0x0000195c   0x0000195c   0x0000006c   Code   RO         1735    i.GPIO_GetInstance  fsl_gpio.o
    0x000019c8   0x000019c8   0x00000070   Code   RO         1736    i.GPIO_PinInit      fsl_gpio.o
    0x00001a38   0x00001a38   0x00000024   Code   RO         1737    i.GPIO_PortClearInterruptFlags  fsl_gpio.o
    0x00001a5c   0x00001a5c   0x0000004c   Code   RO         3107    i.IO_Transfer       fsl_io.o
    0x00001aa8   0x00001aa8   0x0000003a   Code   RO          711    i.Init_MPU9250      mpu9250.o
    0x00001ae2   0x00001ae2   0x0000005a   Code   RO         2618    i.KSDK_UART_NonBlockingCallback  fsl_uart_cmsis.o
    0x00001b3c   0x00001b3c   0x00000022   Code   RO         3157    i.LOG_Pop           fsl_log.o
    0x00001b5e   0x00001b5e   0x00000002   PAD
    0x00001b60   0x00001b60   0x00000040   Code   RO         3158    i.LOG_Push          fsl_log.o
    0x00001ba0   0x00001ba0   0x00000050   Code   RO          713    i.MPU9250_Get_Accelerometer  mpu9250.o
    0x00001bf0   0x00001bf0   0x00000050   Code   RO          717    i.MPU9250_Get_Gyroscope  mpu9250.o
    0x00001c40   0x00001c40   0x00000050   Code   RO          808    i.MPU_IIC_Ack       mpuiic.o
    0x00001c90   0x00001c90   0x0000000a   Code   RO          809    i.MPU_IIC_Delay     mpuiic.o
    0x00001c9a   0x00001c9a   0x00000002   PAD
    0x00001c9c   0x00001c9c   0x00000028   Code   RO          810    i.MPU_IIC_Init      mpuiic.o
    0x00001cc4   0x00001cc4   0x00000054   Code   RO          811    i.MPU_IIC_NAck      mpuiic.o
    0x00001d18   0x00001d18   0x00000068   Code   RO          812    i.MPU_IIC_Read_Byte  mpuiic.o
    0x00001d80   0x00001d80   0x00000064   Code   RO          813    i.MPU_IIC_Send_Byte  mpuiic.o
    0x00001de4   0x00001de4   0x00000050   Code   RO          814    i.MPU_IIC_Start     mpuiic.o
    0x00001e34   0x00001e34   0x00000050   Code   RO          815    i.MPU_IIC_Stop      mpuiic.o
    0x00001e84   0x00001e84   0x0000005c   Code   RO          816    i.MPU_IIC_Wait_Ack  mpuiic.o
    0x00001ee0   0x00001ee0   0x00000074   Code   RO          718    i.MPU_Read_Len      mpu9250.o
    0x00001f54   0x00001f54   0x00000088   Code   RO          456    i.PIT0_IRQHandler   main.o
    0x00001fdc   0x00001fdc   0x0000006c   Code   RO         1782    i.PIT_GetInstance   fsl_pit.o
    0x00002048   0x00002048   0x00000078   Code   RO         1783    i.PIT_Init          fsl_pit.o
    0x000020c0   0x000020c0   0x0000002c   Code   RO          395    i.PORTA_IRQHandler  gpio_input_interrupt.o
    0x000020ec   0x000020ec   0x0000002c   Code   RO          396    i.PORTC_IRQHandler  gpio_input_interrupt.o
    0x00002118   0x00002118   0x00000048   Code   RO          144    i.PORT_SetPinConfig  pin_mux.o
    0x00002160   0x00002160   0x0000000e   Code   RO          397    i.PORT_SetPinInterruptConfig  gpio_input_interrupt.o
    0x0000216e   0x0000216e   0x0000000e   Code   RO          145    i.PORT_SetPinMux    pin_mux.o
    0x0000217c   0x0000217c   0x0000003c   Code   RO          721    i.Single_Write      mpu9250.o
    0x000021b8   0x000021b8   0x0000022e   Code   RO         3222    i.StrFormatPrintf   fsl_str.o
    0x000023e6   0x000023e6   0x00000002   PAD
    0x000023e8   0x000023e8   0x00000030   Code   RO         3261    i.SystemInit        system_mk64f12.o
    0x00002418   0x00002418   0x00000002   Code   RO         3262    i.SystemInitHook    system_mk64f12.o
    0x0000241a   0x0000241a   0x00000002   PAD
    0x0000241c   0x0000241c   0x000000c4   Code   RO          722    i.TestMPU9250       mpu9250.o
    0x000024e0   0x000024e0   0x0000001c   Code   RO          146    i.UART0_DeinitPins  pin_mux.o
    0x000024fc   0x000024fc   0x0000002c   Code   RO         1940    i.UART0_DriverIRQHandler  fsl_uart.o
    0x00002528   0x00002528   0x0000000a   Code   RO          262    i.UART0_GetFreq     cmsis_usart_interrupt_transfer.o
    0x00002532   0x00002532   0x00000002   PAD
    0x00002534   0x00002534   0x00000038   Code   RO          147    i.UART0_InitPins    pin_mux.o
    0x0000256c   0x0000256c   0x00000054   Code   RO         2619    i.UART0_NonBlockingControl  fsl_uart_cmsis.o
    0x000025c0   0x000025c0   0x00000010   Code   RO         2620    i.UART0_NonBlockingGetRxCount  fsl_uart_cmsis.o
    0x000025d0   0x000025d0   0x00000010   Code   RO         2621    i.UART0_NonBlockingGetStatus  fsl_uart_cmsis.o
    0x000025e0   0x000025e0   0x00000010   Code   RO         2622    i.UART0_NonBlockingGetTxCount  fsl_uart_cmsis.o
    0x000025f0   0x000025f0   0x00000018   Code   RO         2623    i.UART0_NonBlockingInitialize  fsl_uart_cmsis.o
    0x00002608   0x00002608   0x00000038   Code   RO         2624    i.UART0_NonBlockingPowerControl  fsl_uart_cmsis.o
    0x00002640   0x00002640   0x00000018   Code   RO         2625    i.UART0_NonBlockingReceive  fsl_uart_cmsis.o
    0x00002658   0x00002658   0x00000018   Code   RO         2626    i.UART0_NonBlockingSend  fsl_uart_cmsis.o
    0x00002670   0x00002670   0x0000001c   Code   RO         2627    i.UART0_NonBlockingTransfer  fsl_uart_cmsis.o
    0x0000268c   0x0000268c   0x00000014   Code   RO         2628    i.UART0_NonBlockingUninitialize  fsl_uart_cmsis.o
    0x000026a0   0x000026a0   0x00000018   Code   RO         1941    i.UART0_RX_TX_DriverIRQHandler  fsl_uart.o
    0x000026b8   0x000026b8   0x0000002c   Code   RO         1942    i.UART1_DriverIRQHandler  fsl_uart.o
    0x000026e4   0x000026e4   0x00000018   Code   RO         1943    i.UART1_RX_TX_DriverIRQHandler  fsl_uart.o
    0x000026fc   0x000026fc   0x0000001c   Code   RO          148    i.UART2_DeinitPins  pin_mux.o
    0x00002718   0x00002718   0x0000002c   Code   RO         1944    i.UART2_DriverIRQHandler  fsl_uart.o
    0x00002744   0x00002744   0x0000000a   Code   RO          263    i.UART2_GetFreq     cmsis_usart_interrupt_transfer.o
    0x0000274e   0x0000274e   0x00000002   PAD
    0x00002750   0x00002750   0x00000028   Code   RO          149    i.UART2_InitPins    pin_mux.o
    0x00002778   0x00002778   0x00000054   Code   RO         2629    i.UART2_NonBlockingControl  fsl_uart_cmsis.o
    0x000027cc   0x000027cc   0x00000010   Code   RO         2630    i.UART2_NonBlockingGetRxCount  fsl_uart_cmsis.o
    0x000027dc   0x000027dc   0x00000010   Code   RO         2631    i.UART2_NonBlockingGetStatus  fsl_uart_cmsis.o
    0x000027ec   0x000027ec   0x00000010   Code   RO         2632    i.UART2_NonBlockingGetTxCount  fsl_uart_cmsis.o
    0x000027fc   0x000027fc   0x00000018   Code   RO         2633    i.UART2_NonBlockingInitialize  fsl_uart_cmsis.o
    0x00002814   0x00002814   0x00000038   Code   RO         2634    i.UART2_NonBlockingPowerControl  fsl_uart_cmsis.o
    0x0000284c   0x0000284c   0x00000018   Code   RO         2635    i.UART2_NonBlockingReceive  fsl_uart_cmsis.o
    0x00002864   0x00002864   0x00000018   Code   RO         2636    i.UART2_NonBlockingSend  fsl_uart_cmsis.o
    0x0000287c   0x0000287c   0x0000001c   Code   RO         2637    i.UART2_NonBlockingTransfer  fsl_uart_cmsis.o
    0x00002898   0x00002898   0x00000014   Code   RO         2638    i.UART2_NonBlockingUninitialize  fsl_uart_cmsis.o
    0x000028ac   0x000028ac   0x00000018   Code   RO         1945    i.UART2_RX_TX_DriverIRQHandler  fsl_uart.o
    0x000028c4   0x000028c4   0x0000002c   Code   RO         1946    i.UART3_DriverIRQHandler  fsl_uart.o
    0x000028f0   0x000028f0   0x00000018   Code   RO         1947    i.UART3_RX_TX_DriverIRQHandler  fsl_uart.o
    0x00002908   0x00002908   0x0000001c   Code   RO          150    i.UART4_DeinitPins  pin_mux.o
    0x00002924   0x00002924   0x0000002c   Code   RO         1948    i.UART4_DriverIRQHandler  fsl_uart.o
    0x00002950   0x00002950   0x0000000a   Code   RO          264    i.UART4_GetFreq     cmsis_usart_interrupt_transfer.o
    0x0000295a   0x0000295a   0x00000002   PAD
    0x0000295c   0x0000295c   0x00000028   Code   RO          151    i.UART4_InitPins    pin_mux.o
    0x00002984   0x00002984   0x00000054   Code   RO         2639    i.UART4_NonBlockingControl  fsl_uart_cmsis.o
    0x000029d8   0x000029d8   0x00000010   Code   RO         2640    i.UART4_NonBlockingGetRxCount  fsl_uart_cmsis.o
    0x000029e8   0x000029e8   0x00000010   Code   RO         2641    i.UART4_NonBlockingGetStatus  fsl_uart_cmsis.o
    0x000029f8   0x000029f8   0x00000010   Code   RO         2642    i.UART4_NonBlockingGetTxCount  fsl_uart_cmsis.o
    0x00002a08   0x00002a08   0x00000018   Code   RO         2643    i.UART4_NonBlockingInitialize  fsl_uart_cmsis.o
    0x00002a20   0x00002a20   0x00000038   Code   RO         2644    i.UART4_NonBlockingPowerControl  fsl_uart_cmsis.o
    0x00002a58   0x00002a58   0x00000018   Code   RO         2645    i.UART4_NonBlockingReceive  fsl_uart_cmsis.o
    0x00002a70   0x00002a70   0x00000018   Code   RO         2646    i.UART4_NonBlockingSend  fsl_uart_cmsis.o
    0x00002a88   0x00002a88   0x0000001c   Code   RO         2647    i.UART4_NonBlockingTransfer  fsl_uart_cmsis.o
    0x00002aa4   0x00002aa4   0x00000014   Code   RO         2648    i.UART4_NonBlockingUninitialize  fsl_uart_cmsis.o
    0x00002ab8   0x00002ab8   0x00000018   Code   RO         1949    i.UART4_RX_TX_DriverIRQHandler  fsl_uart.o
    0x00002ad0   0x00002ad0   0x0000002c   Code   RO         1950    i.UART5_DriverIRQHandler  fsl_uart.o
    0x00002afc   0x00002afc   0x00000018   Code   RO         1951    i.UART5_RX_TX_DriverIRQHandler  fsl_uart.o
    0x00002b14   0x00002b14   0x00000100   Code   RO         2649    i.UART_CommonControl  fsl_uart_cmsis.o
    0x00002c14   0x00002c14   0x00000044   Code   RO         1953    i.UART_Deinit       fsl_uart.o
    0x00002c58   0x00002c58   0x00000028   Code   RO         1954    i.UART_DisableInterrupts  fsl_uart.o
    0x00002c80   0x00002c80   0x00000028   Code   RO         1955    i.UART_EnableInterrupts  fsl_uart.o
    0x00002ca8   0x00002ca8   0x00000016   Code   RO         2650    i.UART_EnableRx     fsl_uart_cmsis.o
    0x00002cbe   0x00002cbe   0x00000016   Code   RO         2651    i.UART_EnableTx     fsl_uart_cmsis.o
    0x00002cd4   0x00002cd4   0x00000050   Code   RO         1956    i.UART_GetDefaultConfig  fsl_uart.o
    0x00002d24   0x00002d24   0x00000068   Code   RO         1958    i.UART_GetInstance  fsl_uart.o
    0x00002d8c   0x00002d8c   0x00000018   Code   RO         1959    i.UART_GetStatusFlags  fsl_uart.o
    0x00002da4   0x00002da4   0x000002a0   Code   RO         1960    i.UART_Init         fsl_uart.o
    0x00003044   0x00003044   0x0000005e   Code   RO         2652    i.UART_NonBlockingControl  fsl_uart_cmsis.o
    0x000030a2   0x000030a2   0x0000001e   Code   RO         2653    i.UART_NonBlockingGetRxCount  fsl_uart_cmsis.o
    0x000030c0   0x000030c0   0x000000d4   Code   RO         2654    i.UART_NonBlockingGetStatus  fsl_uart_cmsis.o
    0x00003194   0x00003194   0x0000001e   Code   RO         2655    i.UART_NonBlockingGetTxCount  fsl_uart_cmsis.o
    0x000031b2   0x000031b2   0x00000014   Code   RO         2656    i.UART_NonBlockingInitialize  fsl_uart_cmsis.o
    0x000031c6   0x000031c6   0x00000002   PAD
    0x000031c8   0x000031c8   0x00000090   Code   RO         2657    i.UART_NonBlockingPowerControl  fsl_uart_cmsis.o
    0x00003258   0x00003258   0x00000050   Code   RO         2658    i.UART_NonBlockingReceive  fsl_uart_cmsis.o
    0x000032a8   0x000032a8   0x0000004e   Code   RO         2659    i.UART_NonBlockingSend  fsl_uart_cmsis.o
    0x000032f6   0x000032f6   0x0000000a   Code   RO         2660    i.UART_NonBlockingTransfer  fsl_uart_cmsis.o
    0x00003300   0x00003300   0x00000008   Code   RO         2661    i.UART_NonBlockingUninitialize  fsl_uart_cmsis.o
    0x00003308   0x00003308   0x0000008c   Code   RO         1961    i.UART_ReadBlocking  fsl_uart.o
    0x00003394   0x00003394   0x00000048   Code   RO         1962    i.UART_ReadNonBlocking  fsl_uart.o
    0x000033dc   0x000033dc   0x00000060   Code   RO         1964    i.UART_TransferAbortReceive  fsl_uart.o
    0x0000343c   0x0000343c   0x00000048   Code   RO         1965    i.UART_TransferAbortSend  fsl_uart.o
    0x00003484   0x00003484   0x000000a4   Code   RO         1966    i.UART_TransferCreateHandle  fsl_uart.o
    0x00003528   0x00003528   0x0000006c   Code   RO         1967    i.UART_TransferGetReceiveCount  fsl_uart.o
    0x00003594   0x00003594   0x0000004c   Code   RO         1968    i.UART_TransferGetRxRingBufferLength  fsl_uart.o
    0x000035e0   0x000035e0   0x00000064   Code   RO         1969    i.UART_TransferGetSendCount  fsl_uart.o
    0x00003644   0x00003644   0x00000370   Code   RO         1971    i.UART_TransferHandleIRQ  fsl_uart.o
    0x000039b4   0x000039b4   0x00000048   Code   RO         1972    i.UART_TransferIsRxRingBufferFull  fsl_uart.o
    0x000039fc   0x000039fc   0x00000178   Code   RO         1973    i.UART_TransferReceiveNonBlocking  fsl_uart.o
    0x00003b74   0x00003b74   0x000000c0   Code   RO         1974    i.UART_TransferSendNonBlocking  fsl_uart.o
    0x00003c34   0x00003c34   0x00000080   Code   RO         1975    i.UART_TransferStartRingBuffer  fsl_uart.o
    0x00003cb4   0x00003cb4   0x00000020   Code   RO         1977    i.UART_WriteBlocking  fsl_uart.o
    0x00003cd4   0x00003cd4   0x00000048   Code   RO         1978    i.UART_WriteNonBlocking  fsl_uart.o
    0x00003d1c   0x00003d1c   0x0000000c   Code   RO         2662    i.UARTx_GetCapabilities  fsl_uart_cmsis.o
    0x00003d28   0x00003d28   0x00000068   Code   RO         2663    i.UARTx_GetModemStatus  fsl_uart_cmsis.o
    0x00003d90   0x00003d90   0x00000010   Code   RO         2664    i.UARTx_GetVersion  fsl_uart_cmsis.o
    0x00003da0   0x00003da0   0x00000008   Code   RO         2665    i.UARTx_SetModemControl  fsl_uart_cmsis.o
    0x00003da8   0x00003da8   0x0000008c   Code   RO          265    i.USART0_SignalEvent_t  cmsis_usart_interrupt_transfer.o
    0x00003e34   0x00003e34   0x0000002c   Code   RO          266    i.USART2_SignalEvent_t  cmsis_usart_interrupt_transfer.o
    0x00003e60   0x00003e60   0x00000080   Code   RO          267    i.USART4_SignalEvent_t  cmsis_usart_interrupt_transfer.o
    0x00003ee0   0x00003ee0   0x00000024   Code   RO         3403    i.__0vsprintf       mc_w.l(printfa.o)
    0x00003f04   0x00003f04   0x00000030   Code   RO         3494    i.__ARM_fpclassify  m_wm.l(fpclassify.o)
    0x00003f34   0x00003f34   0x00000044   Code   RO         2979    i.__aeabi_assert    fsl_assert.o
    0x00003f78   0x00003f78   0x00000360   Code   RO         3327    i.__hardfp_asin     m_wm.l(asin.o)
    0x000042d8   0x000042d8   0x000002d8   Code   RO         3466    i.__hardfp_atan     m_wm.l(atan.o)
    0x000045b0   0x000045b0   0x000001f0   Code   RO         3341    i.__hardfp_atan2    m_wm.l(atan2.o)
    0x000047a0   0x000047a0   0x00000014   Code   RO         3353    i.__hardfp_fabs     m_wm.l(fabs.o)
    0x000047b4   0x000047b4   0x0000007a   Code   RO         3359    i.__hardfp_sqrt     m_wm.l(sqrt.o)
    0x0000482e   0x0000482e   0x00000002   PAD
    0x00004830   0x00004830   0x00000080   Code   RO         3371    i.__hardfp_tan      m_wm.l(tan.o)
    0x000048b0   0x000048b0   0x00000438   Code   RO         3499    i.__ieee754_rem_pio2  m_wm.l(rred.o)
    0x00004ce8   0x00004ce8   0x000000f8   Code   RO         3496    i.__kernel_poly     m_wm.l(poly.o)
    0x00004de0   0x00004de0   0x00000350   Code   RO         3504    i.__kernel_tan      m_wm.l(tan_i.o)
    0x00005130   0x00005130   0x00000014   Code   RO         3481    i.__mathlib_dbl_infnan  m_wm.l(dunder.o)
    0x00005144   0x00005144   0x00000014   Code   RO         3482    i.__mathlib_dbl_infnan2  m_wm.l(dunder.o)
    0x00005158   0x00005158   0x00000020   Code   RO         3483    i.__mathlib_dbl_invalid  m_wm.l(dunder.o)
    0x00005178   0x00005178   0x00000020   Code   RO         3486    i.__mathlib_dbl_underflow  m_wm.l(dunder.o)
    0x00005198   0x00005198   0x0000000e   Code   RO         3556    i.__scatterload_copy  mc_w.l(handlers.o)
    0x000051a6   0x000051a6   0x00000002   Code   RO         3557    i.__scatterload_null  mc_w.l(handlers.o)
    0x000051a8   0x000051a8   0x0000000e   Code   RO         3558    i.__scatterload_zeroinit  mc_w.l(handlers.o)
    0x000051b6   0x000051b6   0x00000002   PAD
    0x000051b8   0x000051b8   0x0000000c   Code   RO         3536    i.__set_errno       mc_w.l(errno.o)
    0x000051c4   0x000051c4   0x00000184   Code   RO         3404    i._fp_digits        mc_w.l(printfa.o)
    0x00005348   0x00005348   0x000006dc   Code   RO         3405    i._printf_core      mc_w.l(printfa.o)
    0x00005a24   0x00005a24   0x00000024   Code   RO         3406    i._printf_post_padding  mc_w.l(printfa.o)
    0x00005a48   0x00005a48   0x0000002e   Code   RO         3407    i._printf_pre_padding  mc_w.l(printfa.o)
    0x00005a76   0x00005a76   0x0000000a   Code   RO         3409    i._sputc            mc_w.l(printfa.o)
    0x00005a80   0x00005a80   0x00000070   Code   RO          880    i.acc_judge         analysis.o
    0x00005af0   0x00005af0   0x00000074   Code   RO          881    i.acc_judge2        analysis.o
    0x00005b64   0x00005b64   0x00000218   Code   RO          882    i.angel_judge       analysis.o
    0x00005d7c   0x00005d7c   0x00000010   Code   RO         3468    i.atan              m_wm.l(atan.o)
    0x00005d8c   0x00005d8c   0x0000002c   Code   RO          528    i.delay_us          delay.o
    0x00005db8   0x00005db8   0x00000018   Code   RO         3355    i.fabs              m_wm.l(fabs.o)
    0x00005dd0   0x00005dd0   0x0000001c   Code   RO          883    i.fall_judge        analysis.o
    0x00005dec   0x00005dec   0x00000028   Code   RO          578    i.gpio_set          gpio.o
    0x00005e14   0x00005e14   0x000000c0   Code   RO          580    i.gpio_set_mode     gpio.o
    0x00005ed4   0x00005ed4   0x00000114   Code   RO          884    i.gyo_judge         analysis.o
    0x00005fe8   0x00005fe8   0x00000054   Code   RO          678    i.init_LED          led.o
    0x0000603c   0x0000603c   0x00000124   Code   RO          885    i.init_acc_gyo      analysis.o
    0x00006160   0x00006160   0x00000034   Code   RO          398    i.init_gpio_irq2    gpio_input_interrupt.o
    0x00006194   0x00006194   0x00000034   Code   RO          399    i.init_gpio_irq3    gpio_input_interrupt.o
    0x000061c8   0x000061c8   0x000001cc   Code   RO          457    i.main              main.o
    0x00006394   0x00006394   0x000000ec   Code   RO          228    i.pit_init          pit.o
    0x00006480   0x00006480   0x00000104   Code   RO          679    i.set_LED           led.o
    0x00006584   0x00006584   0x0000006e   Code   RO         3361    i.sqrt              m_wm.l(sqrt.o)
    0x000065f2   0x000065f2   0x00000002   PAD
    0x000065f4   0x000065f4   0x00000058   Code   RO          269    i.uart0_init        cmsis_usart_interrupt_transfer.o
    0x0000664c   0x0000664c   0x0000006c   Code   RO          270    i.uart2_Printf      cmsis_usart_interrupt_transfer.o
    0x000066b8   0x000066b8   0x00000040   Code   RO          271    i.uart2_init        cmsis_usart_interrupt_transfer.o
    0x000066f8   0x000066f8   0x0000006c   Code   RO          272    i.uart4_Printf      cmsis_usart_interrupt_transfer.o
    0x00006764   0x00006764   0x00000058   Code   RO          273    i.uart4_init        cmsis_usart_interrupt_transfer.o
    0x000067bc   0x000067bc   0x00001570   Code   RO          886    i.up_angel          analysis.o
    0x00007d2c   0x00007d2c   0x000000ec   Code   RO          887    i.update            analysis.o
    0x00007e18   0x00007e18   0x00000038   Data   RO           97    .constdata          clock_config.o
    0x00007e50   0x00007e50   0x00000006   Data   RO          152    .constdata          pin_mux.o
    0x00007e56   0x00007e56   0x00000064   Data   RO          274    .constdata          cmsis_usart_interrupt_transfer.o
    0x00007eba   0x00007eba   0x00000002   PAD
    0x00007ebc   0x00007ebc   0x00000006   Data   RO          400    .constdata          gpio_input_interrupt.o
    0x00007ec2   0x00007ec2   0x00000002   PAD
    0x00007ec4   0x00007ec4   0x00000060   Data   RO         1005    .constdata          fsl_clock.o
    0x00007f24   0x00007f24   0x00000028   Data   RO         1739    .constdata          fsl_gpio.o
    0x00007f4c   0x00007f4c   0x00000008   Data   RO         1784    .constdata          fsl_pit.o
    0x00007f54   0x00007f54   0x00000038   Data   RO         1980    .constdata          fsl_uart.o
    0x00007f8c   0x00007f8c   0x000000c8   Data   RO         2667    .constdata          fsl_uart_cmsis.o
    0x00008054   0x00008054   0x00000004   PAD
    0x00008058   0x00008058   0x00000050   Data   RO         3330    .constdata          m_wm.l(asin.o)
    0x000080a8   0x000080a8   0x00000098   Data   RO         3469    .constdata          m_wm.l(atan.o)
    0x00008140   0x00008140   0x00000008   Data   RO         3498    .constdata          m_wm.l(qnan.o)
    0x00008148   0x00008148   0x000000c8   Data   RO         3501    .constdata          m_wm.l(rred.o)
    0x00008210   0x00008210   0x00000060   Data   RO         3505    .constdata          m_wm.l(tan_i.o)
    0x00008270   0x00008270   0x00000020   Data   RO         3554    Region$$Table       anon$$obj.o


    Execution Region RW_m_data (Exec base: 0x1fff0000, Load base: 0x00008290, Size: 0x00000000, Max: 0x00010000, ABSOLUTE)

    **** No section assigned to this execution region ****


    Execution Region RW_m_data_2 (Exec base: 0x20000000, Load base: 0x00008290, Size: 0x000007f0, Max: 0x0002f800, ABSOLUTE)

    Exec Addr    Load Addr    Size         Type   Attr      Idx    E Section Name        Object

    0x20000000   0x00008290   0x0000000c   Data   RW          275    .data               cmsis_usart_interrupt_transfer.o
    0x2000000c   0x0000829c   0x00000010   Data   RW          458    .data               main.o
    0x2000001c   0x000082ac   0x00000004   PAD
    0x20000020   0x000082b0   0x000000a0   Data   RW          561    .data               global.o
    0x200000c0   0x00008350   0x00000010   Data   RW         1006    .data               fsl_clock.o
    0x200000d0   0x00008360   0x00000004   Data   RW         1981    .data               fsl_uart.o
    0x200000d4   0x00008364   0x00000008   Data   RW         3109    .data               fsl_io.o
    0x200000dc   0x0000836c   0x00000004   Data   RW         3263    .data               system_mk64f12.o
    0x200000e0   0x00008370   0x00000004   Data   RW         3537    .data               mc_w.l(errno.o)
    0x200000e4   0x00008374   0x00000010   Data   RW         2668    uart0_non_blocking_driver_state  fsl_uart_cmsis.o
    0x200000f4   0x00008384   0x00000010   Data   RW         2669    uart2_non_blocking_driver_state  fsl_uart_cmsis.o
    0x20000104   0x00008394   0x00000010   Data   RW         2670    uart4_non_blocking_driver_state  fsl_uart_cmsis.o
    0x20000114   0x000083a4   0x00000004   PAD
    0x20000118        -       0x00000530   Zero   RW          560    .bss                global.o
    0x20000648        -       0x00000018   Zero   RW         1979    .bss                fsl_uart.o
    0x20000660        -       0x00000040   Zero   RW         2298    .bss                fsl_edma.o
    0x200006a0        -       0x00000150   Zero   RW         2666    .bss                fsl_uart_cmsis.o


    Execution Region ARM_LIB_HEAP (Exec base: 0x200007f0, Load base: 0x000083a4, Size: 0x00000400, Max: 0x00000400, ABSOLUTE)

    Exec Addr    Load Addr    Size         Type   Attr      Idx    E Section Name        Object

    0x200007f0        -       0x00000400   Zero   RW            1    ARM_LIB_HEAP.bss    anon$$obj.o


    Execution Region ARM_LIB_STACK (Exec base: 0x2002fc00, Load base: 0x000083a4, Size: 0x00000400, Max: 0x00000400, ABSOLUTE)

    Exec Addr    Load Addr    Size         Type   Attr      Idx    E Section Name        Object

    0x2002fc00        -       0x00000400   Zero   RW            2    ARM_LIB_STACK.bss   anon$$obj.o


==============================================================================

Image component sizes


      Code (inc. data)   RO Data    RW Data    ZI Data      Debug   Object Name

      7084        442          0          0          0       5827   analysis.o
         0          0          0          0          0     476844   board.o
       128         36         56          0          0       9695   clock_config.o
       798        122        100         12          0      15106   cmsis_usart_interrupt_transfer.o
        56          6          0          0          0        991   delay.o
        68         44          0          0          0        657   fsl_assert.o
      1880        410         96         16          0      29712   fsl_clock.o
       126          4          0          0          0       2392   fsl_debug_console.o
       748        102          0          0         64      14535   fsl_edma.o
       256         96         40          0          0       3898   fsl_gpio.o
        76          4          0          8          0       1718   fsl_io.o
        98         32          0          0          0       1961   fsl_log.o
       228        100          8          0          0      10594   fsl_pit.o
       726          0          0          0          0       2682   fsl_str.o
      4016        926         56          4         24      31415   fsl_uart.o
      2160        202        200         48        336      35227   fsl_uart_cmsis.o
         0          0          0        160       1328       1805   global.o
       232         18          0          0          0       1659   gpio.o
       250         44          6          0          0       9944   gpio_input_interrupt.o
       344         28          0          0          0       1121   led.o
       596        154          0         16          0       5593   main.o
       590         30          0          0          0       4471   mpu9250.o
       670         68          0          0          0       4894   mpuiic.o
       442        102          6          0          0      15124   pin_mux.o
       236         36          0          0          0      34694   pit.o
       460        218       1040          0          0       3232   startup_mk64f12.o
        50          8          0          4          0       1240   system_mk64f12.o

    ----------------------------------------------------------------------
     22336       3232       1648        272       3804     727031   Object Totals
         0          0         32          0       2048          0   (incl. Generated)
        18          0          8          4          4          0   (incl. Padding)

    ----------------------------------------------------------------------

      Code (inc. data)   RO Data    RW Data    ZI Data      Debug   Library Member Name

       864         94         80          0          0        280   asin.o
       744        106        152          0          0        352   atan.o
       496         64          0          0          0        192   atan2.o
       104         16          0          0          0        496   dunder.o
        44          0          0          0          0        248   fabs.o
        48          0          0          0          0        124   fpclassify.o
       248          0          0          0          0        152   poly.o
         0          0          8          0          0          0   qnan.o
      1080        142        200          0          0        188   rred.o
       232          0          0          0          0        296   sqrt.o
       128         20          0          0          0        144   tan.o
       848         84         96          0          0        196   tan_i.o
         0          0          0          0          0          0   entry.o
         0          0          0          0          0          0   entry10a.o
         0          0          0          0          0          0   entry11a.o
         8          4          0          0          0          0   entry4.o
         4          0          0          0          0          0   entry5.o
         0          0          0          0          0          0   entry7b.o
         0          0          0          0          0          0   entry8b.o
         8          4          0          0          0          0   entry9a.o
        12          6          0          4          0         68   errno.o
        30          0          0          0          0          0   handlers.o
        36          8          0          0          0         68   init.o
         0          0          0          0          0          0   iusefp.o
        30          0          0          0          0         68   llshl.o
        36          0          0          0          0         68   llsshr.o
        32          0          0          0          0         68   llushr.o
        36          0          0          0          0        108   memseta.o
      2272         86          0          0          0        516   printfa.o
        14          0          0          0          0         68   strlen.o
        44          0          0          0          0         80   uidiv.o
        98          0          0          0          0         92   uldiv.o
        48          0          0          0          0         68   cdcmple.o
        48          0          0          0          0         68   cdrcmple.o
       334          0          0          0          0        148   dadd.o
       222          0          0          0          0        100   ddiv.o
       186          0          0          0          0        176   depilogue.o
        62          0          0          0          0         80   dfixi.o
        48          0          0          0          0         68   dfixul.o
        34          0          0          0          0         76   dflti.o
        26          0          0          0          0         76   dfltui.o
       228          0          0          0          0         96   dmul.o
       162          0          0          0          0        100   dsqrt.o

    ----------------------------------------------------------------------
      8904        634        536          4          0       4928   Library Totals
        10          0          0          0          0          0   (incl. Padding)

    ----------------------------------------------------------------------

      Code (inc. data)   RO Data    RW Data    ZI Data      Debug   Library Name

      4836        526        536          0          0       2668   m_wm.l
      2660        108          0          4          0       1204   mc_w.l
      1398          0          0          0          0       1056   mf_w.l

    ----------------------------------------------------------------------
      8904        634        536          4          0       4928   Library Totals

    ----------------------------------------------------------------------

==============================================================================


      Code (inc. data)   RO Data    RW Data    ZI Data      Debug   

     31240       3866       2184        276       3804     710119   Grand Totals
     31240       3866       2184        276       3804     710119   ELF Image Totals
     31240       3866       2184        276          0          0   ROM Totals

==============================================================================

    Total RO  Size (Code + RO Data)                33424 (  32.64kB)
    Total RW  Size (RW Data + ZI Data)              4080 (   3.98kB)
    Total ROM Size (Code + RO Data + RW Data)      33700 (  32.91kB)

==============================================================================

